Component: ARM Compiler 5.05 update 1 (build 106) Tool: armlink [4d0efa]

==============================================================================

Section Cross References

    startup_stm32f103xb.o(RESET) refers to startup_stm32f103xb.o(STACK) for __initial_sp
    startup_stm32f103xb.o(RESET) refers to startup_stm32f103xb.o(.text) for Reset_Handler
    startup_stm32f103xb.o(RESET) refers to stm32f1xx_it.o(i.NMI_Handler) for NMI_Handler
    startup_stm32f103xb.o(RESET) refers to stm32f1xx_it.o(i.HardFault_Handler) for HardFault_Handler
    startup_stm32f103xb.o(RESET) refers to stm32f1xx_it.o(i.MemManage_Handler) for MemManage_Handler
    startup_stm32f103xb.o(RESET) refers to stm32f1xx_it.o(i.BusFault_Handler) for BusFault_Handler
    startup_stm32f103xb.o(RESET) refers to stm32f1xx_it.o(i.UsageFault_Handler) for UsageFault_Handler
    startup_stm32f103xb.o(RESET) refers to stm32f1xx_it.o(i.SVC_Handler) for SVC_Handler
    startup_stm32f103xb.o(RESET) refers to stm32f1xx_it.o(i.DebugMon_Handler) for DebugMon_Handler
    startup_stm32f103xb.o(RESET) refers to stm32f1xx_it.o(i.PendSV_Handler) for PendSV_Handler
    startup_stm32f103xb.o(RESET) refers to stm32f1xx_it.o(i.SysTick_Handler) for SysTick_Handler
    startup_stm32f103xb.o(.text) refers to system_stm32f1xx.o(i.SystemInit) for SystemInit
    startup_stm32f103xb.o(.text) refers to entry.o(.ARM.Collect$$$$00000000) for __main
    ssd1306_i2c.o(i.SSD1306_ClearBuffer) refers to memseta.o(.text) for __aeabi_memclr
    ssd1306_i2c.o(i.SSD1306_ClearBuffer) refers to ssd1306_i2c.o(.bss) for .bss
    ssd1306_i2c.o(i.SSD1306_FillBuffer) refers to memseta.o(.text) for __aeabi_memset
    ssd1306_i2c.o(i.SSD1306_FillBuffer) refers to ssd1306_i2c.o(.bss) for .bss
    ssd1306_i2c.o(i.SSD1306_GetBuffer) refers to ssd1306_i2c.o(.bss) for .bss
    ssd1306_i2c.o(i.SSD1306_Init) refers to ssd1306_i2c.o(i.SSD1306_WriteCmd) for SSD1306_WriteCmd
    ssd1306_i2c.o(i.SSD1306_Init) refers to ssd1306_i2c.o(i.SSD1306_ClearBuffer) for SSD1306_ClearBuffer
    ssd1306_i2c.o(i.SSD1306_Init) refers to ssd1306_i2c.o(i.SSD1306_Refresh) for SSD1306_Refresh
    ssd1306_i2c.o(i.SSD1306_Refresh) refers to ssd1306_i2c.o(i.SSD1306_WriteCmd) for SSD1306_WriteCmd
    ssd1306_i2c.o(i.SSD1306_Refresh) refers to ssd1306_i2c.o(i.SSD1306_WriteData) for SSD1306_WriteData
    ssd1306_i2c.o(i.SSD1306_Refresh) refers to ssd1306_i2c.o(.bss) for .bss
    ssd1306_i2c.o(i.SSD1306_SetPixel) refers to ssd1306_i2c.o(.bss) for .bss
    ssd1306_i2c.o(i.SSD1306_WriteCmd) refers to stm32f1xx_hal_i2c.o(i.HAL_I2C_Master_Transmit) for HAL_I2C_Master_Transmit
    ssd1306_i2c.o(i.SSD1306_WriteCmd) refers to i2c.o(.bss) for hi2c1
    ssd1306_i2c.o(i.SSD1306_WriteData) refers to stm32f1xx_hal_i2c.o(i.HAL_I2C_Master_Transmit) for HAL_I2C_Master_Transmit
    ssd1306_i2c.o(i.SSD1306_WriteData) refers to i2c.o(.bss) for hi2c1
    main.o(i.SystemClock_Config) refers to memseta.o(.text) for __aeabi_memclr4
    main.o(i.SystemClock_Config) refers to stm32f1xx_hal_rcc.o(i.HAL_RCC_OscConfig) for HAL_RCC_OscConfig
    main.o(i.SystemClock_Config) refers to stm32f1xx_hal_rcc.o(i.HAL_RCC_ClockConfig) for HAL_RCC_ClockConfig
    main.o(i.SystemClock_Config) refers to stm32f1xx_hal_rcc_ex.o(i.HAL_RCCEx_PeriphCLKConfig) for HAL_RCCEx_PeriphCLKConfig
    main.o(i.fputc) refers to stm32f1xx_hal_uart.o(i.HAL_UART_Transmit) for HAL_UART_Transmit
    main.o(i.fputc) refers to usart.o(.bss) for huart1
    main.o(i.main) refers to stm32f1xx_hal.o(i.HAL_Init) for HAL_Init
    main.o(i.main) refers to main.o(i.SystemClock_Config) for SystemClock_Config
    main.o(i.main) refers to gpio.o(i.MX_GPIO_Init) for MX_GPIO_Init
    main.o(i.main) refers to adc.o(i.MX_ADC1_Init) for MX_ADC1_Init
    main.o(i.main) refers to i2c.o(i.MX_I2C1_Init) for MX_I2C1_Init
    main.o(i.main) refers to spi.o(i.MX_SPI1_Init) for MX_SPI1_Init
    main.o(i.main) refers to tim.o(i.MX_TIM2_Init) for MX_TIM2_Init
    main.o(i.main) refers to usart.o(i.MX_USART1_UART_Init) for MX_USART1_UART_Init
    main.o(i.main) refers to printf8.o(i.__0printf$8) for __2printf
    main.o(i.main) refers to ssd1306_i2c.o(i.SSD1306_Init) for SSD1306_Init
    main.o(i.main) refers to w25q_spi.o(i.W25Q_Init) for W25Q_Init
    main.o(i.main) refers to flash_config.o(i.FlashConfig_Load) for FlashConfig_Load
    main.o(i.main) refers to sensor.o(i.Sensor_Init) for Sensor_Init
    main.o(i.main) refers to buzzer.o(i.Buzzer_Init) for Buzzer_Init
    main.o(i.main) refers to pet_fsm.o(i.PetFSM_Init) for PetFSM_Init
    main.o(i.main) refers to gfx_engine.o(i.GFX_Clear) for GFX_Clear
    main.o(i.main) refers to gfx_engine.o(i.GFX_DrawString) for GFX_DrawString
    main.o(i.main) refers to gfx_engine.o(i.GFX_DrawLine) for GFX_DrawLine
    main.o(i.main) refers to gfx_engine.o(i.GFX_Refresh) for GFX_Refresh
    main.o(i.main) refers to stm32f1xx_hal.o(i.HAL_Delay) for HAL_Delay
    main.o(i.main) refers to buzzer.o(i.Buzzer_Beep) for Buzzer_Beep
[...]
    ..\Drivers\STM32F1xx_HAL_Driver\Src\stm32f1xx_hal_rcc.c 0x00000000   Number         0  stm32f1xx_hal_rcc.o ABSOLUTE
    ..\Drivers\STM32F1xx_HAL_Driver\Src\stm32f1xx_hal_rcc_ex.c 0x00000000   Number         0  stm32f1xx_hal_rcc_ex.o ABSOLUTE
    ..\Drivers\STM32F1xx_HAL_Driver\Src\stm32f1xx_hal_spi.c 0x00000000   Number         0  stm32f1xx_hal_spi.o ABSOLUTE
    ..\Drivers\STM32F1xx_HAL_Driver\Src\stm32f1xx_hal_tim.c 0x00000000   Number         0  stm32f1xx_hal_tim.o ABSOLUTE
    ..\Drivers\STM32F1xx_HAL_Driver\Src\stm32f1xx_hal_tim_ex.c 0x00000000   Number         0  stm32f1xx_hal_tim_ex.o ABSOLUTE
    ..\Drivers\STM32F1xx_HAL_Driver\Src\stm32f1xx_hal_uart.c 0x00000000   Number         0  stm32f1xx_hal_uart.o ABSOLUTE
    ..\\Core\\Src\\buzzer.c                  0x00000000   Number         0  buzzer.o ABSOLUTE
    ..\\Core\\Src\\cat_anim1.c               0x00000000   Number         0  cat_anim1.o ABSOLUTE
    ..\\Core\\Src\\cat_anim2.c               0x00000000   Number         0  cat_anim2.o ABSOLUTE
    ..\\Core\\Src\\cat_fullscreen.c          0x00000000   Number         0  cat_fullscreen.o ABSOLUTE
    ..\\Core\\Src\\cat_hot.c                 0x00000000   Number         0  cat_hot.o ABSOLUTE
    ..\\Core\\Src\\cat_sleep.c               0x00000000   Number         0  cat_sleep.o ABSOLUTE
    ..\\Core\\Src\\flash_config.c            0x00000000   Number         0  flash_config.o ABSOLUTE
    ..\\Core\\Src\\gfx_engine.c              0x00000000   Number         0  gfx_engine.o ABSOLUTE
    ..\\Core\\Src\\pet_fsm.c                 0x00000000   Number         0  pet_fsm.o ABSOLUTE
    ..\\Core\\Src\\sensor.c                  0x00000000   Number         0  sensor.o ABSOLUTE
    ..\\Core\\Src\\w25q_spi.c                0x00000000   Number         0  w25q_spi.o ABSOLUTE
    cdrcmple.s                               0x00000000   Number         0  cdrcmple.o ABSOLUTE
    dc.s                                     0x00000000   Number         0  dc.o ABSOLUTE
    handlers.s                               0x00000000   Number         0  handlers.o ABSOLUTE
    init.s                                   0x00000000   Number         0  init.o ABSOLUTE
    startup_stm32f103xb.s                    0x00000000   Number         0  startup_stm32f103xb.o ABSOLUTE
    RESET                                    0x08000000   Section      236  startup_stm32f103xb.o(RESET)
    .ARM.Collect$$$$00000000                 0x080000ec   Section        0  entry.o(.ARM.Collect$$$$00000000)
    .ARM.Collect$$$$00000001                 0x080000ec   Section        4  entry2.o(.ARM.Collect$$$$00000001)
    .ARM.Collect$$$$00000004                 0x080000f0   Section        4  entry5.o(.ARM.Collect$$$$00000004)
    .ARM.Collect$$$$00000008                 0x080000f4   Section        0  entry7b.o(.ARM.Collect$$$$00000008)
    .ARM.Collect$$$$0000000A                 0x080000f4   Section        0  entry8b.o(.ARM.Collect$$$$0000000A)
    .ARM.Collect$$$$0000000B                 0x080000f4   Section        8  entry9a.o(.ARM.Collect$$$$0000000B)
    .ARM.Collect$$$$0000000D                 0x080000fc   Section        0  entry10a.o(.ARM.Collect$$$$0000000D)
    .ARM.Collect$$$$0000000F                 0x080000fc   Section        0  entry11a.o(.ARM.Collect$$$$0000000F)
    .ARM.Collect$$$$00002712                 0x080000fc   Section        4  entry2.o(.ARM.Collect$$$$00002712)
    __lit__00000000                          0x080000fc   Data           4  entry2.o(.ARM.Collect$$$$00002712)
    .text                                    0x08000100   Section       36  startup_stm32f103xb.o(.text)
    .text                                    0x08000124   Section        0  llushr.o(.text)
    .text                                    0x08000144   Section        0  memcpya.o(.text)
    .text                                    0x08000168   Section        0  memseta.o(.text)
    .text                                    0x0800018c   Section        0  uldiv.o(.text)
    .text                                    0x080001f0   Section       36  init.o(.text)
    .text                                    0x08000214   Section        0  llshl.o(.text)
    i.ADC_ConversionStop_Disable             0x08000234   Section        0  stm32f1xx_hal_adc.o(i.ADC_ConversionStop_Disable)
    i.ADC_Enable                             0x0800028c   Section        0  stm32f1xx_hal_adc.o(i.ADC_Enable)
    i.BusFault_Handler                       0x08000308   Section        0  stm32f1xx_it.o(i.BusFault_Handler)
    i.Buzzer_Beep                            0x0800030c   Section        0  buzzer.o(i.Buzzer_Beep)
    i.Buzzer_Init                            0x08000330   Section        0  buzzer.o(i.Buzzer_Init)
    i.Buzzer_PlayMelody                      0x08000354   Section        0  buzzer.o(i.Buzzer_PlayMelody)
    i.Buzzer_Update                          0x08000390   Section        0  buzzer.o(i.Buzzer_Update)
    i.DebugMon_Handler                       0x080003b8   Section        0  stm32f1xx_it.o(i.DebugMon_Handler)
    i.Error_Handler                          0x080003ba   Section        0  main.o(i.Error_Handler)
    i.FlashConfig_Load                       0x080003c0   Section        0  flash_config.o(i.FlashConfig_Load)
    i.FlashConfig_Reset                      0x08000490   Section        0  flash_config.o(i.FlashConfig_Reset)
    i.FlashConfig_Save                       0x080004f4   Section        0  flash_config.o(i.FlashConfig_Save)
    i.GFX_Clear                              0x080005ac   Section        0  gfx_engine.o(i.GFX_Clear)
    i.GFX_DrawChar                           0x080005b0   Section        0  gfx_engine.o(i.GFX_DrawChar)
    i.GFX_DrawLine                           0x0800060c   Section        0  gfx_engine.o(i.GFX_DrawLine)
    i.GFX_DrawString                         0x08000686   Section        0  gfx_engine.o(i.GFX_DrawString)
    i.GFX_Refresh                            0x080006c2   Section        0  gfx_engine.o(i.GFX_Refresh)
    i.GFX_SetPixel                           0x080006c6   Section        0  gfx_engine.o(i.GFX_SetPixel)
    i.HAL_ADC_ConfigChannel                  0x080006cc   Section        0  stm32f1xx_hal_adc.o(i.HAL_ADC_ConfigChannel)
    i.HAL_ADC_GetValue                       0x080007c8   Section        0  stm32f1xx_hal_adc.o(i.HAL_ADC_GetValue)
    i.HAL_ADC_Init                           0x080007d0   Section        0  stm32f1xx_hal_adc.o(i.HAL_ADC_Init)
    i.HAL_ADC_MspInit                        0x080008ec   Section        0  adc.o(i.HAL_ADC_MspInit)
    i.HAL_ADC_PollForConversion              0x08000944   Section        0  stm32f1xx_hal_adc.o(i.HAL_ADC_PollForConversion)
    i.HAL_ADC_Start                          0x08000a80   Section        0  stm32f1xx_hal_adc.o(i.HAL_ADC_Start)
    i.HAL_ADC_Stop                           0x08000b40   Section        0  stm32f1xx_hal_adc.o(i.HAL_ADC_Stop)
    i.HAL_Delay                              0x08000b74   Section        0  stm32f1xx_hal.o(i.HAL_Delay)
    i.HAL_GPIO_Init                          0x08000b98   Section        0  stm32f1xx_hal_gpio.o(i.HAL_GPIO_Init)
    i.HAL_GPIO_TogglePin                     0x08000d78   Section        0  stm32f1xx_hal_gpio.o(i.HAL_GPIO_TogglePin)
    i.HAL_GPIO_WritePin                      0x08000d88   Section        0  stm32f1xx_hal_gpio.o(i.HAL_GPIO_WritePin)
    i.HAL_GetTick                            0x08000d94   Section        0  stm32f1xx_hal.o(i.HAL_GetTick)
    i.HAL_I2C_Init                           0x08000da0   Section        0  stm32f1xx_hal_i2c.o(i.HAL_I2C_Init)
    i.HAL_I2C_Master_Transmit                0x08000f28   Section        0  stm32f1xx_hal_i2c.o(i.HAL_I2C_Master_Transmit)
    i.HAL_I2C_MspInit                        0x08001054   Section        0  i2c.o(i.HAL_I2C_MspInit)
    i.HAL_IncTick                            0x080010b0   Section        0  stm32f1xx_hal.o(i.HAL_IncTick)
    i.HAL_Init                               0x080010c0   Section        0  stm32f1xx_hal.o(i.HAL_Init)
    i.HAL_InitTick                           0x080010e4   Section        0  stm32f1xx_hal.o(i.HAL_InitTick)
    i.HAL_MspInit                            0x08001124   Section        0  stm32f1xx_hal_msp.o(i.HAL_MspInit)
    i.HAL_NVIC_SetPriority                   0x08001160   Section        0  stm32f1xx_hal_cortex.o(i.HAL_NVIC_SetPriority)
    i.HAL_NVIC_SetPriorityGrouping           0x080011a0   Section        0  stm32f1xx_hal_cortex.o(i.HAL_NVIC_SetPriorityGrouping)
    i.HAL_RCCEx_GetPeriphCLKFreq             0x080011c4   Section        0  stm32f1xx_hal_rcc_ex.o(i.HAL_RCCEx_GetPeriphCLKFreq)
    i.HAL_RCCEx_PeriphCLKConfig              0x08001268   Section        0  stm32f1xx_hal_rcc_ex.o(i.HAL_RCCEx_PeriphCLKConfig)
    i.HAL_RCC_ClockConfig                    0x08001354   Section        0  stm32f1xx_hal_rcc.o(i.HAL_RCC_ClockConfig)
    i.HAL_RCC_GetPCLK1Freq                   0x08001480   Section        0  stm32f1xx_hal_rcc.o(i.HAL_RCC_GetPCLK1Freq)
    i.HAL_RCC_GetPCLK2Freq                   0x080014a0   Section        0  stm32f1xx_hal_rcc.o(i.HAL_RCC_GetPCLK2Freq)
    i.HAL_RCC_GetSysClockFreq                0x080014c0   Section        0  stm32f1xx_hal_rcc.o(i.HAL_RCC_GetSysClockFreq)
    i.HAL_RCC_OscConfig                      0x0800150c   Section        0  stm32f1xx_hal_rcc.o(i.HAL_RCC_OscConfig)
    i.HAL_SPI_Init                           0x0800182c   Section        0  stm32f1xx_hal_spi.o(i.HAL_SPI_Init)
    i.HAL_SPI_MspInit                        0x080018e0   Section        0  spi.o(i.HAL_SPI_MspInit)
    i.HAL_SPI_Transmit                       0x08001950   Section        0  stm32f1xx_hal_spi.o(i.HAL_SPI_Transmit)
    i.HAL_SPI_TransmitReceive                0x08001ab6   Section        0  stm32f1xx_hal_spi.o(i.HAL_SPI_TransmitReceive)
    i.HAL_SYSTICK_Config                     0x08001ca6   Section        0  stm32f1xx_hal_cortex.o(i.HAL_SYSTICK_Config)
    i.HAL_TIMEx_MasterConfigSynchronization  0x08001cd0   Section        0  stm32f1xx_hal_tim_ex.o(i.HAL_TIMEx_MasterConfigSynchronization)
    i.HAL_TIM_Base_Init                      0x08001d38   Section        0  stm32f1xx_hal_tim.o(i.HAL_TIM_Base_Init)
    i.HAL_TIM_Base_MspInit                   0x08001d94   Section        0  tim.o(i.HAL_TIM_Base_MspInit)
    i.HAL_TIM_ConfigClockSource              0x08001db8   Section        0  stm32f1xx_hal_tim.o(i.HAL_TIM_ConfigClockSource)
    i.HAL_TIM_MspPostInit                    0x08001e94   Section        0  tim.o(i.HAL_TIM_MspPostInit)
    i.HAL_TIM_PWM_ConfigChannel              0x08001ef4   Section        0  stm32f1xx_hal_tim.o(i.HAL_TIM_PWM_ConfigChannel)
    i.HAL_TIM_PWM_Init                       0x08001fc0   Section        0  stm32f1xx_hal_tim.o(i.HAL_TIM_PWM_Init)
    i.HAL_TIM_PWM_MspInit                    0x0800201a   Section        0  stm32f1xx_hal_tim.o(i.HAL_TIM_PWM_MspInit)
    i.HAL_UART_Init                          0x0800201c   Section        0  stm32f1xx_hal_uart.o(i.HAL_UART_Init)
    i.HAL_UART_MspInit                       0x08002080   Section        0  usart.o(i.HAL_UART_MspInit)
    i.HAL_UART_Transmit                      0x080020f0   Section        0  stm32f1xx_hal_uart.o(i.HAL_UART_Transmit)
    i.HardFault_Handler                      0x08002190   Section        0  stm32f1xx_it.o(i.HardFault_Handler)
    i.I2C_IsAcknowledgeFailed                0x08002192   Section        0  stm32f1xx_hal_i2c.o(i.I2C_IsAcknowledgeFailed)
    I2C_IsAcknowledgeFailed                  0x08002193   Thumb Code    46  stm32f1xx_hal_i2c.o(i.I2C_IsAcknowledgeFailed)
    i.I2C_MasterRequestWrite                 0x080021c0   Section        0  stm32f1xx_hal_i2c.o(i.I2C_MasterRequestWrite)
    I2C_MasterRequestWrite                   0x080021c1   Thumb Code   150  stm32f1xx_hal_i2c.o(i.I2C_MasterRequestWrite)
    i.I2C_WaitOnBTFFlagUntilTimeout          0x0800225c   Section        0  stm32f1xx_hal_i2c.o(i.I2C_WaitOnBTFFlagUntilTimeout)
    I2C_WaitOnBTFFlagUntilTimeout            0x0800225d   Thumb Code    86  stm32f1xx_hal_i2c.o(i.I2C_WaitOnBTFFlagUntilTimeout)
    i.I2C_WaitOnFlagUntilTimeout             0x080022b4   Section        0  stm32f1xx_hal_i2c.o(i.I2C_WaitOnFlagUntilTimeout)
    I2C_WaitOnFlagUntilTimeout               0x080022b5   Thumb Code   144  stm32f1xx_hal_i2c.o(i.I2C_WaitOnFlagUntilTimeout)
    i.I2C_WaitOnMasterAddressFlagUntilTimeout 0x08002344   Section        0  stm32f1xx_hal_i2c.o(i.I2C_WaitOnMasterAddressFlagUntilTimeout)
    I2C_WaitOnMasterAddressFlagUntilTimeout  0x08002345   Thumb Code   188  stm32f1xx_hal_i2c.o(i.I2C_WaitOnMasterAddressFlagUntilTimeout)
    i.I2C_WaitOnTXEFlagUntilTimeout          0x08002400   Section        0  stm32f1xx_hal_i2c.o(i.I2C_WaitOnTXEFlagUntilTimeout)
    I2C_WaitOnTXEFlagUntilTimeout            0x08002401   Thumb Code    86  stm32f1xx_hal_i2c.o(i.I2C_WaitOnTXEFlagUntilTimeout)
    i.MX_ADC1_Init                           0x08002458   Section        0  adc.o(i.MX_ADC1_Init)
    i.MX_GPIO_Init                           0x080024bc   Section        0  gpio.o(i.MX_GPIO_Init)
    i.MX_I2C1_Init                           0x0800253c   Section        0  i2c.o(i.MX_I2C1_Init)
    i.MX_SPI1_Init                           0x0800257c   Section        0  spi.o(i.MX_SPI1_Init)
    i.MX_TIM2_Init                           0x080025c4   Section        0  tim.o(i.MX_TIM2_Init)
    i.MX_USART1_UART_Init                    0x0800266c   Section        0  usart.o(i.MX_USART1_UART_Init)
    i.MemManage_Handler                      0x080026a4   Section        0  stm32f1xx_it.o(i.MemManage_Handler)
    i.NMI_Handler                            0x080026a6   Section        0  stm32f1xx_it.o(i.NMI_Handler)
    i.PendSV_Handler                         0x080026a8   Section        0  stm32f1xx_it.o(i.PendSV_Handler)
    i.PetFSM_GetAnimSlot                     0x080026ac   Section        0  pet_fsm.o(i.PetFSM_GetAnimSlot)
    i.PetFSM_GetMelody                       0x080026b8   Section        0  pet_fsm.o(i.PetFSM_GetMelody)
    i.PetFSM_GetState                        0x080026c4   Section        0  pet_fsm.o(i.PetFSM_GetState)
    i.PetFSM_Init                            0x080026d0   Section        0  pet_fsm.o(i.PetFSM_Init)
    i.PetFSM_Update                          0x080026e8   Section        0  pet_fsm.o(i.PetFSM_Update)
    i.SPI_EndRxTxTransaction                 0x08002830   Section        0  stm32f1xx_hal_spi.o(i.SPI_EndRxTxTransaction)
    SPI_EndRxTxTransaction                   0x08002831   Thumb Code    52  stm32f1xx_hal_spi.o(i.SPI_EndRxTxTransaction)
    i.SPI_WaitFlagStateUntilTimeout          0x08002864   Section        0  stm32f1xx_hal_spi.o(i.SPI_WaitFlagStateUntilTimeout)
    SPI_WaitFlagStateUntilTimeout            0x08002865   Thumb Code   180  stm32f1xx_hal_spi.o(i.SPI_WaitFlagStateUntilTimeout)
    i.SSD1306_ClearBuffer                    0x0800291c   Section        0  ssd1306_i2c.o(i.SSD1306_ClearBuffer)
    i.SSD1306_Init                           0x0800292c   Section        0  ssd1306_i2c.o(i.SSD1306_Init)
    i.SSD1306_Refresh                        0x080029d8   Section        0  ssd1306_i2c.o(i.SSD1306_Refresh)
    i.SSD1306_SetPixel                       0x08002a18   Section        0  ssd1306_i2c.o(i.SSD1306_SetPixel)
    i.SSD1306_WriteCmd                       0x08002a44   Section        0  ssd1306_i2c.o(i.SSD1306_WriteCmd)
    i.SSD1306_WriteData                      0x08002a64   Section        0  ssd1306_i2c.o(i.SSD1306_WriteData)
    i.SVC_Handler                            0x08002a8c   Section        0  stm32f1xx_it.o(i.SVC_Handler)
    i.Sensor_GetLDR                          0x08002a90   Section        0  sensor.o(i.Sensor_GetLDR)
    i.Sensor_GetLight                        0x08002a9c   Section        0  sensor.o(i.Sensor_GetLight)
    i.Sensor_GetNTC                          0x08002abc   Section        0  sensor.o(i.Sensor_GetNTC)
    i.Sensor_GetTemp                         0x08002ac8   Section        0  sensor.o(i.Sensor_GetTemp)
    i.Sensor_Init                            0x08002ae8   Section        0  sensor.o(i.Sensor_Init)
    i.Sensor_Update                          0x08002b44   Section        0  sensor.o(i.Sensor_Update)
    i.SysTick_Handler                        0x08002b94   Section        0  stm32f1xx_it.o(i.SysTick_Handler)
    i.SystemClock_Config                     0x08002b98   Section        0  main.o(i.SystemClock_Config)
    i.SystemInit                             0x08002c10   Section        0  system_stm32f1xx.o(i.SystemInit)
    i.TIM_Base_SetConfig                     0x08002c14   Section        0  stm32f1xx_hal_tim.o(i.TIM_Base_SetConfig)
    i.TIM_ETR_SetConfig                      0x08002c8c   Section        0  stm32f1xx_hal_tim.o(i.TIM_ETR_SetConfig)
    i.TIM_ITRx_SetConfig                     0x08002ca0   Section        0  stm32f1xx_hal_tim.o(i.TIM_ITRx_SetConfig)
    TIM_ITRx_SetConfig                       0x08002ca1   Thumb Code    16  stm32f1xx_hal_tim.o(i.TIM_ITRx_SetConfig)
    i.TIM_OC1_SetConfig                      0x08002cb0   Section        0  stm32f1xx_hal_tim.o(i.TIM_OC1_SetConfig)
    TIM_OC1_SetConfig                        0x08002cb1   Thumb Code    74  stm32f1xx_hal_tim.o(i.TIM_OC1_SetConfig)
    i.TIM_OC2_SetConfig                      0x08002d00   Section        0  stm32f1xx_hal_tim.o(i.TIM_OC2_SetConfig)
    i.TIM_OC3_SetConfig                      0x08002d58   Section        0  stm32f1xx_hal_tim.o(i.TIM_OC3_SetConfig)
    TIM_OC3_SetConfig                        0x08002d59   Thumb Code    82  stm32f1xx_hal_tim.o(i.TIM_OC3_SetConfig)
    i.TIM_OC4_SetConfig                      0x08002db0   Section        0  stm32f1xx_hal_tim.o(i.TIM_OC4_SetConfig)
    TIM_OC4_SetConfig                        0x08002db1   Thumb Code    64  stm32f1xx_hal_tim.o(i.TIM_OC4_SetConfig)
    i.TIM_TI1_ConfigInputStage               0x08002df4   Section        0  stm32f1xx_hal_tim.o(i.TIM_TI1_ConfigInputStage)
    TIM_TI1_ConfigInputStage                 0x08002df5   Thumb Code    34  stm32f1xx_hal_tim.o(i.TIM_TI1_ConfigInputStage)
    i.TIM_TI2_ConfigInputStage               0x08002e16   Section        0  stm32f1xx_hal_tim.o(i.TIM_TI2_ConfigInputStage)
    TIM_TI2_ConfigInputStage                 0x08002e17   Thumb Code    36  stm32f1xx_hal_tim.o(i.TIM_TI2_ConfigInputStage)
    i.UART_EndRxTransfer                     0x08002e3a   Section        0  stm32f1xx_hal_uart.o(i.UART_EndRxTransfer)
    UART_EndRxTransfer                       0x08002e3b   Thumb Code    78  stm32f1xx_hal_uart.o(i.UART_EndRxTransfer)
    i.UART_SetConfig                         0x08002e88   Section        0  stm32f1xx_hal_uart.o(i.UART_SetConfig)
    UART_SetConfig                           0x08002e89   Thumb Code   178  stm32f1xx_hal_uart.o(i.UART_SetConfig)
    i.UART_WaitOnFlagUntilTimeout            0x08002f40   Section        0  stm32f1xx_hal_uart.o(i.UART_WaitOnFlagUntilTimeout)
    UART_WaitOnFlagUntilTimeout              0x08002f41   Thumb Code   114  stm32f1xx_hal_uart.o(i.UART_WaitOnFlagUntilTimeout)
    i.UsageFault_Handler                     0x08002fb2   Section        0  stm32f1xx_it.o(i.UsageFault_Handler)
    i.W25Q_EraseSector                       0x08002fb4   Section        0  w25q_spi.o(i.W25Q_EraseSector)
    i.W25Q_Init                              0x08003008   Section        0  w25q_spi.o(i.W25Q_Init)
    i.W25Q_Read                              0x080030dc   Section        0  w25q_spi.o(i.W25Q_Read)
    i.W25Q_ReadID                            0x08003144   Section        0  w25q_spi.o(i.W25Q_ReadID)
    i.W25Q_WritePage                         0x08003184   Section        0  w25q_spi.o(i.W25Q_WritePage)
    i.__0printf$8                            0x080031fc   Section        0  printf8.o(i.__0printf$8)
    i.__NVIC_SetPriority                     0x0800321c   Section        0  stm32f1xx_hal_cortex.o(i.__NVIC_SetPriority)
    __NVIC_SetPriority                       0x0800321d   Thumb Code    32  stm32f1xx_hal_cortex.o(i.__NVIC_SetPriority)
    i.__scatterload_copy                     0x0800323c   Section       14  handlers.o(i.__scatterload_copy)
    i.__scatterload_null                     0x0800324a   Section        2  handlers.o(i.__scatterload_null)
    i.__scatterload_zeroinit                 0x0800324c   Section       14  handlers.o(i.__scatterload_zeroinit)
    i._printf_core                           0x0800325c   Section        0  printf8.o(i._printf_core)
    _printf_core                             0x0800325d   Thumb Code   996  printf8.o(i._printf_core)
    i._printf_post_padding                   0x0800366c   Section        0  printf8.o(i._printf_post_padding)
    _printf_post_padding                     0x0800366d   Thumb Code    36  printf8.o(i._printf_post_padding)
    i._printf_pre_padding                    0x08003690   Section        0  printf8.o(i._printf_pre_padding)
    _printf_pre_padding                      0x08003691   Thumb Code    46  printf8.o(i._printf_pre_padding)
    i.buzzer_off                             0x080036c0   Section        0  buzzer.o(i.buzzer_off)
    buzzer_off                               0x080036c1   Thumb Code    10  buzzer.o(i.buzzer_off)
    i.calc_crc                               0x080036d0   Section        0  flash_config.o(i.calc_crc)
    calc_crc                                 0x080036d1   Thumb Code    18  flash_config.o(i.calc_crc)
    i.fputc                                  0x080036e4   Section        0  main.o(i.fputc)
    i.hal_read_ch                            0x080036fc   Section        0  sensor.o(i.hal_read_ch)
    hal_read_ch                              0x080036fd   Thumb Code    78  sensor.o(i.hal_read_ch)
    i.main                                   0x08003750   Section        0  main.o(i.main)
    i.melody_update                          0x08003d04   Section        0  buzzer.o(i.melody_update)
    melody_update                            0x08003d05   Thumb Code    88  buzzer.o(i.melody_update)
    i.spi_tx                                 0x08003d60   Section        0  w25q_spi.o(i.spi_tx)
    spi_tx                                   0x08003d61   Thumb Code    16  w25q_spi.o(i.spi_tx)
    i.spi_txrx                               0x08003d74   Section        0  w25q_spi.o(i.spi_txrx)
    spi_txrx                                 0x08003d75   Thumb Code    26  w25q_spi.o(i.spi_txrx)
    i.w25q_wait_busy                         0x08003d94   Section        0  w25q_spi.o(i.w25q_wait_busy)
    w25q_wait_busy                           0x08003d95   Thumb Code    44  w25q_spi.o(i.w25q_wait_busy)
    i.w25q_write_enable                      0x08003dc4   Section        0  w25q_spi.o(i.w25q_write_enable)
    w25q_write_enable                        0x08003dc5   Thumb Code    34  w25q_spi.o(i.w25q_write_enable)
    .constdata                               0x08003dec   Section       40  main.o(.constdata)
    .constdata                               0x08003e14   Section       28  buzzer.o(.constdata)
    melody_surprise                          0x08003e14   Data           4  buzzer.o(.constdata)
    melody_click                             0x08003e18   Data           4  buzzer.o(.constdata)
    melody_annoyed                           0x08003e1c   Data           8  buzzer.o(.constdata)
    melody_happy                             0x08003e24   Data          12  buzzer.o(.constdata)
    .constdata                               0x08003e30   Section      475  gfx_engine.o(.constdata)
    font5x7                                  0x08003e30   Data         475  gfx_engine.o(.constdata)
    .constdata                               0x0800400b   Section     1024  cat_fullscreen.o(.constdata)
    .constdata                               0x0800440b   Section     1024  cat_fullscreen.o(.constdata)
    .constdata                               0x0800480b   Section     1024  cat_fullscreen.o(.constdata)
    .constdata                               0x08004c0b   Section     1024  cat_fullscreen.o(.constdata)
    .constdata                               0x0800500b   Section     1024  cat_fullscreen.o(.constdata)
    .constdata                               0x0800540b   Section     1024  cat_fullscreen.o(.constdata)
    .constdata                               0x0800580b   Section     1024  cat_anim1.o(.constdata)
    .constdata                               0x08005c0b   Section     1024  cat_anim1.o(.constdata)
    .constdata                               0x0800600b   Section     1024  cat_anim1.o(.constdata)
    .constdata                               0x0800640b   Section     1024  cat_anim1.o(.constdata)
    .constdata                               0x0800680b   Section     1024  cat_anim2.o(.constdata)
    .constdata                               0x08006c0b   Section     1024  cat_anim2.o(.constdata)
    .constdata                               0x0800700b   Section     1024  cat_anim2.o(.constdata)
    .constdata                               0x0800740b   Section     1024  cat_anim2.o(.constdata)
    .constdata                               0x0800780b   Section     1024  cat_anim2.o(.constdata)
    .constdata                               0x08007c0b   Section     1024  cat_anim2.o(.constdata)
    .constdata                               0x0800800b   Section     1024  cat_anim2.o(.constdata)
    .constdata                               0x0800840b   Section     1024  cat_anim2.o(.constdata)
    .constdata                               0x0800880b   Section     1024  cat_anim2.o(.constdata)
    .constdata                               0x08008c0b   Section     1024  cat_anim2.o(.constdata)
    .constdata                               0x0800900b   Section     1024  cat_anim2.o(.constdata)
    .constdata                               0x0800940b   Section     1024  cat_sleep.o(.constdata)
    .constdata                               0x0800980b   Section     1024  cat_sleep.o(.constdata)
    .constdata                               0x08009c0b   Section     1024  cat_sleep.o(.constdata)
    .constdata                               0x0800a00b   Section     1024  cat_sleep.o(.constdata)
    .constdata                               0x0800a40b   Section     1024  cat_sleep.o(.constdata)
    .constdata                               0x0800a80b   Section     1024  cat_sleep.o(.constdata)
    .constdata                               0x0800ac0b   Section     1024  cat_sleep.o(.constdata)
    .constdata                               0x0800b00b   Section     1024  cat_sleep.o(.constdata)
    .constdata                               0x0800b40b   Section     1024  cat_sleep.o(.constdata)
    .constdata                               0x0800b80b   Section     1024  cat_sleep.o(.constdata)
    .constdata                               0x0800bc0b   Section     1024  cat_sleep.o(.constdata)
    .constdata                               0x0800c00b   Section     1024  cat_sleep.o(.constdata)
    .constdata                               0x0800c40b   Section     1024  cat_hot.o(.constdata)
    .constdata                               0x0800c80b   Section     1024  cat_hot.o(.constdata)
    .constdata                               0x0800cc0b   Section     1024  cat_hot.o(.constdata)
    .constdata                               0x0800d00b   Section     1024  cat_hot.o(.constdata)
    .constdata                               0x0800d40b   Section     1024  cat_hot.o(.constdata)
    .constdata                               0x0800d80b   Section     1024  cat_hot.o(.constdata)
    .constdata                               0x0800dc0b   Section       18  stm32f1xx_hal_rcc.o(.constdata)
    aPredivFactorTable                       0x0800dc0b   Data           2  stm32f1xx_hal_rcc.o(.constdata)
    aPLLMULFactorTable                       0x0800dc0d   Data          16  stm32f1xx_hal_rcc.o(.constdata)
    .constdata                               0x0800dc1d   Section       18  stm32f1xx_hal_rcc_ex.o(.constdata)
    aPredivFactorTable                       0x0800dc1d   Data           2  stm32f1xx_hal_rcc_ex.o(.constdata)
    aPLLMULFactorTable                       0x0800dc1f   Data          16  stm32f1xx_hal_rcc_ex.o(.constdata)
    .constdata                               0x0800dc2f   Section       16  system_stm32f1xx.o(.constdata)
    .constdata                               0x0800dc3f   Section        8  system_stm32f1xx.o(.constdata)
    .conststring                             0x0800dc48   Section       78  main.o(.conststring)
    .conststring                             0x0800dc98   Section       69  flash_config.o(.conststring)
    .data                                    0x20000000   Section       24  main.o(.data)
    pet_cmd                                  0x20000000   Data           1  main.o(.data)
    cat_frame                                0x20000001   Data           1  main.o(.data)
    last_anim_slot                           0x20000002   Data           1  main.o(.data)
    last_sensor                              0x20000004   Data           4  main.o(.data)
    last_led                                 0x20000008   Data           4  main.o(.data)
    last_status                              0x2000000c   Data           4  main.o(.data)
    last_fsm                                 0x20000010   Data           4  main.o(.data)
    last_render                              0x20000014   Data           4  main.o(.data)
    .data                                    0x20000018   Section       18  sensor.o(.data)
    g_ema_init                               0x20000018   Data           1  sensor.o(.data)
    g_ldr                                    0x20000022   Data           2  sensor.o(.data)
    g_ntc                                    0x20000024   Data           2  sensor.o(.data)
    g_ldr_ema                                0x20000026   Data           2  sensor.o(.data)
    g_ntc_ema                                0x20000028   Data           2  sensor.o(.data)
    .data                                    0x2000002c   Section       16  buzzer.o(.data)
    g_idx                                    0x2000002c   Data           1  buzzer.o(.data)
    g_note_on                                0x2000002d   Data           1  buzzer.o(.data)
    g_off_tick                               0x20000030   Data           4  buzzer.o(.data)
    g_melody                                 0x20000034   Data           4  buzzer.o(.data)
    g_next                                   0x20000038   Data           4  buzzer.o(.data)
    .data                                    0x2000003c   Section        1  w25q_spi.o(.data)
    g_w25q_ok                                0x2000003c   Data           1  w25q_spi.o(.data)
    .data                                    0x20000040   Section       20  pet_fsm.o(.data)
    g_state                                  0x20000040   Data           1  pet_fsm.o(.data)
    g_prev_state                             0x20000041   Data           1  pet_fsm.o(.data)
    g_cmd_active                             0x20000042   Data           1  pet_fsm.o(.data)
    g_anim_slot                              0x20000043   Data           1  pet_fsm.o(.data)
    g_melody                                 0x20000044   Data           1  pet_fsm.o(.data)
    g_state_enter                            0x20000048   Data           4  pet_fsm.o(.data)
    g_cmd_end                                0x2000004c   Data           4  pet_fsm.o(.data)
    g_dark_start                             0x20000050   Data           4  pet_fsm.o(.data)
    .data                                    0x20000054   Section       24  cat_fullscreen.o(.data)
    .data                                    0x2000006c   Section       16  cat_anim1.o(.data)
    .data                                    0x2000007c   Section       44  cat_anim2.o(.data)
    .data                                    0x200000a8   Section       48  cat_sleep.o(.data)
    .data                                    0x200000d8   Section       24  cat_hot.o(.data)
    .data                                    0x200000f0   Section       12  stm32f1xx_hal.o(.data)
    .data                                    0x200000fc   Section        4  system_stm32f1xx.o(.data)
    .data                                    0x20000100   Section        4  stdout.o(.data)
    .bss                                     0x20000104   Section     1024  ssd1306_i2c.o(.bss)
    g_ssd1306_buffer                         0x20000104   Data        1024  ssd1306_i2c.o(.bss)
    .bss                                     0x20000504   Section       48  adc.o(.bss)
    .bss                                     0x20000534   Section       84  i2c.o(.bss)
    .bss                                     0x20000588   Section       88  spi.o(.bss)
    .bss                                     0x200005e0   Section       72  tim.o(.bss)
    .bss                                     0x20000628   Section       72  usart.o(.bss)
    STACK                                    0x20000670   Section     1024  startup_stm32f103xb.o(STACK)

    Global Symbols

    Symbol Name                              Value     Ov Type        Size  Object(Section)

    BuildAttributes$$THM_ISAv4$P$D$K$B$S$PE$A:L22UL41UL21$X:L11$S22US41US21$IEEE1$IW$USESV6$~STKCKD$USESV7$~SHL$OSPACE$ROPI$EBA8$MICROLIB$REQ8$PRES8$EABIv2 0x00000000   Number         0  anon$$obj.o ABSOLUTE
    __ARM_use_no_argv                        0x00000000   Number         0  main.o ABSOLUTE
    _printf_a                                0x00000000   Number         0  stubs.o ABSOLUTE
    _printf_c                                0x00000000   Number         0  stubs.o ABSOLUTE
    _printf_charcount                        0x00000000   Number         0  stubs.o ABSOLUTE
    _printf_d                                0x00000000   Number         0  stubs.o ABSOLUTE
    _printf_e                                0x00000000   Number         0  stubs.o ABSOLUTE
    _printf_f                                0x00000000   Number         0  stubs.o ABSOLUTE
    _printf_flags                            0x00000000   Number         0  stubs.o ABSOLUTE
    _printf_fp_dec                           0x00000000   Number         0  stubs.o ABSOLUTE
    _printf_fp_hex                           0x00000000   Number         0  stubs.o ABSOLUTE
    _printf_g                                0x00000000   Number         0  stubs.o ABSOLUTE
    _printf_i                                0x00000000   Number         0  stubs.o ABSOLUTE
    _printf_int_dec                          0x00000000   Number         0  stubs.o ABSOLUTE
    _printf_l                                0x00000000   Number         0  stubs.o ABSOLUTE
    _printf_lc                               0x00000000   Number         0  stubs.o ABSOLUTE
    _printf_ll                               0x00000000   Number         0  stubs.o ABSOLUTE
    _printf_lld                              0x00000000   Number         0  stubs.o ABSOLUTE
    _printf_lli                              0x00000000   Number         0  stubs.o ABSOLUTE
    _printf_llo                              0x00000000   Number         0  stubs.o ABSOLUTE
    _printf_llu                              0x00000000   Number         0  stubs.o ABSOLUTE
    _printf_llx                              0x00000000   Number         0  stubs.o ABSOLUTE
    _printf_longlong_dec                     0x00000000   Number         0  stubs.o ABSOLUTE
    _printf_longlong_hex                     0x00000000   Number         0  stubs.o ABSOLUTE
    _printf_longlong_oct                     0x00000000   Number         0  stubs.o ABSOLUTE
    _printf_ls                               0x00000000   Number         0  stubs.o ABSOLUTE
    _printf_mbtowc                           0x00000000   Number         0  stubs.o ABSOLUTE
    _printf_n                                0x00000000   Number         0  stubs.o ABSOLUTE
    _printf_o                                0x00000000   Number         0  stubs.o ABSOLUTE
    _printf_p                                0x00000000   Number         0  stubs.o ABSOLUTE
    _printf_percent                          0x00000000   Number         0  stubs.o ABSOLUTE
    _printf_pre_padding                      0x00000000   Number         0  stubs.o ABSOLUTE
    _printf_return_value                     0x00000000   Number         0  stubs.o ABSOLUTE
    _printf_s                                0x00000000   Number         0  stubs.o ABSOLUTE
    _printf_sizespec                         0x00000000   Number         0  stubs.o ABSOLUTE
    _printf_str                              0x00000000   Number         0  stubs.o ABSOLUTE
    _printf_truncate_signed                  0x00000000   Number         0  stubs.o ABSOLUTE
    _printf_truncate_unsigned                0x00000000   Number         0  stubs.o ABSOLUTE
    _printf_u                                0x00000000   Number         0  stubs.o ABSOLUTE
    _printf_wc                               0x00000000   Number         0  stubs.o ABSOLUTE
    _printf_wctomb                           0x00000000   Number         0  stubs.o ABSOLUTE
    _printf_widthprec                        0x00000000   Number         0  stubs.o ABSOLUTE
    _printf_x                                0x00000000   Number         0  stubs.o ABSOLUTE
    __cpp_initialize__aeabi_                  - Undefined Weak Reference
    __cxa_finalize                            - Undefined Weak Reference
    __decompress                              - Undefined Weak Reference
    _clock_init                               - Undefined Weak Reference
    _microlib_exit                            - Undefined Weak Reference
    __Vectors_Size                           0x000000ec   Number         0  startup_stm32f103xb.o ABSOLUTE
    __Vectors                                0x08000000   Data           4  startup_stm32f103xb.o(RESET)
    __Vectors_End                            0x080000ec   Data           0  startup_stm32f103xb.o(RESET)
    __main                                   0x080000ed   Thumb Code     0  entry.o(.ARM.Collect$$$$00000000)
    _main_stk                                0x080000ed   Thumb Code     0  entry2.o(.ARM.Collect$$$$00000001)
    _main_scatterload                        0x080000f1   Thumb Code     0  entry5.o(.ARM.Collect$$$$00000004)
    __main_after_scatterload                 0x080000f5   Thumb Code     0  entry5.o(.ARM.Collect$$$$00000004)
    _main_clock                              0x080000f5   Thumb Code     0  entry7b.o(.ARM.Collect$$$$00000008)
    _main_cpp_init                           0x080000f5   Thumb Code     0  entry8b.o(.ARM.Collect$$$$0000000A)
    _main_init                               0x080000f5   Thumb Code     0  entry9a.o(.ARM.Collect$$$$0000000B)
    __rt_final_cpp                           0x080000fd   Thumb Code     0  entry10a.o(.ARM.Collect$$$$0000000D)
    __rt_final_exit                          0x080000fd   Thumb Code     0  entry11a.o(.ARM.Collect$$$$0000000F)
    Reset_Handler                            0x08000101   Thumb Code     8  startup_stm32f103xb.o(.text)
    ADC1_2_IRQHandler                        0x0800011b   Thumb Code     0  startup_stm32f103xb.o(.text)
    CAN1_RX1_IRQHandler                      0x0800011b   Thumb Code     0  startup_stm32f103xb.o(.text)
    CAN1_SCE_IRQHandler                      0x0800011b   Thumb Code     0  startup_stm32f103xb.o(.text)
    DMA1_Channel1_IRQHandler                 0x0800011b   Thumb Code     0  startup_stm32f103xb.o(.text)
    DMA1_Channel2_IRQHandler                 0x0800011b   Thumb Code     0  startup_stm32f103xb.o(.text)
    DMA1_Channel3_IRQHandler                 0x0800011b   Thumb Code     0  startup_stm32f103xb.o(.text)
    DMA1_Channel4_IRQHandler                 0x0800011b   Thumb Code     0  startup_stm32f103xb.o(.text)
    DMA1_Channel5_IRQHandler                 0x0800011b   Thumb Code     0  startup_stm32f103xb.o(.text)
    DMA1_Channel6_IRQHandler                 0x0800011b   Thumb Code     0  startup_stm32f103xb.o(.text)
    DMA1_Channel7_IRQHandler                 0x0800011b   Thumb Code     0  startup_stm32f103xb.o(.text)
    EXTI0_IRQHandler                         0x0800011b   Thumb Code     0  startup_stm32f103xb.o(.text)
    EXTI15_10_IRQHandler                     0x0800011b   Thumb Code     0  startup_stm32f103xb.o(.text)
    EXTI1_IRQHandler                         0x0800011b   Thumb Code     0  startup_stm32f103xb.o(.text)
    EXTI2_IRQHandler                         0x0800011b   Thumb Code     0  startup_stm32f103xb.o(.text)
    EXTI3_IRQHandler                         0x0800011b   Thumb Code     0  startup_stm32f103xb.o(.text)
    EXTI4_IRQHandler                         0x0800011b   Thumb Code     0  startup_stm32f103xb.o(.text)
    EXTI9_5_IRQHandler                       0x0800011b   Thumb Code     0  startup_stm32f103xb.o(.text)
    FLASH_IRQHandler                         0x0800011b   Thumb Code     0  startup_stm32f103xb.o(.text)
    I2C1_ER_IRQHandler                       0x0800011b   Thumb Code     0  startup_stm32f103xb.o(.text)
    I2C1_EV_IRQHandler                       0x0800011b   Thumb Code     0  startup_stm32f103xb.o(.text)
    I2C2_ER_IRQHandler                       0x0800011b   Thumb Code     0  startup_stm32f103xb.o(.text)
    I2C2_EV_IRQHandler                       0x0800011b   Thumb Code     0  startup_stm32f103xb.o(.text)
    PVD_IRQHandler                           0x0800011b   Thumb Code     0  startup_stm32f103xb.o(.text)
    RCC_IRQHandler                           0x0800011b   Thumb Code     0  startup_stm32f103xb.o(.text)
    RTC_Alarm_IRQHandler                     0x0800011b   Thumb Code     0  startup_stm32f103xb.o(.text)
    RTC_IRQHandler                           0x0800011b   Thumb Code     0  startup_stm32f103xb.o(.text)
    SPI1_IRQHandler                          0x0800011b   Thumb Code     0  startup_stm32f103xb.o(.text)
    SPI2_IRQHandler                          0x0800011b   Thumb Code     0  startup_stm32f103xb.o(.text)
    TAMPER_IRQHandler                        0x0800011b   Thumb Code     0  startup_stm32f103xb.o(.text)
    TIM1_BRK_IRQHandler                      0x0800011b   Thumb Code     0  startup_stm32f103xb.o(.text)
    TIM1_CC_IRQHandler                       0x0800011b   Thumb Code     0  startup_stm32f103xb.o(.text)
    TIM1_TRG_COM_IRQHandler                  0x0800011b   Thumb Code     0  startup_stm32f103xb.o(.text)
    TIM1_UP_IRQHandler                       0x0800011b   Thumb Code     0  startup_stm32f103xb.o(.text)
    TIM2_IRQHandler                          0x0800011b   Thumb Code     0  startup_stm32f103xb.o(.text)
    TIM3_IRQHandler                          0x0800011b   Thumb Code     0  startup_stm32f103xb.o(.text)
    TIM4_IRQHandler                          0x0800011b   Thumb Code     0  startup_stm32f103xb.o(.text)
    USART1_IRQHandler                        0x0800011b   Thumb Code     0  startup_stm32f103xb.o(.text)
    USART2_IRQHandler                        0x0800011b   Thumb Code     0  startup_stm32f103xb.o(.text)
    USART3_IRQHandler                        0x0800011b   Thumb Code     0  startup_stm32f103xb.o(.text)
    USBWakeUp_IRQHandler                     0x0800011b   Thumb Code     0  startup_stm32f103xb.o(.text)
    USB_HP_CAN1_TX_IRQHandler                0x0800011b   Thumb Code     0  startup_stm32f103xb.o(.text)
    USB_LP_CAN1_RX0_IRQHandler               0x0800011b   Thumb Code     0  startup_stm32f103xb.o(.text)
    WWDG_IRQHandler                          0x0800011b   Thumb Code     0  startup_stm32f103xb.o(.text)
    __aeabi_llsr                             0x08000125   Thumb Code    32  llushr.o(.text)
    _ll_ushift_r                             0x08000125   Thumb Code     0  llushr.o(.text)
    __aeabi_memcpy                           0x08000145   Thumb Code    36  memcpya.o(.text)
    __aeabi_memcpy4                          0x08000145   Thumb Code     0  memcpya.o(.text)
    __aeabi_memcpy8                          0x08000145   Thumb Code     0  memcpya.o(.text)
    __aeabi_memset                           0x08000169   Thumb Code    14  memseta.o(.text)
    __aeabi_memset4                          0x08000169   Thumb Code     0  memseta.o(.text)
    __aeabi_memset8                          0x08000169   Thumb Code     0  memseta.o(.text)
    __aeabi_memclr                           0x08000177   Thumb Code     4  memseta.o(.text)
    __aeabi_memclr4                          0x08000177   Thumb Code     0  memseta.o(.text)
    __aeabi_memclr8                          0x08000177   Thumb Code     0  memseta.o(.text)
    _memset$wrapper                          0x0800017b   Thumb Code    18  memseta.o(.text)
    __aeabi_uldivmod                         0x0800018d   Thumb Code    98  uldiv.o(.text)
    __scatterload                            0x080001f1   Thumb Code    28  init.o(.text)
    __scatterload_rt2                        0x080001f1   Thumb Code     0  init.o(.text)
    __aeabi_llsl                             0x08000215   Thumb Code    30  llshl.o(.text)
    _ll_shift_l                              0x08000215   Thumb Code     0  llshl.o(.text)
    ADC_ConversionStop_Disable               0x08000235   Thumb Code    86  stm32f1xx_hal_adc.o(i.ADC_ConversionStop_Disable)
    ADC_Enable                               0x0800028d   Thumb Code   114  stm32f1xx_hal_adc.o(i.ADC_Enable)
    BusFault_Handler                         0x08000309   Thumb Code     2  stm32f1xx_it.o(i.BusFault_Handler)
    Buzzer_Beep                              0x0800030d   Thumb Code    26  buzzer.o(i.Buzzer_Beep)
    Buzzer_Init                              0x08000331   Thumb Code    30  buzzer.o(i.Buzzer_Init)
    Buzzer_PlayMelody                        0x08000355   Thumb Code    50  buzzer.o(i.Buzzer_PlayMelody)
    Buzzer_Update                            0x08000391   Thumb Code    34  buzzer.o(i.Buzzer_Update)
    DebugMon_Handler                         0x080003b9   Thumb Code     2  stm32f1xx_it.o(i.DebugMon_Handler)
    Error_Handler                            0x080003bb   Thumb Code     4  main.o(i.Error_Handler)
    FlashConfig_Load                         0x080003c1   Thumb Code    98  flash_config.o(i.FlashConfig_Load)
    FlashConfig_Reset                        0x08000491   Thumb Code    50  flash_config.o(i.FlashConfig_Reset)
    FlashConfig_Save                         0x080004f5   Thumb Code   102  flash_config.o(i.FlashConfig_Save)
    GFX_Clear                                0x080005ad   Thumb Code     4  gfx_engine.o(i.GFX_Clear)
    GFX_DrawChar                             0x080005b1   Thumb Code    88  gfx_engine.o(i.GFX_DrawChar)
    GFX_DrawLine                             0x0800060d   Thumb Code   122  gfx_engine.o(i.GFX_DrawLine)
    GFX_DrawString                           0x08000687   Thumb Code    60  gfx_engine.o(i.GFX_DrawString)
    GFX_Refresh                              0x080006c3   Thumb Code     4  gfx_engine.o(i.GFX_Refresh)
    GFX_SetPixel                             0x080006c7   Thumb Code     6  gfx_engine.o(i.GFX_SetPixel)
    HAL_ADC_ConfigChannel                    0x080006cd   Thumb Code   240  stm32f1xx_hal_adc.o(i.HAL_ADC_ConfigChannel)
    HAL_ADC_GetValue                         0x080007c9   Thumb Code     6  stm32f1xx_hal_adc.o(i.HAL_ADC_GetValue)
    HAL_ADC_Init                             0x080007d1   Thumb Code   272  stm32f1xx_hal_adc.o(i.HAL_ADC_Init)
    HAL_ADC_MspInit                          0x080008ed   Thumb Code    74  adc.o(i.HAL_ADC_MspInit)
    HAL_ADC_PollForConversion                0x08000945   Thumb Code   304  stm32f1xx_hal_adc.o(i.HAL_ADC_PollForConversion)
    HAL_ADC_Start                            0x08000a81   Thumb Code   184  stm32f1xx_hal_adc.o(i.HAL_ADC_Start)
    HAL_ADC_Stop                             0x08000b41   Thumb Code    52  stm32f1xx_hal_adc.o(i.HAL_ADC_Stop)
    HAL_Delay                                0x08000b75   Thumb Code    32  stm32f1xx_hal.o(i.HAL_Delay)
    HAL_GPIO_Init                            0x08000b99   Thumb Code   446  stm32f1xx_hal_gpio.o(i.HAL_GPIO_Init)
    HAL_GPIO_TogglePin                       0x08000d79   Thumb Code    16  stm32f1xx_hal_gpio.o(i.HAL_GPIO_TogglePin)
    HAL_GPIO_WritePin                        0x08000d89   Thumb Code    10  stm32f1xx_hal_gpio.o(i.HAL_GPIO_WritePin)
    HAL_GetTick                              0x08000d95   Thumb Code     6  stm32f1xx_hal.o(i.HAL_GetTick)
    HAL_I2C_Init                             0x08000da1   Thumb Code   376  stm32f1xx_hal_i2c.o(i.HAL_I2C_Init)
    HAL_I2C_Master_Transmit                  0x08000f29   Thumb Code   290  stm32f1xx_hal_i2c.o(i.HAL_I2C_Master_Transmit)
    HAL_I2C_MspInit                          0x08001055   Thumb Code    80  i2c.o(i.HAL_I2C_MspInit)
    HAL_IncTick                              0x080010b1   Thumb Code    12  stm32f1xx_hal.o(i.HAL_IncTick)
    HAL_Init                                 0x080010c1   Thumb Code    32  stm32f1xx_hal.o(i.HAL_Init)
    HAL_InitTick                             0x080010e5   Thumb Code    54  stm32f1xx_hal.o(i.HAL_InitTick)
    HAL_MspInit                              0x08001125   Thumb Code    52  stm32f1xx_hal_msp.o(i.HAL_MspInit)
    HAL_NVIC_SetPriority                     0x08001161   Thumb Code    60  stm32f1xx_hal_cortex.o(i.HAL_NVIC_SetPriority)
    HAL_NVIC_SetPriorityGrouping             0x080011a1   Thumb Code    26  stm32f1xx_hal_cortex.o(i.HAL_NVIC_SetPriorityGrouping)
    HAL_RCCEx_GetPeriphCLKFreq               0x080011c5   Thumb Code   148  stm32f1xx_hal_rcc_ex.o(i.HAL_RCCEx_GetPeriphCLKFreq)
    HAL_RCCEx_PeriphCLKConfig                0x08001269   Thumb Code   224  stm32f1xx_hal_rcc_ex.o(i.HAL_RCCEx_PeriphCLKConfig)
    HAL_RCC_ClockConfig                      0x08001355   Thumb Code   280  stm32f1xx_hal_rcc.o(i.HAL_RCC_ClockConfig)
    HAL_RCC_GetPCLK1Freq                     0x08001481   Thumb Code    20  stm32f1xx_hal_rcc.o(i.HAL_RCC_GetPCLK1Freq)
    HAL_RCC_GetPCLK2Freq                     0x080014a1   Thumb Code    20  stm32f1xx_hal_rcc.o(i.HAL_RCC_GetPCLK2Freq)
    HAL_RCC_GetSysClockFreq                  0x080014c1   Thumb Code    58  stm32f1xx_hal_rcc.o(i.HAL_RCC_GetSysClockFreq)
    HAL_RCC_OscConfig                        0x0800150d   Thumb Code   778  stm32f1xx_hal_rcc.o(i.HAL_RCC_OscConfig)
    HAL_SPI_Init                             0x0800182d   Thumb Code   178  stm32f1xx_hal_spi.o(i.HAL_SPI_Init)
    HAL_SPI_MspInit                          0x080018e1   Thumb Code    98  spi.o(i.HAL_SPI_MspInit)
    HAL_SPI_Transmit                         0x08001951   Thumb Code   358  stm32f1xx_hal_spi.o(i.HAL_SPI_Transmit)
    HAL_SPI_TransmitReceive                  0x08001ab7   Thumb Code   496  stm32f1xx_hal_spi.o(i.HAL_SPI_TransmitReceive)
    HAL_SYSTICK_Config                       0x08001ca7   Thumb Code    40  stm32f1xx_hal_cortex.o(i.HAL_SYSTICK_Config)
    HAL_TIMEx_MasterConfigSynchronization    0x08001cd1   Thumb Code    92  stm32f1xx_hal_tim_ex.o(i.HAL_TIMEx_MasterConfigSynchronization)
    HAL_TIM_Base_Init                        0x08001d39   Thumb Code    90  stm32f1xx_hal_tim.o(i.HAL_TIM_Base_Init)
    HAL_TIM_Base_MspInit                     0x08001d95   Thumb Code    30  tim.o(i.HAL_TIM_Base_MspInit)
    HAL_TIM_ConfigClockSource                0x08001db9   Thumb Code   220  stm32f1xx_hal_tim.o(i.HAL_TIM_ConfigClockSource)
    HAL_TIM_MspPostInit                      0x08001e95   Thumb Code    82  tim.o(i.HAL_TIM_MspPostInit)
    HAL_TIM_PWM_ConfigChannel                0x08001ef5   Thumb Code   204  stm32f1xx_hal_tim.o(i.HAL_TIM_PWM_ConfigChannel)
    HAL_TIM_PWM_Init                         0x08001fc1   Thumb Code    90  stm32f1xx_hal_tim.o(i.HAL_TIM_PWM_Init)
    HAL_TIM_PWM_MspInit                      0x0800201b   Thumb Code     2  stm32f1xx_hal_tim.o(i.HAL_TIM_PWM_MspInit)
    HAL_UART_Init                            0x0800201d   Thumb Code   100  stm32f1xx_hal_uart.o(i.HAL_UART_Init)
    HAL_UART_MspInit                         0x08002081   Thumb Code   100  usart.o(i.HAL_UART_MspInit)
    HAL_UART_Transmit                        0x080020f1   Thumb Code   160  stm32f1xx_hal_uart.o(i.HAL_UART_Transmit)
    HardFault_Handler                        0x08002191   Thumb Code     2  stm32f1xx_it.o(i.HardFault_Handler)
    MX_ADC1_Init                             0x08002459   Thumb Code    92  adc.o(i.MX_ADC1_Init)
    MX_GPIO_Init                             0x080024bd   Thumb Code   120  gpio.o(i.MX_GPIO_Init)
    MX_I2C1_Init                             0x0800253d   Thumb Code    50  i2c.o(i.MX_I2C1_Init)
    MX_SPI1_Init                             0x0800257d   Thumb Code    62  spi.o(i.MX_SPI1_Init)
    MX_TIM2_Init                             0x080025c5   Thumb Code   162  tim.o(i.MX_TIM2_Init)
    MX_USART1_UART_Init                      0x0800266d   Thumb Code    48  usart.o(i.MX_USART1_UART_Init)
    MemManage_Handler                        0x080026a5   Thumb Code     2  stm32f1xx_it.o(i.MemManage_Handler)
    NMI_Handler                              0x080026a7   Thumb Code     2  stm32f1xx_it.o(i.NMI_Handler)
    PendSV_Handler                           0x080026a9   Thumb Code     2  stm32f1xx_it.o(i.PendSV_Handler)
    PetFSM_GetAnimSlot                       0x080026ad   Thumb Code     6  pet_fsm.o(i.PetFSM_GetAnimSlot)
    PetFSM_GetMelody                         0x080026b9   Thumb Code     8  pet_fsm.o(i.PetFSM_GetMelody)
    PetFSM_GetState                          0x080026c5   Thumb Code     6  pet_fsm.o(i.PetFSM_GetState)
    PetFSM_Init                              0x080026d1   Thumb Code    18  pet_fsm.o(i.PetFSM_Init)
    PetFSM_Update                            0x080026e9   Thumb Code   322  pet_fsm.o(i.PetFSM_Update)
    SSD1306_ClearBuffer                      0x0800291d   Thumb Code    10  ssd1306_i2c.o(i.SSD1306_ClearBuffer)
    SSD1306_Init                             0x0800292d   Thumb Code   170  ssd1306_i2c.o(i.SSD1306_Init)
    SSD1306_Refresh                          0x080029d9   Thumb Code    60  ssd1306_i2c.o(i.SSD1306_Refresh)
    SSD1306_SetPixel                         0x08002a19   Thumb Code    40  ssd1306_i2c.o(i.SSD1306_SetPixel)
    SSD1306_WriteCmd                         0x08002a45   Thumb Code    28  ssd1306_i2c.o(i.SSD1306_WriteCmd)
    SSD1306_WriteData                        0x08002a65   Thumb Code    30  ssd1306_i2c.o(i.SSD1306_WriteData)
    SVC_Handler                              0x08002a8d   Thumb Code     2  stm32f1xx_it.o(i.SVC_Handler)
    Sensor_GetLDR                            0x08002a91   Thumb Code     6  sensor.o(i.Sensor_GetLDR)
    Sensor_GetLight                          0x08002a9d   Thumb Code    28  sensor.o(i.Sensor_GetLight)
    Sensor_GetNTC                            0x08002abd   Thumb Code     6  sensor.o(i.Sensor_GetNTC)
    Sensor_GetTemp                           0x08002ac9   Thumb Code    28  sensor.o(i.Sensor_GetTemp)
    Sensor_Init                              0x08002ae9   Thumb Code    22  sensor.o(i.Sensor_Init)
    Sensor_Update                            0x08002b45   Thumb Code    74  sensor.o(i.Sensor_Update)
    SysTick_Handler                          0x08002b95   Thumb Code     4  stm32f1xx_it.o(i.SysTick_Handler)
    SystemClock_Config                       0x08002b99   Thumb Code   120  main.o(i.SystemClock_Config)
    SystemInit                               0x08002c11   Thumb Code     2  system_stm32f1xx.o(i.SystemInit)
    TIM_Base_SetConfig                       0x08002c15   Thumb Code   108  stm32f1xx_hal_tim.o(i.TIM_Base_SetConfig)
    TIM_ETR_SetConfig                        0x08002c8d   Thumb Code    20  stm32f1xx_hal_tim.o(i.TIM_ETR_SetConfig)
    TIM_OC2_SetConfig                        0x08002d01   Thumb Code    84  stm32f1xx_hal_tim.o(i.TIM_OC2_SetConfig)
    UsageFault_Handler                       0x08002fb3   Thumb Code     2  stm32f1xx_it.o(i.UsageFault_Handler)
    W25Q_EraseSector                         0x08002fb5   Thumb Code    76  w25q_spi.o(i.W25Q_EraseSector)
    W25Q_Init                                0x08003009   Thumb Code   106  w25q_spi.o(i.W25Q_Init)
    W25Q_Read                                0x080030dd   Thumb Code    94  w25q_spi.o(i.W25Q_Read)
    W25Q_ReadID                              0x08003145   Thumb Code    60  w25q_spi.o(i.W25Q_ReadID)
    W25Q_WritePage                           0x08003185   Thumb Code   112  w25q_spi.o(i.W25Q_WritePage)
    __0printf$8                              0x080031fd   Thumb Code    22  printf8.o(i.__0printf$8)
    __1printf$8                              0x080031fd   Thumb Code     0  printf8.o(i.__0printf$8)
    __2printf                                0x080031fd   Thumb Code     0  printf8.o(i.__0printf$8)
    __scatterload_copy                       0x0800323d   Thumb Code    14  handlers.o(i.__scatterload_copy)
    __scatterload_null                       0x0800324b   Thumb Code     2  handlers.o(i.__scatterload_null)
    __scatterload_zeroinit                   0x0800324d   Thumb Code    14  handlers.o(i.__scatterload_zeroinit)
    fputc                                    0x080036e5   Thumb Code    18  main.o(i.fputc)
    main                                     0x08003751   Thumb Code   878  main.o(i.main)
    cat_idle_f0                              0x0800400b   Data        1024  cat_fullscreen.o(.constdata)
    cat_idle_f1                              0x0800440b   Data        1024  cat_fullscreen.o(.constdata)
    cat_idle_f2                              0x0800480b   Data        1024  cat_fullscreen.o(.constdata)
    cat_idle_f3                              0x08004c0b   Data        1024  cat_fullscreen.o(.constdata)
    cat_idle_f4                              0x0800500b   Data        1024  cat_fullscreen.o(.constdata)
    cat_idle_f5                              0x0800540b   Data        1024  cat_fullscreen.o(.constdata)
    cat_anim1_f0                             0x0800580b   Data        1024  cat_anim1.o(.constdata)
    cat_anim1_f1                             0x08005c0b   Data        1024  cat_anim1.o(.constdata)
    cat_anim1_f2                             0x0800600b   Data        1024  cat_anim1.o(.constdata)
    cat_anim1_f3                             0x0800640b   Data        1024  cat_anim1.o(.constdata)
    cat_anim2_f0                             0x0800680b   Data        1024  cat_anim2.o(.constdata)
    cat_anim2_f1                             0x08006c0b   Data        1024  cat_anim2.o(.constdata)
    cat_anim2_f2                             0x0800700b   Data        1024  cat_anim2.o(.constdata)
    cat_anim2_f3                             0x0800740b   Data        1024  cat_anim2.o(.constdata)
    cat_anim2_f4                             0x0800780b   Data        1024  cat_anim2.o(.constdata)
    cat_anim2_f5                             0x08007c0b   Data        1024  cat_anim2.o(.constdata)
    cat_anim2_f6                             0x0800800b   Data        1024  cat_anim2.o(.constdata)
    cat_anim2_f7                             0x0800840b   Data        1024  cat_anim2.o(.constdata)
    cat_anim2_f8                             0x0800880b   Data        1024  cat_anim2.o(.constdata)
    cat_anim2_f9                             0x08008c0b   Data        1024  cat_anim2.o(.constdata)
    cat_anim2_f10                            0x0800900b   Data        1024  cat_anim2.o(.constdata)
    cat_sleep_f0                             0x0800940b   Data        1024  cat_sleep.o(.constdata)
    cat_sleep_f1                             0x0800980b   Data        1024  cat_sleep.o(.constdata)
    cat_sleep_f2                             0x08009c0b   Data        1024  cat_sleep.o(.constdata)
    cat_sleep_f3                             0x0800a00b   Data        1024  cat_sleep.o(.constdata)
    cat_sleep_f4                             0x0800a40b   Data        1024  cat_sleep.o(.constdata)
    cat_sleep_f5                             0x0800a80b   Data        1024  cat_sleep.o(.constdata)
    cat_sleep_f6                             0x0800ac0b   Data        1024  cat_sleep.o(.constdata)
    cat_sleep_f7                             0x0800b00b   Data        1024  cat_sleep.o(.constdata)
    cat_sleep_f8                             0x0800b40b   Data        1024  cat_sleep.o(.constdata)
    cat_sleep_f9                             0x0800b80b   Data        1024  cat_sleep.o(.constdata)
    cat_sleep_f10                            0x0800bc0b   Data        1024  cat_sleep.o(.constdata)
    cat_sleep_f11                            0x0800c00b   Data        1024  cat_sleep.o(.constdata)
    cat_hot_f0                               0x0800c40b   Data        1024  cat_hot.o(.constdata)
    cat_hot_f1                               0x0800c80b   Data        1024  cat_hot.o(.constdata)
    cat_hot_f2                               0x0800cc0b   Data        1024  cat_hot.o(.constdata)
    cat_hot_f3                               0x0800d00b   Data        1024  cat_hot.o(.constdata)
    cat_hot_f4                               0x0800d40b   Data        1024  cat_hot.o(.constdata)
    cat_hot_f5                               0x0800d80b   Data        1024  cat_hot.o(.constdata)
    AHBPrescTable                            0x0800dc2f   Data          16  system_stm32f1xx.o(.constdata)
    APBPrescTable                            0x0800dc3f   Data           8  system_stm32f1xx.o(.constdata)
    Region$$Table$$Base                      0x0800dce0   Number         0  anon$$obj.o(Region$$Table)
    Region$$Table$$Limit                     0x0800dd00   Number         0  anon$$obj.o(Region$$Table)
    g_ldr_dark                               0x2000001a   Data           2  sensor.o(.data)
    g_ldr_bright                             0x2000001c   Data           2  sensor.o(.data)
    g_ntc_hot                                0x2000001e   Data           2  sensor.o(.data)
    g_ntc_cold                               0x20000020   Data           2  sensor.o(.data)
    cat_idle_frames                          0x20000054   Data          24  cat_fullscreen.o(.data)
    cat_anim1_frames                         0x2000006c   Data          16  cat_anim1.o(.data)
    cat_anim2_frames                         0x2000007c   Data          44  cat_anim2.o(.data)
    cat_sleep_frames                         0x200000a8   Data          48  cat_sleep.o(.data)
    cat_hot_frames                           0x200000d8   Data          24  cat_hot.o(.data)
    uwTickFreq                               0x200000f0   Data           1  stm32f1xx_hal.o(.data)
    uwTickPrio                               0x200000f4   Data           4  stm32f1xx_hal.o(.data)
    uwTick                                   0x200000f8   Data           4  stm32f1xx_hal.o(.data)
    SystemCoreClock                          0x200000fc   Data           4  system_stm32f1xx.o(.data)
    __stdout                                 0x20000100   Data           4  stdout.o(.data)
    hadc1                                    0x20000504   Data          48  adc.o(.bss)
    hi2c1                                    0x20000534   Data          84  i2c.o(.bss)
    hspi1                                    0x20000588   Data          88  spi.o(.bss)
    htim2                                    0x200005e0   Data          72  tim.o(.bss)
    huart1                                   0x20000628   Data          72  usart.o(.bss)
    __initial_sp                             0x20000a70   Data           0  startup_stm32f103xb.o(STACK)



==============================================================================

Memory Map of the image

  Image Entry point : 0x080000ed

  Load Region LR_IROM1 (Base: 0x08000000, Size: 0x0000de04, Max: 0x00010000, ABSOLUTE)

    Execution Region ER_IROM1 (Exec base: 0x08000000, Load base: 0x08000000, Size: 0x0000dd00, Max: 0x00010000, ABSOLUTE)

    Exec Addr    Load Addr    Size         Type   Attr      Idx    E Section Name        Object

    0x08000000   0x08000000   0x000000ec   Data   RO            3    RESET               startup_stm32f103xb.o
    0x080000ec   0x080000ec   0x00000000   Code   RO         4581  * .ARM.Collect$$$$00000000  mc_w.l(entry.o)
    0x080000ec   0x080000ec   0x00000004   Code   RO         4853    .ARM.Collect$$$$00000001  mc_w.l(entry2.o)
    0x080000f0   0x080000f0   0x00000004   Code   RO         4856    .ARM.Collect$$$$00000004  mc_w.l(entry5.o)
    0x080000f4   0x080000f4   0x00000000   Code   RO         4858    .ARM.Collect$$$$00000008  mc_w.l(entry7b.o)
    0x080000f4   0x080000f4   0x00000000   Code   RO         4860    .ARM.Collect$$$$0000000A  mc_w.l(entry8b.o)
    0x080000f4   0x080000f4   0x00000008   Code   RO         4861    .ARM.Collect$$$$0000000B  mc_w.l(entry9a.o)
    0x080000fc   0x080000fc   0x00000000   Code   RO         4863    .ARM.Collect$$$$0000000D  mc_w.l(entry10a.o)
    0x080000fc   0x080000fc   0x00000000   Code   RO         4865    .ARM.Collect$$$$0000000F  mc_w.l(entry11a.o)
    0x080000fc   0x080000fc   0x00000004   Code   RO         4854    .ARM.Collect$$$$00002712  mc_w.l(entry2.o)
    0x08000100   0x08000100   0x00000024   Code   RO            4    .text               startup_stm32f103xb.o
    0x08000124   0x08000124   0x00000020   Code   RO         4584    .text               mc_w.l(llushr.o)
    0x08000144   0x08000144   0x00000024   Code   RO         4586    .text               mc_w.l(memcpya.o)
    0x08000168   0x08000168   0x00000024   Code   RO         4588    .text               mc_w.l(memseta.o)
    0x0800018c   0x0800018c   0x00000062   Code   RO         4870    .text               mc_w.l(uldiv.o)
    0x080001ee   0x080001ee   0x00000002   PAD
    0x080001f0   0x080001f0   0x00000024   Code   RO         4883    .text               mc_w.l(init.o)
    0x08000214   0x08000214   0x0000001e   Code   RO         4885    .text               mc_w.l(llshl.o)
    0x08000232   0x08000232   0x00000002   PAD
    0x08000234   0x08000234   0x00000056   Code   RO         1198    i.ADC_ConversionStop_Disable  stm32f1xx_hal_adc.o
    0x0800028a   0x0800028a   0x00000002   PAD
    0x0800028c   0x0800028c   0x0000007c   Code   RO         1202    i.ADC_Enable        stm32f1xx_hal_adc.o
    0x08000308   0x08000308   0x00000002   Code   RO          536    i.BusFault_Handler  stm32f1xx_it.o
    0x0800030a   0x0800030a   0x00000002   PAD
    0x0800030c   0x0800030c   0x00000024   Code   RO          700    i.Buzzer_Beep       buzzer.o
    0x08000330   0x08000330   0x00000024   Code   RO          701    i.Buzzer_Init       buzzer.o
    0x08000354   0x08000354   0x0000003c   Code   RO          702    i.Buzzer_PlayMelody  buzzer.o
    0x08000390   0x08000390   0x00000028   Code   RO          703    i.Buzzer_Update     buzzer.o
    0x080003b8   0x080003b8   0x00000002   Code   RO          537    i.DebugMon_Handler  stm32f1xx_it.o
    0x080003ba   0x080003ba   0x00000004   Code   RO          189    i.Error_Handler     main.o
    0x080003be   0x080003be   0x00000002   PAD
    0x080003c0   0x080003c0   0x000000d0   Code   RO         1120    i.FlashConfig_Load  flash_config.o
    0x08000490   0x08000490   0x00000064   Code   RO         1121    i.FlashConfig_Reset  flash_config.o
    0x080004f4   0x080004f4   0x000000b8   Code   RO         1122    i.FlashConfig_Save  flash_config.o
    0x080005ac   0x080005ac   0x00000004   Code   RO          831    i.GFX_Clear         gfx_engine.o
    0x080005b0   0x080005b0   0x0000005c   Code   RO          834    i.GFX_DrawChar      gfx_engine.o
    0x0800060c   0x0800060c   0x0000007a   Code   RO          835    i.GFX_DrawLine      gfx_engine.o
    0x08000686   0x08000686   0x0000003c   Code   RO          837    i.GFX_DrawString    gfx_engine.o
    0x080006c2   0x080006c2   0x00000004   Code   RO          839    i.GFX_Refresh       gfx_engine.o
    0x080006c6   0x080006c6   0x00000006   Code   RO          840    i.GFX_SetPixel      gfx_engine.o
    0x080006cc   0x080006cc   0x000000fc   Code   RO         1204    i.HAL_ADC_ConfigChannel  stm32f1xx_hal_adc.o
    0x080007c8   0x080007c8   0x00000006   Code   RO         1211    i.HAL_ADC_GetValue  stm32f1xx_hal_adc.o
    0x080007ce   0x080007ce   0x00000002   PAD
    0x080007d0   0x080007d0   0x0000011c   Code   RO         1213    i.HAL_ADC_Init      stm32f1xx_hal_adc.o
    0x080008ec   0x080008ec   0x00000058   Code   RO          321    i.HAL_ADC_MspInit   adc.o
    0x08000944   0x08000944   0x0000013c   Code   RO         1217    i.HAL_ADC_PollForConversion  stm32f1xx_hal_adc.o
    0x08000a80   0x08000a80   0x000000c0   Code   RO         1219    i.HAL_ADC_Start     stm32f1xx_hal_adc.o
    0x08000b40   0x08000b40   0x00000034   Code   RO         1222    i.HAL_ADC_Stop      stm32f1xx_hal_adc.o
    0x08000b74   0x08000b74   0x00000024   Code   RO         1481    i.HAL_Delay         stm32f1xx_hal.o
    0x08000b98   0x08000b98   0x000001e0   Code   RO         1791    i.HAL_GPIO_Init     stm32f1xx_hal_gpio.o
    0x08000d78   0x08000d78   0x00000010   Code   RO         1794    i.HAL_GPIO_TogglePin  stm32f1xx_hal_gpio.o
    0x08000d88   0x08000d88   0x0000000a   Code   RO         1795    i.HAL_GPIO_WritePin  stm32f1xx_hal_gpio.o
    0x08000d92   0x08000d92   0x00000002   PAD
    0x08000d94   0x08000d94   0x0000000c   Code   RO         1485    i.HAL_GetTick       stm32f1xx_hal.o
    0x08000da0   0x08000da0   0x00000188   Code   RO         2462    i.HAL_I2C_Init      stm32f1xx_hal_i2c.o
    0x08000f28   0x08000f28   0x0000012c   Code   RO         2475    i.HAL_I2C_Master_Transmit  stm32f1xx_hal_i2c.o
    0x08001054   0x08001054   0x0000005c   Code   RO          363    i.HAL_I2C_MspInit   i2c.o
    0x080010b0   0x080010b0   0x00000010   Code   RO         1491    i.HAL_IncTick       stm32f1xx_hal.o
    0x080010c0   0x080010c0   0x00000024   Code   RO         1492    i.HAL_Init          stm32f1xx_hal.o
    0x080010e4   0x080010e4   0x00000040   Code   RO         1493    i.HAL_InitTick      stm32f1xx_hal.o
    0x08001124   0x08001124   0x0000003c   Code   RO          611    i.HAL_MspInit       stm32f1xx_hal_msp.o
    0x08001160   0x08001160   0x00000040   Code   RO         1957    i.HAL_NVIC_SetPriority  stm32f1xx_hal_cortex.o
    0x080011a0   0x080011a0   0x00000024   Code   RO         1958    i.HAL_NVIC_SetPriorityGrouping  stm32f1xx_hal_cortex.o
    0x080011c4   0x080011c4   0x000000a4   Code   RO         1752    i.HAL_RCCEx_GetPeriphCLKFreq  stm32f1xx_hal_rcc_ex.o
    0x08001268   0x08001268   0x000000ec   Code   RO         1753    i.HAL_RCCEx_PeriphCLKConfig  stm32f1xx_hal_rcc_ex.o
    0x08001354   0x08001354   0x0000012c   Code   RO         1649    i.HAL_RCC_ClockConfig  stm32f1xx_hal_rcc.o
    0x08001480   0x08001480   0x00000020   Code   RO         1656    i.HAL_RCC_GetPCLK1Freq  stm32f1xx_hal_rcc.o
    0x080014a0   0x080014a0   0x00000020   Code   RO         1657    i.HAL_RCC_GetPCLK2Freq  stm32f1xx_hal_rcc.o
    0x080014c0   0x080014c0   0x0000004c   Code   RO         1658    i.HAL_RCC_GetSysClockFreq  stm32f1xx_hal_rcc.o
    0x0800150c   0x0800150c   0x00000320   Code   RO         1661    i.HAL_RCC_OscConfig  stm32f1xx_hal_rcc.o
    0x0800182c   0x0800182c   0x000000b2   Code   RO         2899    i.HAL_SPI_Init      stm32f1xx_hal_spi.o
    0x080018de   0x080018de   0x00000002   PAD
    0x080018e0   0x080018e0   0x00000070   Code   RO          405    i.HAL_SPI_MspInit   spi.o
    0x08001950   0x08001950   0x00000166   Code   RO         2907    i.HAL_SPI_Transmit  stm32f1xx_hal_spi.o
    0x08001ab6   0x08001ab6   0x000001f0   Code   RO         2908    i.HAL_SPI_TransmitReceive  stm32f1xx_hal_spi.o
    0x08001ca6   0x08001ca6   0x00000028   Code   RO         1962    i.HAL_SYSTICK_Config  stm32f1xx_hal_cortex.o
    0x08001cce   0x08001cce   0x00000002   PAD
    0x08001cd0   0x08001cd0   0x00000068   Code   RO         3935    i.HAL_TIMEx_MasterConfigSynchronization  stm32f1xx_hal_tim_ex.o
    0x08001d38   0x08001d38   0x0000005a   Code   RO         3212    i.HAL_TIM_Base_Init  stm32f1xx_hal_tim.o
    0x08001d92   0x08001d92   0x00000002   PAD
    0x08001d94   0x08001d94   0x00000024   Code   RO          447    i.HAL_TIM_Base_MspInit  tim.o
    0x08001db8   0x08001db8   0x000000dc   Code   RO         3221    i.HAL_TIM_ConfigClockSource  stm32f1xx_hal_tim.o
    0x08001e94   0x08001e94   0x00000060   Code   RO          448    i.HAL_TIM_MspPostInit  tim.o
    0x08001ef4   0x08001ef4   0x000000cc   Code   RO         3284    i.HAL_TIM_PWM_ConfigChannel  stm32f1xx_hal_tim.o
    0x08001fc0   0x08001fc0   0x0000005a   Code   RO         3287    i.HAL_TIM_PWM_Init  stm32f1xx_hal_tim.o
    0x0800201a   0x0800201a   0x00000002   Code   RO         3289    i.HAL_TIM_PWM_MspInit  stm32f1xx_hal_tim.o
    0x0800201c   0x0800201c   0x00000064   Code   RO         4213    i.HAL_UART_Init     stm32f1xx_hal_uart.o
    0x08002080   0x08002080   0x00000070   Code   RO          495    i.HAL_UART_MspInit  usart.o
    0x080020f0   0x080020f0   0x000000a0   Code   RO         4221    i.HAL_UART_Transmit  stm32f1xx_hal_uart.o
    0x08002190   0x08002190   0x00000002   Code   RO          538    i.HardFault_Handler  stm32f1xx_it.o
    0x08002192   0x08002192   0x0000002e   Code   RO         2505    i.I2C_IsAcknowledgeFailed  stm32f1xx_hal_i2c.o
    0x080021c0   0x080021c0   0x0000009c   Code   RO         2509    i.I2C_MasterRequestWrite  stm32f1xx_hal_i2c.o
    0x0800225c   0x0800225c   0x00000056   Code   RO         2520    i.I2C_WaitOnBTFFlagUntilTimeout  stm32f1xx_hal_i2c.o
    0x080022b2   0x080022b2   0x00000002   PAD
    0x080022b4   0x080022b4   0x00000090   Code   RO         2521    i.I2C_WaitOnFlagUntilTimeout  stm32f1xx_hal_i2c.o
    0x08002344   0x08002344   0x000000bc   Code   RO         2522    i.I2C_WaitOnMasterAddressFlagUntilTimeout  stm32f1xx_hal_i2c.o
    0x08002400   0x08002400   0x00000056   Code   RO         2524    i.I2C_WaitOnTXEFlagUntilTimeout  stm32f1xx_hal_i2c.o
    0x08002456   0x08002456   0x00000002   PAD
    0x08002458   0x08002458   0x00000064   Code   RO          322    i.MX_ADC1_Init      adc.o
    0x080024bc   0x080024bc   0x00000080   Code   RO          296    i.MX_GPIO_Init      gpio.o
    0x0800253c   0x0800253c   0x00000040   Code   RO          364    i.MX_I2C1_Init      i2c.o
    0x0800257c   0x0800257c   0x00000048   Code   RO          406    i.MX_SPI1_Init      spi.o
    0x080025c4   0x080025c4   0x000000a8   Code   RO          449    i.MX_TIM2_Init      tim.o
    0x0800266c   0x0800266c   0x00000038   Code   RO          496    i.MX_USART1_UART_Init  usart.o
    0x080026a4   0x080026a4   0x00000002   Code   RO          539    i.MemManage_Handler  stm32f1xx_it.o
    0x080026a6   0x080026a6   0x00000002   Code   RO          540    i.NMI_Handler       stm32f1xx_it.o
    0x080026a8   0x080026a8   0x00000002   Code   RO          541    i.PendSV_Handler    stm32f1xx_it.o
    0x080026aa   0x080026aa   0x00000002   PAD
    0x080026ac   0x080026ac   0x0000000c   Code   RO          911    i.PetFSM_GetAnimSlot  pet_fsm.o
    0x080026b8   0x080026b8   0x0000000c   Code   RO          912    i.PetFSM_GetMelody  pet_fsm.o
    0x080026c4   0x080026c4   0x0000000c   Code   RO          913    i.PetFSM_GetState   pet_fsm.o
    0x080026d0   0x080026d0   0x00000018   Code   RO          914    i.PetFSM_Init       pet_fsm.o
    0x080026e8   0x080026e8   0x00000148   Code   RO          915    i.PetFSM_Update     pet_fsm.o
    0x08002830   0x08002830   0x00000034   Code   RO         2937    i.SPI_EndRxTxTransaction  stm32f1xx_hal_spi.o
    0x08002864   0x08002864   0x000000b8   Code   RO         2942    i.SPI_WaitFlagStateUntilTimeout  stm32f1xx_hal_spi.o
    0x0800291c   0x0800291c   0x00000010   Code   RO           13    i.SSD1306_ClearBuffer  ssd1306_i2c.o
    0x0800292c   0x0800292c   0x000000aa   Code   RO           16    i.SSD1306_Init      ssd1306_i2c.o
    0x080029d6   0x080029d6   0x00000002   PAD
    0x080029d8   0x080029d8   0x00000040   Code   RO           17    i.SSD1306_Refresh   ssd1306_i2c.o
    0x08002a18   0x08002a18   0x0000002c   Code   RO           18    i.SSD1306_SetPixel  ssd1306_i2c.o
    0x08002a44   0x08002a44   0x00000020   Code   RO           19    i.SSD1306_WriteCmd  ssd1306_i2c.o
    0x08002a64   0x08002a64   0x00000028   Code   RO           20    i.SSD1306_WriteData  ssd1306_i2c.o
    0x08002a8c   0x08002a8c   0x00000002   Code   RO          542    i.SVC_Handler       stm32f1xx_it.o
    0x08002a8e   0x08002a8e   0x00000002   PAD
    0x08002a90   0x08002a90   0x0000000c   Code   RO          635    i.Sensor_GetLDR     sensor.o
    0x08002a9c   0x08002a9c   0x00000020   Code   RO          636    i.Sensor_GetLight   sensor.o
    0x08002abc   0x08002abc   0x0000000c   Code   RO          637    i.Sensor_GetNTC     sensor.o
    0x08002ac8   0x08002ac8   0x00000020   Code   RO          638    i.Sensor_GetTemp    sensor.o
    0x08002ae8   0x08002ae8   0x0000005c   Code   RO          639    i.Sensor_Init       sensor.o
    0x08002b44   0x08002b44   0x00000050   Code   RO          640    i.Sensor_Update     sensor.o
    0x08002b94   0x08002b94   0x00000004   Code   RO          543    i.SysTick_Handler   stm32f1xx_it.o
    0x08002b98   0x08002b98   0x00000078   Code   RO          190    i.SystemClock_Config  main.o
    0x08002c10   0x08002c10   0x00000002   Code   RO         4547    i.SystemInit        system_stm32f1xx.o
    0x08002c12   0x08002c12   0x00000002   PAD
    0x08002c14   0x08002c14   0x00000078   Code   RO         3305    i.TIM_Base_SetConfig  stm32f1xx_hal_tim.o
    0x08002c8c   0x08002c8c   0x00000014   Code   RO         3316    i.TIM_ETR_SetConfig  stm32f1xx_hal_tim.o
    0x08002ca0   0x08002ca0   0x00000010   Code   RO         3317    i.TIM_ITRx_SetConfig  stm32f1xx_hal_tim.o
    0x08002cb0   0x08002cb0   0x00000050   Code   RO         3318    i.TIM_OC1_SetConfig  stm32f1xx_hal_tim.o
    0x08002d00   0x08002d00   0x00000058   Code   RO         3319    i.TIM_OC2_SetConfig  stm32f1xx_hal_tim.o
    0x08002d58   0x08002d58   0x00000058   Code   RO         3320    i.TIM_OC3_SetConfig  stm32f1xx_hal_tim.o
    0x08002db0   0x08002db0   0x00000044   Code   RO         3321    i.TIM_OC4_SetConfig  stm32f1xx_hal_tim.o
    0x08002df4   0x08002df4   0x00000022   Code   RO         3323    i.TIM_TI1_ConfigInputStage  stm32f1xx_hal_tim.o
    0x08002e16   0x08002e16   0x00000024   Code   RO         3325    i.TIM_TI2_ConfigInputStage  stm32f1xx_hal_tim.o
    0x08002e3a   0x08002e3a   0x0000004e   Code   RO         4236    i.UART_EndRxTransfer  stm32f1xx_hal_uart.o
    0x08002e88   0x08002e88   0x000000b8   Code   RO         4239    i.UART_SetConfig    stm32f1xx_hal_uart.o
    0x08002f40   0x08002f40   0x00000072   Code   RO         4242    i.UART_WaitOnFlagUntilTimeout  stm32f1xx_hal_uart.o
    0x08002fb2   0x08002fb2   0x00000002   Code   RO          544    i.UsageFault_Handler  stm32f1xx_it.o
    0x08002fb4   0x08002fb4   0x00000054   Code   RO          756    i.W25Q_EraseSector  w25q_spi.o
    0x08003008   0x08003008   0x000000d4   Code   RO          757    i.W25Q_Init         w25q_spi.o
    0x080030dc   0x080030dc   0x00000068   Code   RO          758    i.W25Q_Read         w25q_spi.o
    0x08003144   0x08003144   0x00000040   Code   RO          759    i.W25Q_ReadID       w25q_spi.o
    0x08003184   0x08003184   0x00000078   Code   RO          760    i.W25Q_WritePage    w25q_spi.o
    0x080031fc   0x080031fc   0x00000020   Code   RO         4799    i.__0printf$8       mc_w.l(printf8.o)
    0x0800321c   0x0800321c   0x00000020   Code   RO         1964    i.__NVIC_SetPriority  stm32f1xx_hal_cortex.o
    0x0800323c   0x0800323c   0x0000000e   Code   RO         4893    i.__scatterload_copy  mc_w.l(handlers.o)
    0x0800324a   0x0800324a   0x00000002   Code   RO         4894    i.__scatterload_null  mc_w.l(handlers.o)
    0x0800324c   0x0800324c   0x0000000e   Code   RO         4895    i.__scatterload_zeroinit  mc_w.l(handlers.o)
    0x0800325a   0x0800325a   0x00000002   PAD
    0x0800325c   0x0800325c   0x00000410   Code   RO         4806    i._printf_core      mc_w.l(printf8.o)
    0x0800366c   0x0800366c   0x00000024   Code   RO         4807    i._printf_post_padding  mc_w.l(printf8.o)
    0x08003690   0x08003690   0x0000002e   Code   RO         4808    i._printf_pre_padding  mc_w.l(printf8.o)
    0x080036be   0x080036be   0x00000002   PAD
    0x080036c0   0x080036c0   0x00000010   Code   RO          704    i.buzzer_off        buzzer.o
    0x080036d0   0x080036d0   0x00000012   Code   RO         1123    i.calc_crc          flash_config.o
    0x080036e2   0x080036e2   0x00000002   PAD
    0x080036e4   0x080036e4   0x00000018   Code   RO          191    i.fputc             main.o
    0x080036fc   0x080036fc   0x00000054   Code   RO          641    i.hal_read_ch       sensor.o
    0x08003750   0x08003750   0x000005b4   Code   RO          192    i.main              main.o
    0x08003d04   0x08003d04   0x0000005c   Code   RO          705    i.melody_update     buzzer.o
    0x08003d60   0x08003d60   0x00000014   Code   RO          761    i.spi_tx            w25q_spi.o
    0x08003d74   0x08003d74   0x00000020   Code   RO          762    i.spi_txrx          w25q_spi.o
    0x08003d94   0x08003d94   0x00000030   Code   RO          763    i.w25q_wait_busy    w25q_spi.o
    0x08003dc4   0x08003dc4   0x00000028   Code   RO          764    i.w25q_write_enable  w25q_spi.o
    0x08003dec   0x08003dec   0x00000028   Data   RO          193    .constdata          main.o
    0x08003e14   0x08003e14   0x0000001c   Data   RO          706    .constdata          buzzer.o
    0x08003e30   0x08003e30   0x000001db   Data   RO          841    .constdata          gfx_engine.o
    0x0800400b   0x0800400b   0x00000400   Data   RO          961    .constdata          cat_fullscreen.o
    0x0800440b   0x0800440b   0x00000400   Data   RO          962    .constdata          cat_fullscreen.o
    0x0800480b   0x0800480b   0x00000400   Data   RO          963    .constdata          cat_fullscreen.o
    0x08004c0b   0x08004c0b   0x00000400   Data   RO          964    .constdata          cat_fullscreen.o
    0x0800500b   0x0800500b   0x00000400   Data   RO          965    .constdata          cat_fullscreen.o
    0x0800540b   0x0800540b   0x00000400   Data   RO          966    .constdata          cat_fullscreen.o
    0x0800580b   0x0800580b   0x00000400   Data   RO          991    .constdata          cat_anim1.o
    0x08005c0b   0x08005c0b   0x00000400   Data   RO          992    .constdata          cat_anim1.o
    0x0800600b   0x0800600b   0x00000400   Data   RO          993    .constdata          cat_anim1.o
    0x0800640b   0x0800640b   0x00000400   Data   RO          994    .constdata          cat_anim1.o
    0x0800680b   0x0800680b   0x00000400   Data   RO         1019    .constdata          cat_anim2.o
    0x08006c0b   0x08006c0b   0x00000400   Data   RO         1020    .constdata          cat_anim2.o
    0x0800700b   0x0800700b   0x00000400   Data   RO         1021    .constdata          cat_anim2.o
    0x0800740b   0x0800740b   0x00000400   Data   RO         1022    .constdata          cat_anim2.o
    0x0800780b   0x0800780b   0x00000400   Data   RO         1023    .constdata          cat_anim2.o
    0x08007c0b   0x08007c0b   0x00000400   Data   RO         1024    .constdata          cat_anim2.o
    0x0800800b   0x0800800b   0x00000400   Data   RO         1025    .constdata          cat_anim2.o
    0x0800840b   0x0800840b   0x00000400   Data   RO         1026    .constdata          cat_anim2.o
    0x0800880b   0x0800880b   0x00000400   Data   RO         1027    .constdata          cat_anim2.o
    0x08008c0b   0x08008c0b   0x00000400   Data   RO         1028    .constdata          cat_anim2.o
    0x0800900b   0x0800900b   0x00000400   Data   RO         1029    .constdata          cat_anim2.o
    0x0800940b   0x0800940b   0x00000400   Data   RO         1054    .constdata          cat_sleep.o
    0x0800980b   0x0800980b   0x00000400   Data   RO         1055    .constdata          cat_sleep.o
    0x08009c0b   0x08009c0b   0x00000400   Data   RO         1056    .constdata          cat_sleep.o
    0x0800a00b   0x0800a00b   0x00000400   Data   RO         1057    .constdata          cat_sleep.o
    0x0800a40b   0x0800a40b   0x00000400   Data   RO         1058    .constdata          cat_sleep.o
    0x0800a80b   0x0800a80b   0x00000400   Data   RO         1059    .constdata          cat_sleep.o
    0x0800ac0b   0x0800ac0b   0x00000400   Data   RO         1060    .constdata          cat_sleep.o
    0x0800b00b   0x0800b00b   0x00000400   Data   RO         1061    .constdata          cat_sleep.o
    0x0800b40b   0x0800b40b   0x00000400   Data   RO         1062    .constdata          cat_sleep.o
    0x0800b80b   0x0800b80b   0x00000400   Data   RO         1063    .constdata          cat_sleep.o
    0x0800bc0b   0x0800bc0b   0x00000400   Data   RO         1064    .constdata          cat_sleep.o
    0x0800c00b   0x0800c00b   0x00000400   Data   RO         1065    .constdata          cat_sleep.o
    0x0800c40b   0x0800c40b   0x00000400   Data   RO         1090    .constdata          cat_hot.o
    0x0800c80b   0x0800c80b   0x00000400   Data   RO         1091    .constdata          cat_hot.o
    0x0800cc0b   0x0800cc0b   0x00000400   Data   RO         1092    .constdata          cat_hot.o
    0x0800d00b   0x0800d00b   0x00000400   Data   RO         1093    .constdata          cat_hot.o
    0x0800d40b   0x0800d40b   0x00000400   Data   RO         1094    .constdata          cat_hot.o
    0x0800d80b   0x0800d80b   0x00000400   Data   RO         1095    .constdata          cat_hot.o
    0x0800dc0b   0x0800dc0b   0x00000012   Data   RO         1662    .constdata          stm32f1xx_hal_rcc.o
    0x0800dc1d   0x0800dc1d   0x00000012   Data   RO         1754    .constdata          stm32f1xx_hal_rcc_ex.o
    0x0800dc2f   0x0800dc2f   0x00000010   Data   RO         4548    .constdata          system_stm32f1xx.o
    0x0800dc3f   0x0800dc3f   0x00000008   Data   RO         4549    .constdata          system_stm32f1xx.o
    0x0800dc47   0x0800dc47   0x00000001   PAD
    0x0800dc48   0x0800dc48   0x0000004e   Data   RO          194    .conststring        main.o
    0x0800dc96   0x0800dc96   0x00000002   PAD
    0x0800dc98   0x0800dc98   0x00000045   Data   RO         1124    .conststring        flash_config.o
    0x0800dcdd   0x0800dcdd   0x00000003   PAD
    0x0800dce0   0x0800dce0   0x00000020   Data   RO         4891    Region$$Table       anon$$obj.o


    Execution Region RW_IRAM1 (Exec base: 0x20000000, Load base: 0x0800dd00, Size: 0x00000a70, Max: 0x00005000, ABSOLUTE)

    Exec Addr    Load Addr    Size         Type   Attr      Idx    E Section Name        Object

    0x20000000   0x0800dd00   0x00000018   Data   RW          195    .data               main.o
    0x20000018   0x0800dd18   0x00000012   Data   RW          642    .data               sensor.o
    0x2000002a   0x0800dd2a   0x00000002   PAD
    0x2000002c   0x0800dd2c   0x00000010   Data   RW          707    .data               buzzer.o
    0x2000003c   0x0800dd3c   0x00000001   Data   RW          765    .data               w25q_spi.o
    0x2000003d   0x0800dd3d   0x00000003   PAD
    0x20000040   0x0800dd40   0x00000014   Data   RW          916    .data               pet_fsm.o
    0x20000054   0x0800dd54   0x00000018   Data   RW          967    .data               cat_fullscreen.o
    0x2000006c   0x0800dd6c   0x00000010   Data   RW          995    .data               cat_anim1.o
    0x2000007c   0x0800dd7c   0x0000002c   Data   RW         1030    .data               cat_anim2.o
    0x200000a8   0x0800dda8   0x00000030   Data   RW         1066    .data               cat_sleep.o
    0x200000d8   0x0800ddd8   0x00000018   Data   RW         1096    .data               cat_hot.o
    0x200000f0   0x0800ddf0   0x0000000c   Data   RW         1499    .data               stm32f1xx_hal.o
    0x200000fc   0x0800ddfc   0x00000004   Data   RW         4550    .data               system_stm32f1xx.o
    0x20000100   0x0800de00   0x00000004   Data   RW         4867    .data               mc_w.l(stdout.o)
    0x20000104        -       0x00000400   Zero   RW           21    .bss                ssd1306_i2c.o
    0x20000504        -       0x00000030   Zero   RW          323    .bss                adc.o
    0x20000534        -       0x00000054   Zero   RW          365    .bss                i2c.o
    0x20000588        -       0x00000058   Zero   RW          407    .bss                spi.o
    0x200005e0        -       0x00000048   Zero   RW          450    .bss                tim.o
    0x20000628        -       0x00000048   Zero   RW          497    .bss                usart.o
    0x20000670        -       0x00000400   Zero   RW            1    STACK               startup_stm32f103xb.o


==============================================================================

Image component sizes


      Code (inc. data)   RO Data    RW Data    ZI Data      Debug   Object Name

       188         22          0          0         48       1569   adc.o
       280         42         28         16          0       3452   buzzer.o
         0          0       4096         16          0        715   cat_anim1.o
         0          0      11264         44          0       1091   cat_anim2.o
         0          0       6144         24          0        826   cat_fullscreen.o
         0          0       6144         24          0        787   cat_hot.o
         0          0      12288         48          0       1141   cat_sleep.o
       510        242         69          0          0       2694   flash_config.o
       288          4        475          0          0       3724   gfx_engine.o
       128          8          0          0          0        915   gpio.o
       156         26          0          0         84       1529   i2c.o
      1608        606        118         24          0       5832   main.o
       388         34          0         20          0       2936   pet_fsm.o
       344        102          0         18          0       4092   sensor.o
       184         24          0          0         88       1553   spi.o
       366         28          0          0       1024     458449   ssd1306_i2c.o
        36          8        236          0       1024        784   startup_stm32f103xb.o
       164         28          0         12          0       5681   stm32f1xx_hal.o
      1312         54          0          0          0       6343   stm32f1xx_hal_adc.o
       172         14          0          0          0      27882   stm32f1xx_hal_cortex.o
       506         34          0          0          0       3025   stm32f1xx_hal_gpio.o
      1398         32          0          0          0       7861   stm32f1xx_hal_i2c.o
        60          8          0          0          0        838   stm32f1xx_hal_msp.o
      1240         84         18          0          0       4740   stm32f1xx_hal_rcc.o
       400         28         18          0          0       2245   stm32f1xx_hal_rcc_ex.o
      1268          4          0          0          0       4760   stm32f1xx_hal_spi.o
      1156         32          0          0          0       9832   stm32f1xx_hal_tim.o
       104         12          0          0          0       1264   stm32f1xx_hal_tim_ex.o
       636          6          0          0          0       4004   stm32f1xx_hal_uart.o
        20          0          0          0          0       3698   stm32f1xx_it.o
         2          0         24          4          0       1059   system_stm32f1xx.o
       300         26          0          0         72       2208   tim.o
       168         20          0          0         72       1574   usart.o
       724        156          0          1          0       5498   w25q_spi.o

    ----------------------------------------------------------------------
     14136       1684      40960        256       2412     584601   Object Totals
         0          0         32          0          0          0   (incl. Generated)
        30          0          6          5          0          0   (incl. Padding)

    ----------------------------------------------------------------------

      Code (inc. data)   RO Data    RW Data    ZI Data      Debug   Library Member Name

         0          0          0          0          0          0   entry.o
         0          0          0          0          0          0   entry10a.o
         0          0          0          0          0          0   entry11a.o
         8          4          0          0          0          0   entry2.o
         4          0          0          0          0          0   entry5.o
         0          0          0          0          0          0   entry7b.o
         0          0          0          0          0          0   entry8b.o
         8          4          0          0          0          0   entry9a.o
        30          0          0          0          0          0   handlers.o
        36          8          0          0          0         68   init.o
        30          0          0          0          0         68   llshl.o
        32          0          0          0          0         68   llushr.o
        36          0          0          0          0         68   memcpya.o
        36          0          0          0          0        108   memseta.o
      1154         54          0          0          0        352   printf8.o
         0          0          0          4          0          0   stdout.o
        98          0          0          0          0         92   uldiv.o

    ----------------------------------------------------------------------
      1480         70          0          4          0        824   Library Totals
         8          0          0          0          0          0   (incl. Padding)

    ----------------------------------------------------------------------

      Code (inc. data)   RO Data    RW Data    ZI Data      Debug   Library Name

      1472         70          0          4          0        824   mc_w.l

    ----------------------------------------------------------------------
      1480         70          0          4          0        824   Library Totals

    ----------------------------------------------------------------------

==============================================================================


      Code (inc. data)   RO Data    RW Data    ZI Data      Debug   

     15616       1754      40960        260       2412     578713   Grand Totals
     15616       1754      40960        260       2412     578713   ELF Image Totals
     15616       1754      40960        260          0          0   ROM Totals

==============================================================================

    Total RO  Size (Code + RO Data)                56576 (  55.25kB)
    Total RW  Size (RW Data + ZI Data)              2672 (   2.61kB)
    Total ROM Size (Code + RO Data + RW Data)      56836 (  55.50kB)

==============================================================================

