Component: ARM Compiler 5.05 update 1 (build 106) Tool: armlink [4d0efa]

==============================================================================

Section Cross References

    startup_stm32f103xb.o(RESET) refers to startup_stm32f103xb.o(STACK) for __initial_sp
    startup_stm32f103xb.o(RESET) refers to startup_stm32f103xb.o(.text) for Reset_Handler
    startup_stm32f103xb.o(RESET) refers to stm32f1xx_it.o(i.NMI_Handler) for NMI_Handler
    startup_stm32f103xb.o(RESET) refers to stm32f1xx_it.o(i.HardFault_Handler) for HardFault_Handler
    startup_stm32f103xb.o(RESET) refers to stm32f1xx_it.o(i.MemManage_Handler) for MemManage_Handler
    startup_stm32f103xb.o(RESET) refers to stm32f1xx_it.o(i.BusFault_Handler) for BusFault_Handler
    startup_stm32f103xb.o(RESET) refers to stm32f1xx_it.o(i.UsageFault_Handler) for UsageFault_Handler
    startup_stm32f103xb.o(RESET) refers to stm32f1xx_it.o(i.SVC_Handler) for SVC_Handler
    startup_stm32f103xb.o(RESET) refers to stm32f1xx_it.o(i.DebugMon_Handler) for DebugMon_Handler
    startup_stm32f103xb.o(RESET) refers to stm32f1xx_it.o(i.PendSV_Handler) for PendSV_Handler
    startup_stm32f103xb.o(RESET) refers to stm32f1xx_it.o(i.SysTick_Handler) for SysTick_Handler
    startup_stm32f103xb.o(.text) refers to system_stm32f1xx.o(i.SystemInit) for SystemInit
    startup_stm32f103xb.o(.text) refers to entry.o(.ARM.Collect$$$$00000000) for __main
    ssd1306_i2c.o(i.SSD1306_ClearBuffer) refers to memseta.o(.text) for __aeabi_memclr
    ssd1306_i2c.o(i.SSD1306_ClearBuffer) refers to ssd1306_i2c.o(.bss) for .bss
    ssd1306_i2c.o(i.SSD1306_FillBuffer) refers to memseta.o(.text) for __aeabi_memset
    ssd1306_i2c.o(i.SSD1306_FillBuffer) refers to ssd1306_i2c.o(.bss) for .bss
    ssd1306_i2c.o(i.SSD1306_GetBuffer) refers to ssd1306_i2c.o(.bss) for .bss
    ssd1306_i2c.o(i.SSD1306_Init) refers to ssd1306_i2c.o(i.SSD1306_WriteCmd) for SSD1306_WriteCmd
    ssd1306_i2c.o(i.SSD1306_Init) refers to ssd1306_i2c.o(i.SSD1306_ClearBuffer) for SSD1306_ClearBuffer
    ssd1306_i2c.o(i.SSD1306_Init) refers to ssd1306_i2c.o(i.SSD1306_Refresh) for SSD1306_Refresh
    ssd1306_i2c.o(i.SSD1306_Refresh) refers to ssd1306_i2c.o(i.SSD1306_WriteCmd) for SSD1306_WriteCmd
    ssd1306_i2c.o(i.SSD1306_Refresh) refers to ssd1306_i2c.o(i.SSD1306_WriteData) for SSD1306_WriteData
    ssd1306_i2c.o(i.SSD1306_Refresh) refers to ssd1306_i2c.o(.bss) for .bss
    ssd1306_i2c.o(i.SSD1306_SetPixel) refers to ssd1306_i2c.o(.bss) for .bss
    ssd1306_i2c.o(i.SSD1306_WriteCmd) refers to stm32f1xx_hal_i2c.o(i.HAL_I2C_Master_Transmit) for HAL_I2C_Master_Transmit
    ssd1306_i2c.o(i.SSD1306_WriteCmd) refers to i2c.o(.bss) for hi2c1
    ssd1306_i2c.o(i.SSD1306_WriteData) refers to stm32f1xx_hal_i2c.o(i.HAL_I2C_Master_Transmit) for HAL_I2C_Master_Transmit
    ssd1306_i2c.o(i.SSD1306_WriteData) refers to i2c.o(.bss) for hi2c1
    main.o(i.SystemClock_Config) refers to memseta.o(.text) for __aeabi_memclr4
    main.o(i.SystemClock_Config) refers to stm32f1xx_hal_rcc.o(i.HAL_RCC_OscConfig) for HAL_RCC_OscConfig
    main.o(i.SystemClock_Config) refers to stm32f1xx_hal_rcc.o(i.HAL_RCC_ClockConfig) for HAL_RCC_ClockConfig
    main.o(i.SystemClock_Config) refers to stm32f1xx_hal_rcc_ex.o(i.HAL_RCCEx_PeriphCLKConfig) for HAL_RCCEx_PeriphCLKConfig
    main.o(i.fputc) refers to stm32f1xx_hal_uart.o(i.HAL_UART_Transmit) for HAL_UART_Transmit
    main.o(i.fputc) refers to usart.o(.bss) for huart1
    main.o(i.main) refers to stm32f1xx_hal.o(i.HAL_Init) for HAL_Init
    main.o(i.main) refers to main.o(i.SystemClock_Config) for SystemClock_Config
    main.o(i.main) refers to gpio.o(i.MX_GPIO_Init) for MX_GPIO_Init
    main.o(i.main) refers to adc.o(i.MX_ADC1_Init) for MX_ADC1_Init
    main.o(i.main) refers to i2c.o(i.MX_I2C1_Init) for MX_I2C1_Init
    main.o(i.main) refers to spi.o(i.MX_SPI1_Init) for MX_SPI1_Init
    main.o(i.main) refers to tim.o(i.MX_TIM2_Init) for MX_TIM2_Init
    main.o(i.main) refers to usart.o(i.MX_USART1_UART_Init) for MX_USART1_UART_Init
    main.o(i.main) refers to printfa.o(i.__0printf) for __2printf
    main.o(i.main) refers to ssd1306_i2c.o(i.SSD1306_Init) for SSD1306_Init
    main.o(i.main) refers to w25q_spi.o(i.W25Q_Init) for W25Q_Init
    main.o(i.main) refers to flash_config.o(i.FlashConfig_Load) for FlashConfig_Load
    main.o(i.main) refers to sensor.o(i.Sensor_Init) for Sensor_Init
    main.o(i.main) refers to buzzer.o(i.Buzzer_Init) for Buzzer_Init
    main.o(i.main) refers to hc05.o(i.HC05_Init) for HC05_Init
    main.o(i.main) refers to esp8266.o(i.ESP8266_Init) for ESP8266_Init
    main.o(i.main) refers to pet_fsm.o(i.PetFSM_Init) for PetFSM_Init
    main.o(i.main) refers to gfx_engine.o(i.GFX_Clear) for GFX_Clear
    main.o(i.main) refers to gfx_engine.o(i.GFX_DrawString) for GFX_DrawString
    main.o(i.main) refers to gfx_engine.o(i.GFX_DrawLine) for GFX_DrawLine
    main.o(i.main) refers to gfx_engine.o(i.GFX_Refresh) for GFX_Refresh
[...]
    i.HAL_SPI_Transmit                       0x08001fa8   Section        0  stm32f1xx_hal_spi.o(i.HAL_SPI_Transmit)
    i.HAL_SPI_TransmitReceive                0x0800210e   Section        0  stm32f1xx_hal_spi.o(i.HAL_SPI_TransmitReceive)
    i.HAL_SYSTICK_Config                     0x080022fe   Section        0  stm32f1xx_hal_cortex.o(i.HAL_SYSTICK_Config)
    i.HAL_TIMEx_MasterConfigSynchronization  0x08002328   Section        0  stm32f1xx_hal_tim_ex.o(i.HAL_TIMEx_MasterConfigSynchronization)
    i.HAL_TIM_Base_Init                      0x08002390   Section        0  stm32f1xx_hal_tim.o(i.HAL_TIM_Base_Init)
    i.HAL_TIM_Base_MspInit                   0x080023ec   Section        0  tim.o(i.HAL_TIM_Base_MspInit)
    i.HAL_TIM_ConfigClockSource              0x08002410   Section        0  stm32f1xx_hal_tim.o(i.HAL_TIM_ConfigClockSource)
    i.HAL_TIM_PWM_ConfigChannel              0x080024ec   Section        0  stm32f1xx_hal_tim.o(i.HAL_TIM_PWM_ConfigChannel)
    i.HAL_TIM_PWM_Init                       0x080025b8   Section        0  stm32f1xx_hal_tim.o(i.HAL_TIM_PWM_Init)
    i.HAL_TIM_PWM_MspInit                    0x08002612   Section        0  stm32f1xx_hal_tim.o(i.HAL_TIM_PWM_MspInit)
    i.HAL_UART_Init                          0x08002614   Section        0  stm32f1xx_hal_uart.o(i.HAL_UART_Init)
    i.HAL_UART_MspInit                       0x08002678   Section        0  usart.o(i.HAL_UART_MspInit)
    i.HAL_UART_Transmit                      0x08002794   Section        0  stm32f1xx_hal_uart.o(i.HAL_UART_Transmit)
    i.HC05_GetChar                           0x08002834   Section        0  hc05.o(i.HC05_GetChar)
    i.HC05_Init                              0x08002850   Section        0  hc05.o(i.HC05_Init)
    i.HC05_Printf                            0x080028d4   Section        0  hc05.o(i.HC05_Printf)
    i.HC05_Process                           0x08002910   Section        0  hc05.o(i.HC05_Process)
    i.HardFault_Handler                      0x08002bd8   Section        0  stm32f1xx_it.o(i.HardFault_Handler)
    i.I2C_IsAcknowledgeFailed                0x08002bda   Section        0  stm32f1xx_hal_i2c.o(i.I2C_IsAcknowledgeFailed)
    I2C_IsAcknowledgeFailed                  0x08002bdb   Thumb Code    46  stm32f1xx_hal_i2c.o(i.I2C_IsAcknowledgeFailed)
    i.I2C_MasterRequestWrite                 0x08002c08   Section        0  stm32f1xx_hal_i2c.o(i.I2C_MasterRequestWrite)
    I2C_MasterRequestWrite                   0x08002c09   Thumb Code   150  stm32f1xx_hal_i2c.o(i.I2C_MasterRequestWrite)
    i.I2C_WaitOnBTFFlagUntilTimeout          0x08002ca4   Section        0  stm32f1xx_hal_i2c.o(i.I2C_WaitOnBTFFlagUntilTimeout)
    I2C_WaitOnBTFFlagUntilTimeout            0x08002ca5   Thumb Code    86  stm32f1xx_hal_i2c.o(i.I2C_WaitOnBTFFlagUntilTimeout)
    i.I2C_WaitOnFlagUntilTimeout             0x08002cfc   Section        0  stm32f1xx_hal_i2c.o(i.I2C_WaitOnFlagUntilTimeout)
    I2C_WaitOnFlagUntilTimeout               0x08002cfd   Thumb Code   144  stm32f1xx_hal_i2c.o(i.I2C_WaitOnFlagUntilTimeout)
    i.I2C_WaitOnMasterAddressFlagUntilTimeout 0x08002d8c   Section        0  stm32f1xx_hal_i2c.o(i.I2C_WaitOnMasterAddressFlagUntilTimeout)
    I2C_WaitOnMasterAddressFlagUntilTimeout  0x08002d8d   Thumb Code   188  stm32f1xx_hal_i2c.o(i.I2C_WaitOnMasterAddressFlagUntilTimeout)
    i.I2C_WaitOnTXEFlagUntilTimeout          0x08002e48   Section        0  stm32f1xx_hal_i2c.o(i.I2C_WaitOnTXEFlagUntilTimeout)
    I2C_WaitOnTXEFlagUntilTimeout            0x08002e49   Thumb Code    86  stm32f1xx_hal_i2c.o(i.I2C_WaitOnTXEFlagUntilTimeout)
    i.MX_ADC1_Init                           0x08002ea0   Section        0  adc.o(i.MX_ADC1_Init)
    i.MX_GPIO_Init                           0x08002f04   Section        0  gpio.o(i.MX_GPIO_Init)
    i.MX_I2C1_Init                           0x08002f84   Section        0  i2c.o(i.MX_I2C1_Init)
    i.MX_SPI1_Init                           0x08002fc4   Section        0  spi.o(i.MX_SPI1_Init)
    i.MX_TIM2_Init                           0x0800300c   Section        0  tim.o(i.MX_TIM2_Init)
    i.MX_USART1_UART_Init                    0x080030b0   Section        0  usart.o(i.MX_USART1_UART_Init)
    i.MX_USART2_UART_Init                    0x080030e8   Section        0  usart.o(i.MX_USART2_UART_Init)
    i.MX_USART3_UART_Init                    0x08003120   Section        0  usart.o(i.MX_USART3_UART_Init)
    i.MemManage_Handler                      0x08003158   Section        0  stm32f1xx_it.o(i.MemManage_Handler)
    i.NMI_Handler                            0x0800315a   Section        0  stm32f1xx_it.o(i.NMI_Handler)
    i.PendSV_Handler                         0x0800315c   Section        0  stm32f1xx_it.o(i.PendSV_Handler)
    i.PetFSM_GetAnimSlot                     0x08003160   Section        0  pet_fsm.o(i.PetFSM_GetAnimSlot)
    i.PetFSM_GetMelody                       0x0800316c   Section        0  pet_fsm.o(i.PetFSM_GetMelody)
    i.PetFSM_GetState                        0x08003178   Section        0  pet_fsm.o(i.PetFSM_GetState)
    i.PetFSM_Init                            0x08003184   Section        0  pet_fsm.o(i.PetFSM_Init)
    i.PetFSM_Update                          0x0800319c   Section        0  pet_fsm.o(i.PetFSM_Update)
    i.SPI_EndRxTxTransaction                 0x080032e8   Section        0  stm32f1xx_hal_spi.o(i.SPI_EndRxTxTransaction)
    SPI_EndRxTxTransaction                   0x080032e9   Thumb Code    52  stm32f1xx_hal_spi.o(i.SPI_EndRxTxTransaction)
    i.SPI_WaitFlagStateUntilTimeout          0x0800331c   Section        0  stm32f1xx_hal_spi.o(i.SPI_WaitFlagStateUntilTimeout)
    SPI_WaitFlagStateUntilTimeout            0x0800331d   Thumb Code   180  stm32f1xx_hal_spi.o(i.SPI_WaitFlagStateUntilTimeout)
    i.SSD1306_ClearBuffer                    0x080033d4   Section        0  ssd1306_i2c.o(i.SSD1306_ClearBuffer)
    i.SSD1306_Init                           0x080033e4   Section        0  ssd1306_i2c.o(i.SSD1306_Init)
    i.SSD1306_Refresh                        0x08003490   Section        0  ssd1306_i2c.o(i.SSD1306_Refresh)
    i.SSD1306_SetPixel                       0x080034d0   Section        0  ssd1306_i2c.o(i.SSD1306_SetPixel)
    i.SSD1306_WriteCmd                       0x080034fc   Section        0  ssd1306_i2c.o(i.SSD1306_WriteCmd)
    i.SSD1306_WriteData                      0x0800351c   Section        0  ssd1306_i2c.o(i.SSD1306_WriteData)
    i.SVC_Handler                            0x08003544   Section        0  stm32f1xx_it.o(i.SVC_Handler)
    i.Sensor_GetLDR                          0x08003548   Section        0  sensor.o(i.Sensor_GetLDR)
    i.Sensor_GetLight                        0x08003554   Section        0  sensor.o(i.Sensor_GetLight)
    i.Sensor_GetNTC                          0x08003574   Section        0  sensor.o(i.Sensor_GetNTC)
    i.Sensor_GetTemp                         0x08003580   Section        0  sensor.o(i.Sensor_GetTemp)
    i.Sensor_Init                            0x080035a0   Section        0  sensor.o(i.Sensor_Init)
    i.Sensor_Update                          0x080035fc   Section        0  sensor.o(i.Sensor_Update)
    i.SysTick_Handler                        0x0800364c   Section        0  stm32f1xx_it.o(i.SysTick_Handler)
    i.SystemClock_Config                     0x08003650   Section        0  main.o(i.SystemClock_Config)
    i.SystemInit                             0x080036c8   Section        0  system_stm32f1xx.o(i.SystemInit)
    i.TIM_Base_SetConfig                     0x080036cc   Section        0  stm32f1xx_hal_tim.o(i.TIM_Base_SetConfig)
    i.TIM_ETR_SetConfig                      0x08003744   Section        0  stm32f1xx_hal_tim.o(i.TIM_ETR_SetConfig)
    i.TIM_ITRx_SetConfig                     0x08003758   Section        0  stm32f1xx_hal_tim.o(i.TIM_ITRx_SetConfig)
    TIM_ITRx_SetConfig                       0x08003759   Thumb Code    16  stm32f1xx_hal_tim.o(i.TIM_ITRx_SetConfig)
    i.TIM_OC1_SetConfig                      0x08003768   Section        0  stm32f1xx_hal_tim.o(i.TIM_OC1_SetConfig)
    TIM_OC1_SetConfig                        0x08003769   Thumb Code    74  stm32f1xx_hal_tim.o(i.TIM_OC1_SetConfig)
    i.TIM_OC2_SetConfig                      0x080037b8   Section        0  stm32f1xx_hal_tim.o(i.TIM_OC2_SetConfig)
    i.TIM_OC3_SetConfig                      0x08003810   Section        0  stm32f1xx_hal_tim.o(i.TIM_OC3_SetConfig)
    TIM_OC3_SetConfig                        0x08003811   Thumb Code    82  stm32f1xx_hal_tim.o(i.TIM_OC3_SetConfig)
    i.TIM_OC4_SetConfig                      0x08003868   Section        0  stm32f1xx_hal_tim.o(i.TIM_OC4_SetConfig)
    TIM_OC4_SetConfig                        0x08003869   Thumb Code    64  stm32f1xx_hal_tim.o(i.TIM_OC4_SetConfig)
    i.TIM_TI1_ConfigInputStage               0x080038ac   Section        0  stm32f1xx_hal_tim.o(i.TIM_TI1_ConfigInputStage)
    TIM_TI1_ConfigInputStage                 0x080038ad   Thumb Code    34  stm32f1xx_hal_tim.o(i.TIM_TI1_ConfigInputStage)
    i.TIM_TI2_ConfigInputStage               0x080038ce   Section        0  stm32f1xx_hal_tim.o(i.TIM_TI2_ConfigInputStage)
    TIM_TI2_ConfigInputStage                 0x080038cf   Thumb Code    36  stm32f1xx_hal_tim.o(i.TIM_TI2_ConfigInputStage)
    i.UART_EndRxTransfer                     0x080038f2   Section        0  stm32f1xx_hal_uart.o(i.UART_EndRxTransfer)
    UART_EndRxTransfer                       0x080038f3   Thumb Code    78  stm32f1xx_hal_uart.o(i.UART_EndRxTransfer)
    i.UART_SetConfig                         0x08003940   Section        0  stm32f1xx_hal_uart.o(i.UART_SetConfig)
    UART_SetConfig                           0x08003941   Thumb Code   178  stm32f1xx_hal_uart.o(i.UART_SetConfig)
    i.UART_WaitOnFlagUntilTimeout            0x080039f8   Section        0  stm32f1xx_hal_uart.o(i.UART_WaitOnFlagUntilTimeout)
    UART_WaitOnFlagUntilTimeout              0x080039f9   Thumb Code   114  stm32f1xx_hal_uart.o(i.UART_WaitOnFlagUntilTimeout)
    i.UsageFault_Handler                     0x08003a6a   Section        0  stm32f1xx_it.o(i.UsageFault_Handler)
    i.W25Q_EraseSector                       0x08003a6c   Section        0  w25q_spi.o(i.W25Q_EraseSector)
    i.W25Q_Init                              0x08003ac0   Section        0  w25q_spi.o(i.W25Q_Init)
    i.W25Q_Read                              0x08003b94   Section        0  w25q_spi.o(i.W25Q_Read)
    i.W25Q_ReadID                            0x08003bfc   Section        0  w25q_spi.o(i.W25Q_ReadID)
    i.W25Q_WritePage                         0x08003c3c   Section        0  w25q_spi.o(i.W25Q_WritePage)
    i.__0printf                              0x08003cb4   Section        0  printfa.o(i.__0printf)
    i.__0vsnprintf                           0x08003cd4   Section        0  printfa.o(i.__0vsnprintf)
    i.__0vsprintf                            0x08003cf8   Section        0  printfa.o(i.__0vsprintf)
    i.__NVIC_SetPriority                     0x08003d1c   Section        0  stm32f1xx_hal_cortex.o(i.__NVIC_SetPriority)
    __NVIC_SetPriority                       0x08003d1d   Thumb Code    32  stm32f1xx_hal_cortex.o(i.__NVIC_SetPriority)
    i.__scatterload_copy                     0x08003d3c   Section       14  handlers.o(i.__scatterload_copy)
    i.__scatterload_null                     0x08003d4a   Section        2  handlers.o(i.__scatterload_null)
    i.__scatterload_zeroinit                 0x08003d4c   Section       14  handlers.o(i.__scatterload_zeroinit)
    i._fp_digits                             0x08003d5c   Section        0  printfa.o(i._fp_digits)
    _fp_digits                               0x08003d5d   Thumb Code   334  printfa.o(i._fp_digits)
    i._printf_core                           0x08003ec0   Section        0  printfa.o(i._printf_core)
    _printf_core                             0x08003ec1   Thumb Code  1744  printfa.o(i._printf_core)
    i._printf_post_padding                   0x0800459c   Section        0  printfa.o(i._printf_post_padding)
    _printf_post_padding                     0x0800459d   Thumb Code    36  printfa.o(i._printf_post_padding)
    i._printf_pre_padding                    0x080045c0   Section        0  printfa.o(i._printf_pre_padding)
    _printf_pre_padding                      0x080045c1   Thumb Code    46  printfa.o(i._printf_pre_padding)
    i._snputc                                0x080045ee   Section        0  printfa.o(i._snputc)
    _snputc                                  0x080045ef   Thumb Code    22  printfa.o(i._snputc)
    i._sputc                                 0x08004604   Section        0  printfa.o(i._sputc)
    _sputc                                   0x08004605   Thumb Code    10  printfa.o(i._sputc)
    i.buzzer_off                             0x08004610   Section        0  buzzer.o(i.buzzer_off)
    buzzer_off                               0x08004611   Thumb Code    10  buzzer.o(i.buzzer_off)
    i.calc_crc                               0x08004620   Section        0  flash_config.o(i.calc_crc)
    calc_crc                                 0x08004621   Thumb Code    18  flash_config.o(i.calc_crc)
    i.fputc                                  0x08004634   Section        0  main.o(i.fputc)
    i.hal_read_ch                            0x0800464c   Section        0  sensor.o(i.hal_read_ch)
    hal_read_ch                              0x0800464d   Thumb Code    78  sensor.o(i.hal_read_ch)
    i.main                                   0x080046a0   Section        0  main.o(i.main)
    i.melody_update                          0x08004ca0   Section        0  buzzer.o(i.melody_update)
    melody_update                            0x08004ca1   Thumb Code    88  buzzer.o(i.melody_update)
    i.spi_tx                                 0x08004cfc   Section        0  w25q_spi.o(i.spi_tx)
    spi_tx                                   0x08004cfd   Thumb Code    16  w25q_spi.o(i.spi_tx)
    i.spi_txrx                               0x08004d10   Section        0  w25q_spi.o(i.spi_txrx)
    spi_txrx                                 0x08004d11   Thumb Code    26  w25q_spi.o(i.spi_txrx)
    i.w25q_wait_busy                         0x08004d30   Section        0  w25q_spi.o(i.w25q_wait_busy)
    w25q_wait_busy                           0x08004d31   Thumb Code    44  w25q_spi.o(i.w25q_wait_busy)
    i.w25q_write_enable                      0x08004d60   Section        0  w25q_spi.o(i.w25q_write_enable)
    w25q_write_enable                        0x08004d61   Thumb Code    34  w25q_spi.o(i.w25q_write_enable)
    .constdata                               0x08004d88   Section       40  main.o(.constdata)
    .constdata                               0x08004db0   Section       28  buzzer.o(.constdata)
    melody_surprise                          0x08004db0   Data           4  buzzer.o(.constdata)
    melody_click                             0x08004db4   Data           4  buzzer.o(.constdata)
    melody_annoyed                           0x08004db8   Data           8  buzzer.o(.constdata)
    melody_happy                             0x08004dc0   Data          12  buzzer.o(.constdata)
    .constdata                               0x08004dcc   Section      475  gfx_engine.o(.constdata)
    font5x7                                  0x08004dcc   Data         475  gfx_engine.o(.constdata)
    .constdata                               0x08004fa7   Section     1024  cat_fullscreen.o(.constdata)
    .constdata                               0x080053a7   Section     1024  cat_fullscreen.o(.constdata)
    .constdata                               0x080057a7   Section     1024  cat_fullscreen.o(.constdata)
    .constdata                               0x08005ba7   Section     1024  cat_fullscreen.o(.constdata)
    .constdata                               0x08005fa7   Section     1024  cat_fullscreen.o(.constdata)
    .constdata                               0x080063a7   Section     1024  cat_fullscreen.o(.constdata)
    .constdata                               0x080067a7   Section     1024  cat_anim1.o(.constdata)
    .constdata                               0x08006ba7   Section     1024  cat_anim1.o(.constdata)
    .constdata                               0x08006fa7   Section     1024  cat_anim1.o(.constdata)
    .constdata                               0x080073a7   Section     1024  cat_anim1.o(.constdata)
    .constdata                               0x080077a7   Section     1024  cat_anim2.o(.constdata)
    .constdata                               0x08007ba7   Section     1024  cat_anim2.o(.constdata)
    .constdata                               0x08007fa7   Section     1024  cat_anim2.o(.constdata)
    .constdata                               0x080083a7   Section     1024  cat_anim2.o(.constdata)
    .constdata                               0x080087a7   Section     1024  cat_anim2.o(.constdata)
    .constdata                               0x08008ba7   Section     1024  cat_anim2.o(.constdata)
    .constdata                               0x08008fa7   Section     1024  cat_anim2.o(.constdata)
    .constdata                               0x080093a7   Section     1024  cat_anim2.o(.constdata)
    .constdata                               0x080097a7   Section     1024  cat_anim2.o(.constdata)
    .constdata                               0x08009ba7   Section     1024  cat_anim2.o(.constdata)
    .constdata                               0x08009fa7   Section     1024  cat_anim2.o(.constdata)
    .constdata                               0x0800a3a7   Section     1024  cat_sleep.o(.constdata)
    .constdata                               0x0800a7a7   Section     1024  cat_sleep.o(.constdata)
    .constdata                               0x0800aba7   Section     1024  cat_sleep.o(.constdata)
    .constdata                               0x0800afa7   Section     1024  cat_sleep.o(.constdata)
    .constdata                               0x0800b3a7   Section     1024  cat_sleep.o(.constdata)
    .constdata                               0x0800b7a7   Section     1024  cat_sleep.o(.constdata)
    .constdata                               0x0800bba7   Section     1024  cat_sleep.o(.constdata)
    .constdata                               0x0800bfa7   Section     1024  cat_sleep.o(.constdata)
    .constdata                               0x0800c3a7   Section     1024  cat_sleep.o(.constdata)
    .constdata                               0x0800c7a7   Section     1024  cat_sleep.o(.constdata)
    .constdata                               0x0800cba7   Section     1024  cat_sleep.o(.constdata)
    .constdata                               0x0800cfa7   Section     1024  cat_sleep.o(.constdata)
    .constdata                               0x0800d3a7   Section     1024  cat_hot.o(.constdata)
    .constdata                               0x0800d7a7   Section     1024  cat_hot.o(.constdata)
    .constdata                               0x0800dba7   Section     1024  cat_hot.o(.constdata)
    .constdata                               0x0800dfa7   Section     1024  cat_hot.o(.constdata)
    .constdata                               0x0800e3a7   Section     1024  cat_hot.o(.constdata)
    .constdata                               0x0800e7a7   Section     1024  cat_hot.o(.constdata)
    .constdata                               0x0800eba8   Section       24  hc05.o(.constdata)
    crlf                                     0x0800eba8   Data           3  hc05.o(.constdata)
    .constdata                               0x0800ebc0   Section       18  stm32f1xx_hal_rcc.o(.constdata)
    aPredivFactorTable                       0x0800ebc0   Data           2  stm32f1xx_hal_rcc.o(.constdata)
    aPLLMULFactorTable                       0x0800ebc2   Data          16  stm32f1xx_hal_rcc.o(.constdata)
    .constdata                               0x0800ebd2   Section       18  stm32f1xx_hal_rcc_ex.o(.constdata)
    aPredivFactorTable                       0x0800ebd2   Data           2  stm32f1xx_hal_rcc_ex.o(.constdata)
    aPLLMULFactorTable                       0x0800ebd4   Data          16  stm32f1xx_hal_rcc_ex.o(.constdata)
    .constdata                               0x0800ebe4   Section       16  system_stm32f1xx.o(.constdata)
    .constdata                               0x0800ebf4   Section        8  system_stm32f1xx.o(.constdata)
    .conststring                             0x0800ebfc   Section       78  main.o(.conststring)
    .conststring                             0x0800ec4c   Section       69  flash_config.o(.conststring)
    .data                                    0x20000000   Section       24  main.o(.data)
    pet_cmd                                  0x20000000   Data           1  main.o(.data)
    cat_frame                                0x20000001   Data           1  main.o(.data)
    last_anim_slot                           0x20000002   Data           1  main.o(.data)
    last_sensor                              0x20000004   Data           4  main.o(.data)
    last_led                                 0x20000008   Data           4  main.o(.data)
    last_status                              0x2000000c   Data           4  main.o(.data)
    last_fsm                                 0x20000010   Data           4  main.o(.data)
    last_render                              0x20000014   Data           4  main.o(.data)
    .data                                    0x20000018   Section       18  sensor.o(.data)
    g_ema_init                               0x20000018   Data           1  sensor.o(.data)
    g_ldr                                    0x20000022   Data           2  sensor.o(.data)
    g_ntc                                    0x20000024   Data           2  sensor.o(.data)
    g_ldr_ema                                0x20000026   Data           2  sensor.o(.data)
    g_ntc_ema                                0x20000028   Data           2  sensor.o(.data)
    .data                                    0x2000002c   Section       16  buzzer.o(.data)
    g_idx                                    0x2000002c   Data           1  buzzer.o(.data)
    g_note_on                                0x2000002d   Data           1  buzzer.o(.data)
    g_off_tick                               0x20000030   Data           4  buzzer.o(.data)
    g_melody                                 0x20000034   Data           4  buzzer.o(.data)
    g_next                                   0x20000038   Data           4  buzzer.o(.data)
    .data                                    0x2000003c   Section        1  w25q_spi.o(.data)
    g_w25q_ok                                0x2000003c   Data           1  w25q_spi.o(.data)
    .data                                    0x20000040   Section       20  pet_fsm.o(.data)
    g_state                                  0x20000040   Data           1  pet_fsm.o(.data)
    g_prev_state                             0x20000041   Data           1  pet_fsm.o(.data)
    g_cmd_active                             0x20000042   Data           1  pet_fsm.o(.data)
    g_anim_slot                              0x20000043   Data           1  pet_fsm.o(.data)
    g_melody                                 0x20000044   Data           1  pet_fsm.o(.data)
    g_state_enter                            0x20000048   Data           4  pet_fsm.o(.data)
    g_cmd_end                                0x2000004c   Data           4  pet_fsm.o(.data)
    g_dark_start                             0x20000050   Data           4  pet_fsm.o(.data)
    .data                                    0x20000054   Section       24  cat_fullscreen.o(.data)
    .data                                    0x2000006c   Section       16  cat_anim1.o(.data)
    .data                                    0x2000007c   Section       44  cat_anim2.o(.data)
    .data                                    0x200000a8   Section       48  cat_sleep.o(.data)
    .data                                    0x200000d8   Section       24  cat_hot.o(.data)
    .data                                    0x200000f0   Section        1  esp8266.o(.data)
    g_rx_idx                                 0x200000f0   Data           1  esp8266.o(.data)
    .data                                    0x200000f4   Section       12  stm32f1xx_hal.o(.data)
    .data                                    0x20000100   Section        4  system_stm32f1xx.o(.data)
    .data                                    0x20000104   Section        4  stdout.o(.data)
    .bss                                     0x20000108   Section     1024  ssd1306_i2c.o(.bss)
    g_ssd1306_buffer                         0x20000108   Data        1024  ssd1306_i2c.o(.bss)
    .bss                                     0x20000508   Section       48  adc.o(.bss)
    .bss                                     0x20000538   Section       84  i2c.o(.bss)
    .bss                                     0x2000058c   Section       88  spi.o(.bss)
    .bss                                     0x200005e4   Section       72  tim.o(.bss)
    .bss                                     0x2000062c   Section      216  usart.o(.bss)
    .bss                                     0x20000704   Section       64  esp8266.o(.bss)
    g_rx_buf                                 0x20000704   Data          64  esp8266.o(.bss)
    STACK                                    0x20000748   Section     1024  startup_stm32f103xb.o(STACK)

    Global Symbols

    Symbol Name                              Value     Ov Type        Size  Object(Section)

    BuildAttributes$$THM_ISAv4$P$D$K$B$S$PE$A:L22UL41UL21$X:L11$S22US41US21$IEEE1$IW$USESV6$~STKCKD$USESV7$~SHL$OSPACE$ROPI$EBA8$MICROLIB$REQ8$PRES8$EABIv2 0x00000000   Number         0  anon$$obj.o ABSOLUTE
    __ARM_use_no_argv                        0x00000000   Number         0  main.o ABSOLUTE
    _printf_a                                0x00000000   Number         0  stubs.o ABSOLUTE
    _printf_c                                0x00000000   Number         0  stubs.o ABSOLUTE
    _printf_charcount                        0x00000000   Number         0  stubs.o ABSOLUTE
    _printf_d                                0x00000000   Number         0  stubs.o ABSOLUTE
    _printf_e                                0x00000000   Number         0  stubs.o ABSOLUTE
    _printf_f                                0x00000000   Number         0  stubs.o ABSOLUTE
    _printf_flags                            0x00000000   Number         0  stubs.o ABSOLUTE
    _printf_fp_dec                           0x00000000   Number         0  stubs.o ABSOLUTE
    _printf_fp_hex                           0x00000000   Number         0  stubs.o ABSOLUTE
    _printf_g                                0x00000000   Number         0  stubs.o ABSOLUTE
    _printf_i                                0x00000000   Number         0  stubs.o ABSOLUTE
    _printf_int_dec                          0x00000000   Number         0  stubs.o ABSOLUTE
    _printf_l                                0x00000000   Number         0  stubs.o ABSOLUTE
    _printf_lc                               0x00000000   Number         0  stubs.o ABSOLUTE
    _printf_ll                               0x00000000   Number         0  stubs.o ABSOLUTE
    _printf_lld                              0x00000000   Number         0  stubs.o ABSOLUTE
    _printf_lli                              0x00000000   Number         0  stubs.o ABSOLUTE
    _printf_llo                              0x00000000   Number         0  stubs.o ABSOLUTE
    _printf_llu                              0x00000000   Number         0  stubs.o ABSOLUTE
    _printf_llx                              0x00000000   Number         0  stubs.o ABSOLUTE
    _printf_longlong_dec                     0x00000000   Number         0  stubs.o ABSOLUTE
    _printf_longlong_hex                     0x00000000   Number         0  stubs.o ABSOLUTE
    _printf_longlong_oct                     0x00000000   Number         0  stubs.o ABSOLUTE
    _printf_ls                               0x00000000   Number         0  stubs.o ABSOLUTE
    _printf_mbtowc                           0x00000000   Number         0  stubs.o ABSOLUTE
    _printf_n                                0x00000000   Number         0  stubs.o ABSOLUTE
    _printf_o                                0x00000000   Number         0  stubs.o ABSOLUTE
    _printf_p                                0x00000000   Number         0  stubs.o ABSOLUTE
    _printf_percent                          0x00000000   Number         0  stubs.o ABSOLUTE
    _printf_pre_padding                      0x00000000   Number         0  stubs.o ABSOLUTE
    _printf_return_value                     0x00000000   Number         0  stubs.o ABSOLUTE
    _printf_s                                0x00000000   Number         0  stubs.o ABSOLUTE
    _printf_sizespec                         0x00000000   Number         0  stubs.o ABSOLUTE
    _printf_str                              0x00000000   Number         0  stubs.o ABSOLUTE
    _printf_truncate_signed                  0x00000000   Number         0  stubs.o ABSOLUTE
    _printf_truncate_unsigned                0x00000000   Number         0  stubs.o ABSOLUTE
    _printf_u                                0x00000000   Number         0  stubs.o ABSOLUTE
    _printf_wc                               0x00000000   Number         0  stubs.o ABSOLUTE
    _printf_wctomb                           0x00000000   Number         0  stubs.o ABSOLUTE
    _printf_widthprec                        0x00000000   Number         0  stubs.o ABSOLUTE
    _printf_x                                0x00000000   Number         0  stubs.o ABSOLUTE
    __cpp_initialize__aeabi_                  - Undefined Weak Reference
    __cxa_finalize                            - Undefined Weak Reference
    __decompress                              - Undefined Weak Reference
    _clock_init                               - Undefined Weak Reference
    _microlib_exit                            - Undefined Weak Reference
    __Vectors_Size                           0x000000ec   Number         0  startup_stm32f103xb.o ABSOLUTE
    __Vectors                                0x08000000   Data           4  startup_stm32f103xb.o(RESET)
    __Vectors_End                            0x080000ec   Data           0  startup_stm32f103xb.o(RESET)
    __main                                   0x080000ed   Thumb Code     0  entry.o(.ARM.Collect$$$$00000000)
    _main_stk                                0x080000ed   Thumb Code     0  entry2.o(.ARM.Collect$$$$00000001)
    _main_scatterload                        0x080000f1   Thumb Code     0  entry5.o(.ARM.Collect$$$$00000004)
    __main_after_scatterload                 0x080000f5   Thumb Code     0  entry5.o(.ARM.Collect$$$$00000004)
    _main_clock                              0x080000f5   Thumb Code     0  entry7b.o(.ARM.Collect$$$$00000008)
    _main_cpp_init                           0x080000f5   Thumb Code     0  entry8b.o(.ARM.Collect$$$$0000000A)
    _main_init                               0x080000f5   Thumb Code     0  entry9a.o(.ARM.Collect$$$$0000000B)
    __rt_final_cpp                           0x080000fd   Thumb Code     0  entry10a.o(.ARM.Collect$$$$0000000D)
    __rt_final_exit                          0x080000fd   Thumb Code     0  entry11a.o(.ARM.Collect$$$$0000000F)
    Reset_Handler                            0x08000101   Thumb Code     8  startup_stm32f103xb.o(.text)
    ADC1_2_IRQHandler                        0x0800011b   Thumb Code     0  startup_stm32f103xb.o(.text)
    CAN1_RX1_IRQHandler                      0x0800011b   Thumb Code     0  startup_stm32f103xb.o(.text)
    CAN1_SCE_IRQHandler                      0x0800011b   Thumb Code     0  startup_stm32f103xb.o(.text)
    DMA1_Channel1_IRQHandler                 0x0800011b   Thumb Code     0  startup_stm32f103xb.o(.text)
    DMA1_Channel2_IRQHandler                 0x0800011b   Thumb Code     0  startup_stm32f103xb.o(.text)
    DMA1_Channel3_IRQHandler                 0x0800011b   Thumb Code     0  startup_stm32f103xb.o(.text)
    DMA1_Channel4_IRQHandler                 0x0800011b   Thumb Code     0  startup_stm32f103xb.o(.text)
    DMA1_Channel5_IRQHandler                 0x0800011b   Thumb Code     0  startup_stm32f103xb.o(.text)
    DMA1_Channel6_IRQHandler                 0x0800011b   Thumb Code     0  startup_stm32f103xb.o(.text)
    DMA1_Channel7_IRQHandler                 0x0800011b   Thumb Code     0  startup_stm32f103xb.o(.text)
    EXTI0_IRQHandler                         0x0800011b   Thumb Code     0  startup_stm32f103xb.o(.text)
    EXTI15_10_IRQHandler                     0x0800011b   Thumb Code     0  startup_stm32f103xb.o(.text)
    EXTI1_IRQHandler                         0x0800011b   Thumb Code     0  startup_stm32f103xb.o(.text)
    EXTI2_IRQHandler                         0x0800011b   Thumb Code     0  startup_stm32f103xb.o(.text)
    EXTI3_IRQHandler                         0x0800011b   Thumb Code     0  startup_stm32f103xb.o(.text)
    EXTI4_IRQHandler                         0x0800011b   Thumb Code     0  startup_stm32f103xb.o(.text)
    EXTI9_5_IRQHandler                       0x0800011b   Thumb Code     0  startup_stm32f103xb.o(.text)
    FLASH_IRQHandler                         0x0800011b   Thumb Code     0  startup_stm32f103xb.o(.text)
    I2C1_ER_IRQHandler                       0x0800011b   Thumb Code     0  startup_stm32f103xb.o(.text)
    I2C1_EV_IRQHandler                       0x0800011b   Thumb Code     0  startup_stm32f103xb.o(.text)
    I2C2_ER_IRQHandler                       0x0800011b   Thumb Code     0  startup_stm32f103xb.o(.text)
    I2C2_EV_IRQHandler                       0x0800011b   Thumb Code     0  startup_stm32f103xb.o(.text)
    PVD_IRQHandler                           0x0800011b   Thumb Code     0  startup_stm32f103xb.o(.text)
    RCC_IRQHandler                           0x0800011b   Thumb Code     0  startup_stm32f103xb.o(.text)
    RTC_Alarm_IRQHandler                     0x0800011b   Thumb Code     0  startup_stm32f103xb.o(.text)
    RTC_IRQHandler                           0x0800011b   Thumb Code     0  startup_stm32f103xb.o(.text)
    SPI1_IRQHandler                          0x0800011b   Thumb Code     0  startup_stm32f103xb.o(.text)
    SPI2_IRQHandler                          0x0800011b   Thumb Code     0  startup_stm32f103xb.o(.text)
    TAMPER_IRQHandler                        0x0800011b   Thumb Code     0  startup_stm32f103xb.o(.text)
    TIM1_BRK_IRQHandler                      0x0800011b   Thumb Code     0  startup_stm32f103xb.o(.text)
    TIM1_CC_IRQHandler                       0x0800011b   Thumb Code     0  startup_stm32f103xb.o(.text)
    TIM1_TRG_COM_IRQHandler                  0x0800011b   Thumb Code     0  startup_stm32f103xb.o(.text)
    TIM1_UP_IRQHandler                       0x0800011b   Thumb Code     0  startup_stm32f103xb.o(.text)
    TIM2_IRQHandler                          0x0800011b   Thumb Code     0  startup_stm32f103xb.o(.text)
    TIM3_IRQHandler                          0x0800011b   Thumb Code     0  startup_stm32f103xb.o(.text)
    TIM4_IRQHandler                          0x0800011b   Thumb Code     0  startup_stm32f103xb.o(.text)
    USART1_IRQHandler                        0x0800011b   Thumb Code     0  startup_stm32f103xb.o(.text)
    USART2_IRQHandler                        0x0800011b   Thumb Code     0  startup_stm32f103xb.o(.text)
    USART3_IRQHandler                        0x0800011b   Thumb Code     0  startup_stm32f103xb.o(.text)
    USBWakeUp_IRQHandler                     0x0800011b   Thumb Code     0  startup_stm32f103xb.o(.text)
    USB_HP_CAN1_TX_IRQHandler                0x0800011b   Thumb Code     0  startup_stm32f103xb.o(.text)
    USB_LP_CAN1_RX0_IRQHandler               0x0800011b   Thumb Code     0  startup_stm32f103xb.o(.text)
    WWDG_IRQHandler                          0x0800011b   Thumb Code     0  startup_stm32f103xb.o(.text)
    __aeabi_llsr                             0x08000125   Thumb Code    32  llushr.o(.text)
    _ll_ushift_r                             0x08000125   Thumb Code     0  llushr.o(.text)
    __aeabi_memcpy                           0x08000145   Thumb Code    36  memcpya.o(.text)
    __aeabi_memcpy4                          0x08000145   Thumb Code     0  memcpya.o(.text)
    __aeabi_memcpy8                          0x08000145   Thumb Code     0  memcpya.o(.text)
    __aeabi_memset                           0x08000169   Thumb Code    14  memseta.o(.text)
    __aeabi_memset4                          0x08000169   Thumb Code     0  memseta.o(.text)
    __aeabi_memset8                          0x08000169   Thumb Code     0  memseta.o(.text)
    __aeabi_memclr                           0x08000177   Thumb Code     4  memseta.o(.text)
    __aeabi_memclr4                          0x08000177   Thumb Code     0  memseta.o(.text)
    __aeabi_memclr8                          0x08000177   Thumb Code     0  memseta.o(.text)
    _memset$wrapper                          0x0800017b   Thumb Code    18  memseta.o(.text)
    strcmp                                   0x0800018d   Thumb Code    28  strcmp.o(.text)
    strncmp                                  0x080001a9   Thumb Code    30  strncmp.o(.text)
    __aeabi_uidiv                            0x080001c7   Thumb Code     0  uidiv.o(.text)
    __aeabi_uidivmod                         0x080001c7   Thumb Code    44  uidiv.o(.text)
    __aeabi_uldivmod                         0x080001f3   Thumb Code    98  uldiv.o(.text)
    __I$use$fp                               0x08000255   Thumb Code     0  iusefp.o(.text)
    __aeabi_dadd                             0x08000255   Thumb Code   322  dadd.o(.text)
    __aeabi_dsub                             0x08000397   Thumb Code     6  dadd.o(.text)
    __aeabi_drsub                            0x0800039d   Thumb Code     6  dadd.o(.text)
    __aeabi_dmul                             0x080003a3   Thumb Code   228  dmul.o(.text)
    __aeabi_ddiv                             0x08000487   Thumb Code   222  ddiv.o(.text)
    __aeabi_d2ulz                            0x08000565   Thumb Code    48  dfixul.o(.text)
    __aeabi_cdrcmple                         0x08000595   Thumb Code    48  cdrcmple.o(.text)
    __scatterload                            0x080005c5   Thumb Code    28  init.o(.text)
    __scatterload_rt2                        0x080005c5   Thumb Code     0  init.o(.text)
    __aeabi_llsl                             0x080005e9   Thumb Code    30  llshl.o(.text)
    _ll_shift_l                              0x080005e9   Thumb Code     0  llshl.o(.text)
    __aeabi_lasr                             0x08000607   Thumb Code    36  llsshr.o(.text)
    _ll_sshift_r                             0x08000607   Thumb Code     0  llsshr.o(.text)
    _double_round                            0x0800062b   Thumb Code    30  depilogue.o(.text)
    _double_epilogue                         0x08000649   Thumb Code   156  depilogue.o(.text)
    ADC_ConversionStop_Disable               0x080006e5   Thumb Code    86  stm32f1xx_hal_adc.o(i.ADC_ConversionStop_Disable)
    ADC_Enable                               0x0800073d   Thumb Code   114  stm32f1xx_hal_adc.o(i.ADC_Enable)
    BusFault_Handler                         0x080007b9   Thumb Code     2  stm32f1xx_it.o(i.BusFault_Handler)
    Buzzer_Beep                              0x080007bd   Thumb Code    26  buzzer.o(i.Buzzer_Beep)
    Buzzer_Init                              0x080007e1   Thumb Code    28  buzzer.o(i.Buzzer_Init)
    Buzzer_PlayMelody                        0x08000801   Thumb Code    50  buzzer.o(i.Buzzer_PlayMelody)
    Buzzer_Update                            0x0800083d   Thumb Code    34  buzzer.o(i.Buzzer_Update)
    DebugMon_Handler                         0x08000865   Thumb Code     2  stm32f1xx_it.o(i.DebugMon_Handler)
    ESP8266_GetChar                          0x08000869   Thumb Code    22  esp8266.o(i.ESP8266_GetChar)
    ESP8266_Init                             0x08000885   Thumb Code    22  esp8266.o(i.ESP8266_Init)
    ESP8266_Process                          0x080008c9   Thumb Code   148  esp8266.o(i.ESP8266_Process)
    ESP8266_Send                             0x080009d5   Thumb Code    60  esp8266.o(i.ESP8266_Send)
    Error_Handler                            0x08000a15   Thumb Code     4  main.o(i.Error_Handler)
    FlashConfig_Load                         0x08000a19   Thumb Code    98  flash_config.o(i.FlashConfig_Load)
    FlashConfig_Reset                        0x08000ae9   Thumb Code    50  flash_config.o(i.FlashConfig_Reset)
    FlashConfig_Save                         0x08000b4d   Thumb Code   102  flash_config.o(i.FlashConfig_Save)
    GFX_Clear                                0x08000c05   Thumb Code     4  gfx_engine.o(i.GFX_Clear)
    GFX_DrawChar                             0x08000c09   Thumb Code    88  gfx_engine.o(i.GFX_DrawChar)
    GFX_DrawLine                             0x08000c65   Thumb Code   122  gfx_engine.o(i.GFX_DrawLine)
    GFX_DrawString                           0x08000cdf   Thumb Code    60  gfx_engine.o(i.GFX_DrawString)
    GFX_Refresh                              0x08000d1b   Thumb Code     4  gfx_engine.o(i.GFX_Refresh)
    GFX_SetPixel                             0x08000d1f   Thumb Code     6  gfx_engine.o(i.GFX_SetPixel)
    HAL_ADC_ConfigChannel                    0x08000d25   Thumb Code   240  stm32f1xx_hal_adc.o(i.HAL_ADC_ConfigChannel)
    HAL_ADC_GetValue                         0x08000e21   Thumb Code     6  stm32f1xx_hal_adc.o(i.HAL_ADC_GetValue)
    HAL_ADC_Init                             0x08000e29   Thumb Code   272  stm32f1xx_hal_adc.o(i.HAL_ADC_Init)
    HAL_ADC_MspInit                          0x08000f45   Thumb Code    74  adc.o(i.HAL_ADC_MspInit)
    HAL_ADC_PollForConversion                0x08000f9d   Thumb Code   304  stm32f1xx_hal_adc.o(i.HAL_ADC_PollForConversion)
    HAL_ADC_Start                            0x080010d9   Thumb Code   184  stm32f1xx_hal_adc.o(i.HAL_ADC_Start)
    HAL_ADC_Stop                             0x08001199   Thumb Code    52  stm32f1xx_hal_adc.o(i.HAL_ADC_Stop)
    HAL_Delay                                0x080011cd   Thumb Code    32  stm32f1xx_hal.o(i.HAL_Delay)
    HAL_GPIO_Init                            0x080011f1   Thumb Code   446  stm32f1xx_hal_gpio.o(i.HAL_GPIO_Init)
    HAL_GPIO_TogglePin                       0x080013d1   Thumb Code    16  stm32f1xx_hal_gpio.o(i.HAL_GPIO_TogglePin)
    HAL_GPIO_WritePin                        0x080013e1   Thumb Code    10  stm32f1xx_hal_gpio.o(i.HAL_GPIO_WritePin)
    HAL_GetTick                              0x080013ed   Thumb Code     6  stm32f1xx_hal.o(i.HAL_GetTick)
    HAL_I2C_Init                             0x080013f9   Thumb Code   376  stm32f1xx_hal_i2c.o(i.HAL_I2C_Init)
    HAL_I2C_Master_Transmit                  0x08001581   Thumb Code   290  stm32f1xx_hal_i2c.o(i.HAL_I2C_Master_Transmit)
    HAL_I2C_MspInit                          0x080016ad   Thumb Code    80  i2c.o(i.HAL_I2C_MspInit)
    HAL_IncTick                              0x08001709   Thumb Code    12  stm32f1xx_hal.o(i.HAL_IncTick)
    HAL_Init                                 0x08001719   Thumb Code    32  stm32f1xx_hal.o(i.HAL_Init)
    HAL_InitTick                             0x0800173d   Thumb Code    54  stm32f1xx_hal.o(i.HAL_InitTick)
    HAL_MspInit                              0x0800177d   Thumb Code    52  stm32f1xx_hal_msp.o(i.HAL_MspInit)
    HAL_NVIC_SetPriority                     0x080017b9   Thumb Code    60  stm32f1xx_hal_cortex.o(i.HAL_NVIC_SetPriority)
    HAL_NVIC_SetPriorityGrouping             0x080017f9   Thumb Code    26  stm32f1xx_hal_cortex.o(i.HAL_NVIC_SetPriorityGrouping)
    HAL_RCCEx_GetPeriphCLKFreq               0x0800181d   Thumb Code   148  stm32f1xx_hal_rcc_ex.o(i.HAL_RCCEx_GetPeriphCLKFreq)
    HAL_RCCEx_PeriphCLKConfig                0x080018c1   Thumb Code   224  stm32f1xx_hal_rcc_ex.o(i.HAL_RCCEx_PeriphCLKConfig)
    HAL_RCC_ClockConfig                      0x080019ad   Thumb Code   280  stm32f1xx_hal_rcc.o(i.HAL_RCC_ClockConfig)
    HAL_RCC_GetPCLK1Freq                     0x08001ad9   Thumb Code    20  stm32f1xx_hal_rcc.o(i.HAL_RCC_GetPCLK1Freq)
    HAL_RCC_GetPCLK2Freq                     0x08001af9   Thumb Code    20  stm32f1xx_hal_rcc.o(i.HAL_RCC_GetPCLK2Freq)
    HAL_RCC_GetSysClockFreq                  0x08001b19   Thumb Code    58  stm32f1xx_hal_rcc.o(i.HAL_RCC_GetSysClockFreq)
    HAL_RCC_OscConfig                        0x08001b65   Thumb Code   778  stm32f1xx_hal_rcc.o(i.HAL_RCC_OscConfig)
    HAL_SPI_Init                             0x08001e85   Thumb Code   178  stm32f1xx_hal_spi.o(i.HAL_SPI_Init)
    HAL_SPI_MspInit                          0x08001f39   Thumb Code    98  spi.o(i.HAL_SPI_MspInit)
    HAL_SPI_Transmit                         0x08001fa9   Thumb Code   358  stm32f1xx_hal_spi.o(i.HAL_SPI_Transmit)
    HAL_SPI_TransmitReceive                  0x0800210f   Thumb Code   496  stm32f1xx_hal_spi.o(i.HAL_SPI_TransmitReceive)
    HAL_SYSTICK_Config                       0x080022ff   Thumb Code    40  stm32f1xx_hal_cortex.o(i.HAL_SYSTICK_Config)
    HAL_TIMEx_MasterConfigSynchronization    0x08002329   Thumb Code    92  stm32f1xx_hal_tim_ex.o(i.HAL_TIMEx_MasterConfigSynchronization)
    HAL_TIM_Base_Init                        0x08002391   Thumb Code    90  stm32f1xx_hal_tim.o(i.HAL_TIM_Base_Init)
    HAL_TIM_Base_MspInit                     0x080023ed   Thumb Code    30  tim.o(i.HAL_TIM_Base_MspInit)
    HAL_TIM_ConfigClockSource                0x08002411   Thumb Code   220  stm32f1xx_hal_tim.o(i.HAL_TIM_ConfigClockSource)
    HAL_TIM_PWM_ConfigChannel                0x080024ed   Thumb Code   204  stm32f1xx_hal_tim.o(i.HAL_TIM_PWM_ConfigChannel)
    HAL_TIM_PWM_Init                         0x080025b9   Thumb Code    90  stm32f1xx_hal_tim.o(i.HAL_TIM_PWM_Init)
    HAL_TIM_PWM_MspInit                      0x08002613   Thumb Code     2  stm32f1xx_hal_tim.o(i.HAL_TIM_PWM_MspInit)
    HAL_UART_Init                            0x08002615   Thumb Code   100  stm32f1xx_hal_uart.o(i.HAL_UART_Init)
    HAL_UART_MspInit                         0x08002679   Thumb Code   258  usart.o(i.HAL_UART_MspInit)
    HAL_UART_Transmit                        0x08002795   Thumb Code   160  stm32f1xx_hal_uart.o(i.HAL_UART_Transmit)
    HC05_GetChar                             0x08002835   Thumb Code    22  hc05.o(i.HC05_GetChar)
    HC05_Init                                0x08002851   Thumb Code    36  hc05.o(i.HC05_Init)
    HC05_Printf                              0x080028d5   Thumb Code    50  hc05.o(i.HC05_Printf)
    HC05_Process                             0x08002911   Thumb Code   388  hc05.o(i.HC05_Process)
    HardFault_Handler                        0x08002bd9   Thumb Code     2  stm32f1xx_it.o(i.HardFault_Handler)
    MX_ADC1_Init                             0x08002ea1   Thumb Code    92  adc.o(i.MX_ADC1_Init)
    MX_GPIO_Init                             0x08002f05   Thumb Code   120  gpio.o(i.MX_GPIO_Init)
    MX_I2C1_Init                             0x08002f85   Thumb Code    50  i2c.o(i.MX_I2C1_Init)
    MX_SPI1_Init                             0x08002fc5   Thumb Code    62  spi.o(i.MX_SPI1_Init)
    MX_TIM2_Init                             0x0800300d   Thumb Code   158  tim.o(i.MX_TIM2_Init)
    MX_USART1_UART_Init                      0x080030b1   Thumb Code    48  usart.o(i.MX_USART1_UART_Init)
    MX_USART2_UART_Init                      0x080030e9   Thumb Code    48  usart.o(i.MX_USART2_UART_Init)
    MX_USART3_UART_Init                      0x08003121   Thumb Code    48  usart.o(i.MX_USART3_UART_Init)
    MemManage_Handler                        0x08003159   Thumb Code     2  stm32f1xx_it.o(i.MemManage_Handler)
    NMI_Handler                              0x0800315b   Thumb Code     2  stm32f1xx_it.o(i.NMI_Handler)
    PendSV_Handler                           0x0800315d   Thumb Code     2  stm32f1xx_it.o(i.PendSV_Handler)
    PetFSM_GetAnimSlot                       0x08003161   Thumb Code     6  pet_fsm.o(i.PetFSM_GetAnimSlot)
    PetFSM_GetMelody                         0x0800316d   Thumb Code     8  pet_fsm.o(i.PetFSM_GetMelody)
    PetFSM_GetState                          0x08003179   Thumb Code     6  pet_fsm.o(i.PetFSM_GetState)
    PetFSM_Init                              0x08003185   Thumb Code    18  pet_fsm.o(i.PetFSM_Init)
    PetFSM_Update                            0x0800319d   Thumb Code   326  pet_fsm.o(i.PetFSM_Update)
    SSD1306_ClearBuffer                      0x080033d5   Thumb Code    10  ssd1306_i2c.o(i.SSD1306_ClearBuffer)
    SSD1306_Init                             0x080033e5   Thumb Code   170  ssd1306_i2c.o(i.SSD1306_Init)
    SSD1306_Refresh                          0x08003491   Thumb Code    60  ssd1306_i2c.o(i.SSD1306_Refresh)
    SSD1306_SetPixel                         0x080034d1   Thumb Code    40  ssd1306_i2c.o(i.SSD1306_SetPixel)
    SSD1306_WriteCmd                         0x080034fd   Thumb Code    28  ssd1306_i2c.o(i.SSD1306_WriteCmd)
    SSD1306_WriteData                        0x0800351d   Thumb Code    30  ssd1306_i2c.o(i.SSD1306_WriteData)
    SVC_Handler                              0x08003545   Thumb Code     2  stm32f1xx_it.o(i.SVC_Handler)
    Sensor_GetLDR                            0x08003549   Thumb Code     6  sensor.o(i.Sensor_GetLDR)
    Sensor_GetLight                          0x08003555   Thumb Code    28  sensor.o(i.Sensor_GetLight)
    Sensor_GetNTC                            0x08003575   Thumb Code     6  sensor.o(i.Sensor_GetNTC)
    Sensor_GetTemp                           0x08003581   Thumb Code    28  sensor.o(i.Sensor_GetTemp)
    Sensor_Init                              0x080035a1   Thumb Code    22  sensor.o(i.Sensor_Init)
    Sensor_Update                            0x080035fd   Thumb Code    74  sensor.o(i.Sensor_Update)
    SysTick_Handler                          0x0800364d   Thumb Code     4  stm32f1xx_it.o(i.SysTick_Handler)
    SystemClock_Config                       0x08003651   Thumb Code   120  main.o(i.SystemClock_Config)
    SystemInit                               0x080036c9   Thumb Code     2  system_stm32f1xx.o(i.SystemInit)
    TIM_Base_SetConfig                       0x080036cd   Thumb Code   108  stm32f1xx_hal_tim.o(i.TIM_Base_SetConfig)
    TIM_ETR_SetConfig                        0x08003745   Thumb Code    20  stm32f1xx_hal_tim.o(i.TIM_ETR_SetConfig)
    TIM_OC2_SetConfig                        0x080037b9   Thumb Code    84  stm32f1xx_hal_tim.o(i.TIM_OC2_SetConfig)
    UsageFault_Handler                       0x08003a6b   Thumb Code     2  stm32f1xx_it.o(i.UsageFault_Handler)
    W25Q_EraseSector                         0x08003a6d   Thumb Code    76  w25q_spi.o(i.W25Q_EraseSector)
    W25Q_Init                                0x08003ac1   Thumb Code   106  w25q_spi.o(i.W25Q_Init)
    W25Q_Read                                0x08003b95   Thumb Code    94  w25q_spi.o(i.W25Q_Read)
    W25Q_ReadID                              0x08003bfd   Thumb Code    60  w25q_spi.o(i.W25Q_ReadID)
    W25Q_WritePage                           0x08003c3d   Thumb Code   112  w25q_spi.o(i.W25Q_WritePage)
    __0printf                                0x08003cb5   Thumb Code    22  printfa.o(i.__0printf)
    __1printf                                0x08003cb5   Thumb Code     0  printfa.o(i.__0printf)
    __2printf                                0x08003cb5   Thumb Code     0  printfa.o(i.__0printf)
    __c89printf                              0x08003cb5   Thumb Code     0  printfa.o(i.__0printf)
    printf                                   0x08003cb5   Thumb Code     0  printfa.o(i.__0printf)
    __0vsnprintf                             0x08003cd5   Thumb Code    32  printfa.o(i.__0vsnprintf)
    __1vsnprintf                             0x08003cd5   Thumb Code     0  printfa.o(i.__0vsnprintf)
    __2vsnprintf                             0x08003cd5   Thumb Code     0  printfa.o(i.__0vsnprintf)
    __c89vsnprintf                           0x08003cd5   Thumb Code     0  printfa.o(i.__0vsnprintf)
    vsnprintf                                0x08003cd5   Thumb Code     0  printfa.o(i.__0vsnprintf)
    __0vsprintf                              0x08003cf9   Thumb Code    30  printfa.o(i.__0vsprintf)
    __1vsprintf                              0x08003cf9   Thumb Code     0  printfa.o(i.__0vsprintf)
    __2vsprintf                              0x08003cf9   Thumb Code     0  printfa.o(i.__0vsprintf)
    __c89vsprintf                            0x08003cf9   Thumb Code     0  printfa.o(i.__0vsprintf)
    vsprintf                                 0x08003cf9   Thumb Code     0  printfa.o(i.__0vsprintf)
    __scatterload_copy                       0x08003d3d   Thumb Code    14  handlers.o(i.__scatterload_copy)
    __scatterload_null                       0x08003d4b   Thumb Code     2  handlers.o(i.__scatterload_null)
    __scatterload_zeroinit                   0x08003d4d   Thumb Code    14  handlers.o(i.__scatterload_zeroinit)
    fputc                                    0x08004635   Thumb Code    18  main.o(i.fputc)
    main                                     0x080046a1   Thumb Code  1536  main.o(i.main)
    cat_idle_f0                              0x08004fa7   Data        1024  cat_fullscreen.o(.constdata)
    cat_idle_f1                              0x080053a7   Data        1024  cat_fullscreen.o(.constdata)
    cat_idle_f2                              0x080057a7   Data        1024  cat_fullscreen.o(.constdata)
    cat_idle_f3                              0x08005ba7   Data        1024  cat_fullscreen.o(.constdata)
    cat_idle_f4                              0x08005fa7   Data        1024  cat_fullscreen.o(.constdata)
    cat_idle_f5                              0x080063a7   Data        1024  cat_fullscreen.o(.constdata)
    cat_anim1_f0                             0x080067a7   Data        1024  cat_anim1.o(.constdata)
    cat_anim1_f1                             0x08006ba7   Data        1024  cat_anim1.o(.constdata)
    cat_anim1_f2                             0x08006fa7   Data        1024  cat_anim1.o(.constdata)
    cat_anim1_f3                             0x080073a7   Data        1024  cat_anim1.o(.constdata)
    cat_anim2_f0                             0x080077a7   Data        1024  cat_anim2.o(.constdata)
    cat_anim2_f1                             0x08007ba7   Data        1024  cat_anim2.o(.constdata)
    cat_anim2_f2                             0x08007fa7   Data        1024  cat_anim2.o(.constdata)
    cat_anim2_f3                             0x080083a7   Data        1024  cat_anim2.o(.constdata)
    cat_anim2_f4                             0x080087a7   Data        1024  cat_anim2.o(.constdata)
    cat_anim2_f5                             0x08008ba7   Data        1024  cat_anim2.o(.constdata)
    cat_anim2_f6                             0x08008fa7   Data        1024  cat_anim2.o(.constdata)
    cat_anim2_f7                             0x080093a7   Data        1024  cat_anim2.o(.constdata)
    cat_anim2_f8                             0x080097a7   Data        1024  cat_anim2.o(.constdata)
    cat_anim2_f9                             0x08009ba7   Data        1024  cat_anim2.o(.constdata)
    cat_anim2_f10                            0x08009fa7   Data        1024  cat_anim2.o(.constdata)
    cat_sleep_f0                             0x0800a3a7   Data        1024  cat_sleep.o(.constdata)
    cat_sleep_f1                             0x0800a7a7   Data        1024  cat_sleep.o(.constdata)
    cat_sleep_f2                             0x0800aba7   Data        1024  cat_sleep.o(.constdata)
    cat_sleep_f3                             0x0800afa7   Data        1024  cat_sleep.o(.constdata)
    cat_sleep_f4                             0x0800b3a7   Data        1024  cat_sleep.o(.constdata)
    cat_sleep_f5                             0x0800b7a7   Data        1024  cat_sleep.o(.constdata)
    cat_sleep_f6                             0x0800bba7   Data        1024  cat_sleep.o(.constdata)
    cat_sleep_f7                             0x0800bfa7   Data        1024  cat_sleep.o(.constdata)
    cat_sleep_f8                             0x0800c3a7   Data        1024  cat_sleep.o(.constdata)
    cat_sleep_f9                             0x0800c7a7   Data        1024  cat_sleep.o(.constdata)
    cat_sleep_f10                            0x0800cba7   Data        1024  cat_sleep.o(.constdata)
    cat_sleep_f11                            0x0800cfa7   Data        1024  cat_sleep.o(.constdata)
    cat_hot_f0                               0x0800d3a7   Data        1024  cat_hot.o(.constdata)
    cat_hot_f1                               0x0800d7a7   Data        1024  cat_hot.o(.constdata)
    cat_hot_f2                               0x0800dba7   Data        1024  cat_hot.o(.constdata)
    cat_hot_f3                               0x0800dfa7   Data        1024  cat_hot.o(.constdata)
    cat_hot_f4                               0x0800e3a7   Data        1024  cat_hot.o(.constdata)
    cat_hot_f5                               0x0800e7a7   Data        1024  cat_hot.o(.constdata)
    AHBPrescTable                            0x0800ebe4   Data          16  system_stm32f1xx.o(.constdata)
    APBPrescTable                            0x0800ebf4   Data           8  system_stm32f1xx.o(.constdata)
    Region$$Table$$Base                      0x0800ec94   Number         0  anon$$obj.o(Region$$Table)
    Region$$Table$$Limit                     0x0800ecb4   Number         0  anon$$obj.o(Region$$Table)
    g_ldr_dark                               0x2000001a   Data           2  sensor.o(.data)
    g_ldr_bright                             0x2000001c   Data           2  sensor.o(.data)
    g_ntc_hot                                0x2000001e   Data           2  sensor.o(.data)
    g_ntc_cold                               0x20000020   Data           2  sensor.o(.data)
    cat_idle_frames                          0x20000054   Data          24  cat_fullscreen.o(.data)
    cat_anim1_frames                         0x2000006c   Data          16  cat_anim1.o(.data)
    cat_anim2_frames                         0x2000007c   Data          44  cat_anim2.o(.data)
    cat_sleep_frames                         0x200000a8   Data          48  cat_sleep.o(.data)
    cat_hot_frames                           0x200000d8   Data          24  cat_hot.o(.data)
    uwTickFreq                               0x200000f4   Data           1  stm32f1xx_hal.o(.data)
    uwTickPrio                               0x200000f8   Data           4  stm32f1xx_hal.o(.data)
    uwTick                                   0x200000fc   Data           4  stm32f1xx_hal.o(.data)
    SystemCoreClock                          0x20000100   Data           4  system_stm32f1xx.o(.data)
    __stdout                                 0x20000104   Data           4  stdout.o(.data)
    hadc1                                    0x20000508   Data          48  adc.o(.bss)
    hi2c1                                    0x20000538   Data          84  i2c.o(.bss)
    hspi1                                    0x2000058c   Data          88  spi.o(.bss)
    htim2                                    0x200005e4   Data          72  tim.o(.bss)
    huart1                                   0x2000062c   Data          72  usart.o(.bss)
    huart2                                   0x20000674   Data          72  usart.o(.bss)
    huart3                                   0x200006bc   Data          72  usart.o(.bss)
    __initial_sp                             0x20000b48   Data           0  startup_stm32f103xb.o(STACK)



==============================================================================

Memory Map of the image

  Image Entry point : 0x080000ed

  Load Region LR_IROM1 (Base: 0x08000000, Size: 0x0000edbc, Max: 0x00010000, ABSOLUTE)

    Execution Region ER_IROM1 (Exec base: 0x08000000, Load base: 0x08000000, Size: 0x0000ecb4, Max: 0x00010000, ABSOLUTE)

    Exec Addr    Load Addr    Size         Type   Attr      Idx    E Section Name        Object

    0x08000000   0x08000000   0x000000ec   Data   RO            3    RESET               startup_stm32f103xb.o
    0x080000ec   0x080000ec   0x00000000   Code   RO         4822  * .ARM.Collect$$$$00000000  mc_w.l(entry.o)
    0x080000ec   0x080000ec   0x00000004   Code   RO         5098    .ARM.Collect$$$$00000001  mc_w.l(entry2.o)
    0x080000f0   0x080000f0   0x00000004   Code   RO         5101    .ARM.Collect$$$$00000004  mc_w.l(entry5.o)
    0x080000f4   0x080000f4   0x00000000   Code   RO         5103    .ARM.Collect$$$$00000008  mc_w.l(entry7b.o)
    0x080000f4   0x080000f4   0x00000000   Code   RO         5105    .ARM.Collect$$$$0000000A  mc_w.l(entry8b.o)
    0x080000f4   0x080000f4   0x00000008   Code   RO         5106    .ARM.Collect$$$$0000000B  mc_w.l(entry9a.o)
    0x080000fc   0x080000fc   0x00000000   Code   RO         5108    .ARM.Collect$$$$0000000D  mc_w.l(entry10a.o)
    0x080000fc   0x080000fc   0x00000000   Code   RO         5110    .ARM.Collect$$$$0000000F  mc_w.l(entry11a.o)
    0x080000fc   0x080000fc   0x00000004   Code   RO         5099    .ARM.Collect$$$$00002712  mc_w.l(entry2.o)
    0x08000100   0x08000100   0x00000024   Code   RO            4    .text               startup_stm32f103xb.o
    0x08000124   0x08000124   0x00000020   Code   RO         4825    .text               mc_w.l(llushr.o)
    0x08000144   0x08000144   0x00000024   Code   RO         4827    .text               mc_w.l(memcpya.o)
    0x08000168   0x08000168   0x00000024   Code   RO         4829    .text               mc_w.l(memseta.o)
    0x0800018c   0x0800018c   0x0000001c   Code   RO         4831    .text               mc_w.l(strcmp.o)
    0x080001a8   0x080001a8   0x0000001e   Code   RO         4833    .text               mc_w.l(strncmp.o)
    0x080001c6   0x080001c6   0x0000002c   Code   RO         5113    .text               mc_w.l(uidiv.o)
    0x080001f2   0x080001f2   0x00000062   Code   RO         5115    .text               mc_w.l(uldiv.o)
    0x08000254   0x08000254   0x00000000   Code   RO         5117    .text               mc_w.l(iusefp.o)
    0x08000254   0x08000254   0x0000014e   Code   RO         5118    .text               mf_w.l(dadd.o)
    0x080003a2   0x080003a2   0x000000e4   Code   RO         5120    .text               mf_w.l(dmul.o)
    0x08000486   0x08000486   0x000000de   Code   RO         5122    .text               mf_w.l(ddiv.o)
    0x08000564   0x08000564   0x00000030   Code   RO         5124    .text               mf_w.l(dfixul.o)
    0x08000594   0x08000594   0x00000030   Code   RO         5126    .text               mf_w.l(cdrcmple.o)
    0x080005c4   0x080005c4   0x00000024   Code   RO         5128    .text               mc_w.l(init.o)
    0x080005e8   0x080005e8   0x0000001e   Code   RO         5130    .text               mc_w.l(llshl.o)
    0x08000606   0x08000606   0x00000024   Code   RO         5132    .text               mc_w.l(llsshr.o)
    0x0800062a   0x0800062a   0x000000ba   Code   RO         5134    .text               mf_w.l(depilogue.o)
    0x080006e4   0x080006e4   0x00000056   Code   RO         1439    i.ADC_ConversionStop_Disable  stm32f1xx_hal_adc.o
    0x0800073a   0x0800073a   0x00000002   PAD
    0x0800073c   0x0800073c   0x0000007c   Code   RO         1443    i.ADC_Enable        stm32f1xx_hal_adc.o
    0x080007b8   0x080007b8   0x00000002   Code   RO          657    i.BusFault_Handler  stm32f1xx_it.o
    0x080007ba   0x080007ba   0x00000002   PAD
    0x080007bc   0x080007bc   0x00000024   Code   RO          825    i.Buzzer_Beep       buzzer.o
    0x080007e0   0x080007e0   0x00000020   Code   RO          826    i.Buzzer_Init       buzzer.o
    0x08000800   0x08000800   0x0000003c   Code   RO          827    i.Buzzer_PlayMelody  buzzer.o
    0x0800083c   0x0800083c   0x00000028   Code   RO          828    i.Buzzer_Update     buzzer.o
    0x08000864   0x08000864   0x00000002   Code   RO          658    i.DebugMon_Handler  stm32f1xx_it.o
    0x08000866   0x08000866   0x00000002   PAD
    0x08000868   0x08000868   0x0000001c   Code   RO         1358    i.ESP8266_GetChar   esp8266.o
    0x08000884   0x08000884   0x00000044   Code   RO         1359    i.ESP8266_Init      esp8266.o
    0x080008c8   0x080008c8   0x0000010c   Code   RO         1360    i.ESP8266_Process   esp8266.o
    0x080009d4   0x080009d4   0x00000040   Code   RO         1361    i.ESP8266_Send      esp8266.o
    0x08000a14   0x08000a14   0x00000004   Code   RO          189    i.Error_Handler     main.o
    0x08000a18   0x08000a18   0x000000d0   Code   RO         1255    i.FlashConfig_Load  flash_config.o
    0x08000ae8   0x08000ae8   0x00000064   Code   RO         1256    i.FlashConfig_Reset  flash_config.o
    0x08000b4c   0x08000b4c   0x000000b8   Code   RO         1257    i.FlashConfig_Save  flash_config.o
    0x08000c04   0x08000c04   0x00000004   Code   RO          963    i.GFX_Clear         gfx_engine.o
    0x08000c08   0x08000c08   0x0000005c   Code   RO          966    i.GFX_DrawChar      gfx_engine.o
    0x08000c64   0x08000c64   0x0000007a   Code   RO          967    i.GFX_DrawLine      gfx_engine.o
    0x08000cde   0x08000cde   0x0000003c   Code   RO          969    i.GFX_DrawString    gfx_engine.o
    0x08000d1a   0x08000d1a   0x00000004   Code   RO          971    i.GFX_Refresh       gfx_engine.o
    0x08000d1e   0x08000d1e   0x00000006   Code   RO          972    i.GFX_SetPixel      gfx_engine.o
    0x08000d24   0x08000d24   0x000000fc   Code   RO         1445    i.HAL_ADC_ConfigChannel  stm32f1xx_hal_adc.o
    0x08000e20   0x08000e20   0x00000006   Code   RO         1452    i.HAL_ADC_GetValue  stm32f1xx_hal_adc.o
    0x08000e26   0x08000e26   0x00000002   PAD
    0x08000e28   0x08000e28   0x0000011c   Code   RO         1454    i.HAL_ADC_Init      stm32f1xx_hal_adc.o
    0x08000f44   0x08000f44   0x00000058   Code   RO          430    i.HAL_ADC_MspInit   adc.o
    0x08000f9c   0x08000f9c   0x0000013c   Code   RO         1458    i.HAL_ADC_PollForConversion  stm32f1xx_hal_adc.o
    0x080010d8   0x080010d8   0x000000c0   Code   RO         1460    i.HAL_ADC_Start     stm32f1xx_hal_adc.o
    0x08001198   0x08001198   0x00000034   Code   RO         1463    i.HAL_ADC_Stop      stm32f1xx_hal_adc.o
    0x080011cc   0x080011cc   0x00000024   Code   RO         1722    i.HAL_Delay         stm32f1xx_hal.o
    0x080011f0   0x080011f0   0x000001e0   Code   RO         2032    i.HAL_GPIO_Init     stm32f1xx_hal_gpio.o
    0x080013d0   0x080013d0   0x00000010   Code   RO         2035    i.HAL_GPIO_TogglePin  stm32f1xx_hal_gpio.o
    0x080013e0   0x080013e0   0x0000000a   Code   RO         2036    i.HAL_GPIO_WritePin  stm32f1xx_hal_gpio.o
    0x080013ea   0x080013ea   0x00000002   PAD
    0x080013ec   0x080013ec   0x0000000c   Code   RO         1726    i.HAL_GetTick       stm32f1xx_hal.o
    0x080013f8   0x080013f8   0x00000188   Code   RO         2703    i.HAL_I2C_Init      stm32f1xx_hal_i2c.o
    0x08001580   0x08001580   0x0000012c   Code   RO         2716    i.HAL_I2C_Master_Transmit  stm32f1xx_hal_i2c.o
    0x080016ac   0x080016ac   0x0000005c   Code   RO          472    i.HAL_I2C_MspInit   i2c.o
    0x08001708   0x08001708   0x00000010   Code   RO         1732    i.HAL_IncTick       stm32f1xx_hal.o
    0x08001718   0x08001718   0x00000024   Code   RO         1733    i.HAL_Init          stm32f1xx_hal.o
    0x0800173c   0x0800173c   0x00000040   Code   RO         1734    i.HAL_InitTick      stm32f1xx_hal.o
    0x0800177c   0x0800177c   0x0000003c   Code   RO          732    i.HAL_MspInit       stm32f1xx_hal_msp.o
    0x080017b8   0x080017b8   0x00000040   Code   RO         2198    i.HAL_NVIC_SetPriority  stm32f1xx_hal_cortex.o
    0x080017f8   0x080017f8   0x00000024   Code   RO         2199    i.HAL_NVIC_SetPriorityGrouping  stm32f1xx_hal_cortex.o
    0x0800181c   0x0800181c   0x000000a4   Code   RO         1993    i.HAL_RCCEx_GetPeriphCLKFreq  stm32f1xx_hal_rcc_ex.o
    0x080018c0   0x080018c0   0x000000ec   Code   RO         1994    i.HAL_RCCEx_PeriphCLKConfig  stm32f1xx_hal_rcc_ex.o
    0x080019ac   0x080019ac   0x0000012c   Code   RO         1890    i.HAL_RCC_ClockConfig  stm32f1xx_hal_rcc.o
    0x08001ad8   0x08001ad8   0x00000020   Code   RO         1897    i.HAL_RCC_GetPCLK1Freq  stm32f1xx_hal_rcc.o
    0x08001af8   0x08001af8   0x00000020   Code   RO         1898    i.HAL_RCC_GetPCLK2Freq  stm32f1xx_hal_rcc.o
    0x08001b18   0x08001b18   0x0000004c   Code   RO         1899    i.HAL_RCC_GetSysClockFreq  stm32f1xx_hal_rcc.o
    0x08001b64   0x08001b64   0x00000320   Code   RO         1902    i.HAL_RCC_OscConfig  stm32f1xx_hal_rcc.o
    0x08001e84   0x08001e84   0x000000b2   Code   RO         3140    i.HAL_SPI_Init      stm32f1xx_hal_spi.o
    0x08001f36   0x08001f36   0x00000002   PAD
    0x08001f38   0x08001f38   0x00000070   Code   RO          514    i.HAL_SPI_MspInit   spi.o
    0x08001fa8   0x08001fa8   0x00000166   Code   RO         3148    i.HAL_SPI_Transmit  stm32f1xx_hal_spi.o
    0x0800210e   0x0800210e   0x000001f0   Code   RO         3149    i.HAL_SPI_TransmitReceive  stm32f1xx_hal_spi.o
    0x080022fe   0x080022fe   0x00000028   Code   RO         2203    i.HAL_SYSTICK_Config  stm32f1xx_hal_cortex.o
    0x08002326   0x08002326   0x00000002   PAD
    0x08002328   0x08002328   0x00000068   Code   RO         4176    i.HAL_TIMEx_MasterConfigSynchronization  stm32f1xx_hal_tim_ex.o
    0x08002390   0x08002390   0x0000005a   Code   RO         3453    i.HAL_TIM_Base_Init  stm32f1xx_hal_tim.o
    0x080023ea   0x080023ea   0x00000002   PAD
    0x080023ec   0x080023ec   0x00000024   Code   RO          556    i.HAL_TIM_Base_MspInit  tim.o
    0x08002410   0x08002410   0x000000dc   Code   RO         3462    i.HAL_TIM_ConfigClockSource  stm32f1xx_hal_tim.o
    0x080024ec   0x080024ec   0x000000cc   Code   RO         3525    i.HAL_TIM_PWM_ConfigChannel  stm32f1xx_hal_tim.o
    0x080025b8   0x080025b8   0x0000005a   Code   RO         3528    i.HAL_TIM_PWM_Init  stm32f1xx_hal_tim.o
    0x08002612   0x08002612   0x00000002   Code   RO         3530    i.HAL_TIM_PWM_MspInit  stm32f1xx_hal_tim.o
    0x08002614   0x08002614   0x00000064   Code   RO         4454    i.HAL_UART_Init     stm32f1xx_hal_uart.o
    0x08002678   0x08002678   0x0000011c   Code   RO          604    i.HAL_UART_MspInit  usart.o
    0x08002794   0x08002794   0x000000a0   Code   RO         4462    i.HAL_UART_Transmit  stm32f1xx_hal_uart.o
    0x08002834   0x08002834   0x0000001c   Code   RO         1304    i.HC05_GetChar      hc05.o
    0x08002850   0x08002850   0x00000084   Code   RO         1305    i.HC05_Init         hc05.o
    0x080028d4   0x080028d4   0x0000003c   Code   RO         1306    i.HC05_Printf       hc05.o
    0x08002910   0x08002910   0x000002c8   Code   RO         1307    i.HC05_Process      hc05.o
    0x08002bd8   0x08002bd8   0x00000002   Code   RO          659    i.HardFault_Handler  stm32f1xx_it.o
    0x08002bda   0x08002bda   0x0000002e   Code   RO         2746    i.I2C_IsAcknowledgeFailed  stm32f1xx_hal_i2c.o
    0x08002c08   0x08002c08   0x0000009c   Code   RO         2750    i.I2C_MasterRequestWrite  stm32f1xx_hal_i2c.o
    0x08002ca4   0x08002ca4   0x00000056   Code   RO         2761    i.I2C_WaitOnBTFFlagUntilTimeout  stm32f1xx_hal_i2c.o
    0x08002cfa   0x08002cfa   0x00000002   PAD
    0x08002cfc   0x08002cfc   0x00000090   Code   RO         2762    i.I2C_WaitOnFlagUntilTimeout  stm32f1xx_hal_i2c.o
    0x08002d8c   0x08002d8c   0x000000bc   Code   RO         2763    i.I2C_WaitOnMasterAddressFlagUntilTimeout  stm32f1xx_hal_i2c.o
    0x08002e48   0x08002e48   0x00000056   Code   RO         2765    i.I2C_WaitOnTXEFlagUntilTimeout  stm32f1xx_hal_i2c.o
    0x08002e9e   0x08002e9e   0x00000002   PAD
    0x08002ea0   0x08002ea0   0x00000064   Code   RO          431    i.MX_ADC1_Init      adc.o
    0x08002f04   0x08002f04   0x00000080   Code   RO          402    i.MX_GPIO_Init      gpio.o
    0x08002f84   0x08002f84   0x00000040   Code   RO          473    i.MX_I2C1_Init      i2c.o
    0x08002fc4   0x08002fc4   0x00000048   Code   RO          515    i.MX_SPI1_Init      spi.o
    0x0800300c   0x0800300c   0x000000a4   Code   RO          558    i.MX_TIM2_Init      tim.o
    0x080030b0   0x080030b0   0x00000038   Code   RO          605    i.MX_USART1_UART_Init  usart.o
    0x080030e8   0x080030e8   0x00000038   Code   RO          606    i.MX_USART2_UART_Init  usart.o
    0x08003120   0x08003120   0x00000038   Code   RO          607    i.MX_USART3_UART_Init  usart.o
    0x08003158   0x08003158   0x00000002   Code   RO          660    i.MemManage_Handler  stm32f1xx_it.o
    0x0800315a   0x0800315a   0x00000002   Code   RO          661    i.NMI_Handler       stm32f1xx_it.o
    0x0800315c   0x0800315c   0x00000002   Code   RO          662    i.PendSV_Handler    stm32f1xx_it.o
    0x0800315e   0x0800315e   0x00000002   PAD
    0x08003160   0x08003160   0x0000000c   Code   RO         1046    i.PetFSM_GetAnimSlot  pet_fsm.o
    0x0800316c   0x0800316c   0x0000000c   Code   RO         1047    i.PetFSM_GetMelody  pet_fsm.o
    0x08003178   0x08003178   0x0000000c   Code   RO         1048    i.PetFSM_GetState   pet_fsm.o
    0x08003184   0x08003184   0x00000018   Code   RO         1049    i.PetFSM_Init       pet_fsm.o
    0x0800319c   0x0800319c   0x0000014c   Code   RO         1050    i.PetFSM_Update     pet_fsm.o
    0x080032e8   0x080032e8   0x00000034   Code   RO         3178    i.SPI_EndRxTxTransaction  stm32f1xx_hal_spi.o
    0x0800331c   0x0800331c   0x000000b8   Code   RO         3183    i.SPI_WaitFlagStateUntilTimeout  stm32f1xx_hal_spi.o
    0x080033d4   0x080033d4   0x00000010   Code   RO           13    i.SSD1306_ClearBuffer  ssd1306_i2c.o
    0x080033e4   0x080033e4   0x000000aa   Code   RO           16    i.SSD1306_Init      ssd1306_i2c.o
    0x0800348e   0x0800348e   0x00000002   PAD
    0x08003490   0x08003490   0x00000040   Code   RO           17    i.SSD1306_Refresh   ssd1306_i2c.o
    0x080034d0   0x080034d0   0x0000002c   Code   RO           18    i.SSD1306_SetPixel  ssd1306_i2c.o
    0x080034fc   0x080034fc   0x00000020   Code   RO           19    i.SSD1306_WriteCmd  ssd1306_i2c.o
    0x0800351c   0x0800351c   0x00000028   Code   RO           20    i.SSD1306_WriteData  ssd1306_i2c.o
    0x08003544   0x08003544   0x00000002   Code   RO          663    i.SVC_Handler       stm32f1xx_it.o
    0x08003546   0x08003546   0x00000002   PAD
    0x08003548   0x08003548   0x0000000c   Code   RO          756    i.Sensor_GetLDR     sensor.o
    0x08003554   0x08003554   0x00000020   Code   RO          757    i.Sensor_GetLight   sensor.o
    0x08003574   0x08003574   0x0000000c   Code   RO          758    i.Sensor_GetNTC     sensor.o
    0x08003580   0x08003580   0x00000020   Code   RO          759    i.Sensor_GetTemp    sensor.o
    0x080035a0   0x080035a0   0x0000005c   Code   RO          760    i.Sensor_Init       sensor.o
    0x080035fc   0x080035fc   0x00000050   Code   RO          761    i.Sensor_Update     sensor.o
    0x0800364c   0x0800364c   0x00000004   Code   RO          664    i.SysTick_Handler   stm32f1xx_it.o
    0x08003650   0x08003650   0x00000078   Code   RO          190    i.SystemClock_Config  main.o
    0x080036c8   0x080036c8   0x00000002   Code   RO         4788    i.SystemInit        system_stm32f1xx.o
    0x080036ca   0x080036ca   0x00000002   PAD
    0x080036cc   0x080036cc   0x00000078   Code   RO         3546    i.TIM_Base_SetConfig  stm32f1xx_hal_tim.o
    0x08003744   0x08003744   0x00000014   Code   RO         3557    i.TIM_ETR_SetConfig  stm32f1xx_hal_tim.o
    0x08003758   0x08003758   0x00000010   Code   RO         3558    i.TIM_ITRx_SetConfig  stm32f1xx_hal_tim.o
    0x08003768   0x08003768   0x00000050   Code   RO         3559    i.TIM_OC1_SetConfig  stm32f1xx_hal_tim.o
    0x080037b8   0x080037b8   0x00000058   Code   RO         3560    i.TIM_OC2_SetConfig  stm32f1xx_hal_tim.o
    0x08003810   0x08003810   0x00000058   Code   RO         3561    i.TIM_OC3_SetConfig  stm32f1xx_hal_tim.o
    0x08003868   0x08003868   0x00000044   Code   RO         3562    i.TIM_OC4_SetConfig  stm32f1xx_hal_tim.o
    0x080038ac   0x080038ac   0x00000022   Code   RO         3564    i.TIM_TI1_ConfigInputStage  stm32f1xx_hal_tim.o
    0x080038ce   0x080038ce   0x00000024   Code   RO         3566    i.TIM_TI2_ConfigInputStage  stm32f1xx_hal_tim.o
    0x080038f2   0x080038f2   0x0000004e   Code   RO         4477    i.UART_EndRxTransfer  stm32f1xx_hal_uart.o
    0x08003940   0x08003940   0x000000b8   Code   RO         4480    i.UART_SetConfig    stm32f1xx_hal_uart.o
    0x080039f8   0x080039f8   0x00000072   Code   RO         4483    i.UART_WaitOnFlagUntilTimeout  stm32f1xx_hal_uart.o
    0x08003a6a   0x08003a6a   0x00000002   Code   RO          665    i.UsageFault_Handler  stm32f1xx_it.o
    0x08003a6c   0x08003a6c   0x00000054   Code   RO          881    i.W25Q_EraseSector  w25q_spi.o
    0x08003ac0   0x08003ac0   0x000000d4   Code   RO          882    i.W25Q_Init         w25q_spi.o
    0x08003b94   0x08003b94   0x00000068   Code   RO          883    i.W25Q_Read         w25q_spi.o
    0x08003bfc   0x08003bfc   0x00000040   Code   RO          884    i.W25Q_ReadID       w25q_spi.o
    0x08003c3c   0x08003c3c   0x00000078   Code   RO          885    i.W25Q_WritePage    w25q_spi.o
    0x08003cb4   0x08003cb4   0x00000020   Code   RO         5070    i.__0printf         mc_w.l(printfa.o)
    0x08003cd4   0x08003cd4   0x00000024   Code   RO         5075    i.__0vsnprintf      mc_w.l(printfa.o)
    0x08003cf8   0x08003cf8   0x00000024   Code   RO         5076    i.__0vsprintf       mc_w.l(printfa.o)
    0x08003d1c   0x08003d1c   0x00000020   Code   RO         2205    i.__NVIC_SetPriority  stm32f1xx_hal_cortex.o
    0x08003d3c   0x08003d3c   0x0000000e   Code   RO         5138    i.__scatterload_copy  mc_w.l(handlers.o)
    0x08003d4a   0x08003d4a   0x00000002   Code   RO         5139    i.__scatterload_null  mc_w.l(handlers.o)
    0x08003d4c   0x08003d4c   0x0000000e   Code   RO         5140    i.__scatterload_zeroinit  mc_w.l(handlers.o)
    0x08003d5a   0x08003d5a   0x00000002   PAD
    0x08003d5c   0x08003d5c   0x00000164   Code   RO         5077    i._fp_digits        mc_w.l(printfa.o)
    0x08003ec0   0x08003ec0   0x000006dc   Code   RO         5078    i._printf_core      mc_w.l(printfa.o)
    0x0800459c   0x0800459c   0x00000024   Code   RO         5079    i._printf_post_padding  mc_w.l(printfa.o)
    0x080045c0   0x080045c0   0x0000002e   Code   RO         5080    i._printf_pre_padding  mc_w.l(printfa.o)
    0x080045ee   0x080045ee   0x00000016   Code   RO         5081    i._snputc           mc_w.l(printfa.o)
    0x08004604   0x08004604   0x0000000a   Code   RO         5082    i._sputc            mc_w.l(printfa.o)
    0x0800460e   0x0800460e   0x00000002   PAD
    0x08004610   0x08004610   0x00000010   Code   RO          829    i.buzzer_off        buzzer.o
    0x08004620   0x08004620   0x00000012   Code   RO         1258    i.calc_crc          flash_config.o
    0x08004632   0x08004632   0x00000002   PAD
    0x08004634   0x08004634   0x00000018   Code   RO          191    i.fputc             main.o
    0x0800464c   0x0800464c   0x00000054   Code   RO          762    i.hal_read_ch       sensor.o
    0x080046a0   0x080046a0   0x00000600   Code   RO          192    i.main              main.o
    0x08004ca0   0x08004ca0   0x0000005c   Code   RO          830    i.melody_update     buzzer.o
    0x08004cfc   0x08004cfc   0x00000014   Code   RO          886    i.spi_tx            w25q_spi.o
    0x08004d10   0x08004d10   0x00000020   Code   RO          887    i.spi_txrx          w25q_spi.o
    0x08004d30   0x08004d30   0x00000030   Code   RO          888    i.w25q_wait_busy    w25q_spi.o
    0x08004d60   0x08004d60   0x00000028   Code   RO          889    i.w25q_write_enable  w25q_spi.o
    0x08004d88   0x08004d88   0x00000028   Data   RO          193    .constdata          main.o
    0x08004db0   0x08004db0   0x0000001c   Data   RO          831    .constdata          buzzer.o
    0x08004dcc   0x08004dcc   0x000001db   Data   RO          973    .constdata          gfx_engine.o
    0x08004fa7   0x08004fa7   0x00000400   Data   RO         1096    .constdata          cat_fullscreen.o
    0x080053a7   0x080053a7   0x00000400   Data   RO         1097    .constdata          cat_fullscreen.o
    0x080057a7   0x080057a7   0x00000400   Data   RO         1098    .constdata          cat_fullscreen.o
    0x08005ba7   0x08005ba7   0x00000400   Data   RO         1099    .constdata          cat_fullscreen.o
    0x08005fa7   0x08005fa7   0x00000400   Data   RO         1100    .constdata          cat_fullscreen.o
    0x080063a7   0x080063a7   0x00000400   Data   RO         1101    .constdata          cat_fullscreen.o
    0x080067a7   0x080067a7   0x00000400   Data   RO         1126    .constdata          cat_anim1.o
    0x08006ba7   0x08006ba7   0x00000400   Data   RO         1127    .constdata          cat_anim1.o
    0x08006fa7   0x08006fa7   0x00000400   Data   RO         1128    .constdata          cat_anim1.o
    0x080073a7   0x080073a7   0x00000400   Data   RO         1129    .constdata          cat_anim1.o
    0x080077a7   0x080077a7   0x00000400   Data   RO         1154    .constdata          cat_anim2.o
    0x08007ba7   0x08007ba7   0x00000400   Data   RO         1155    .constdata          cat_anim2.o
    0x08007fa7   0x08007fa7   0x00000400   Data   RO         1156    .constdata          cat_anim2.o
    0x080083a7   0x080083a7   0x00000400   Data   RO         1157    .constdata          cat_anim2.o
    0x080087a7   0x080087a7   0x00000400   Data   RO         1158    .constdata          cat_anim2.o
    0x08008ba7   0x08008ba7   0x00000400   Data   RO         1159    .constdata          cat_anim2.o
    0x08008fa7   0x08008fa7   0x00000400   Data   RO         1160    .constdata          cat_anim2.o
    0x080093a7   0x080093a7   0x00000400   Data   RO         1161    .constdata          cat_anim2.o
    0x080097a7   0x080097a7   0x00000400   Data   RO         1162    .constdata          cat_anim2.o
    0x08009ba7   0x08009ba7   0x00000400   Data   RO         1163    .constdata          cat_anim2.o
    0x08009fa7   0x08009fa7   0x00000400   Data   RO         1164    .constdata          cat_anim2.o
    0x0800a3a7   0x0800a3a7   0x00000400   Data   RO         1189    .constdata          cat_sleep.o
    0x0800a7a7   0x0800a7a7   0x00000400   Data   RO         1190    .constdata          cat_sleep.o
    0x0800aba7   0x0800aba7   0x00000400   Data   RO         1191    .constdata          cat_sleep.o
    0x0800afa7   0x0800afa7   0x00000400   Data   RO         1192    .constdata          cat_sleep.o
    0x0800b3a7   0x0800b3a7   0x00000400   Data   RO         1193    .constdata          cat_sleep.o
    0x0800b7a7   0x0800b7a7   0x00000400   Data   RO         1194    .constdata          cat_sleep.o
    0x0800bba7   0x0800bba7   0x00000400   Data   RO         1195    .constdata          cat_sleep.o
    0x0800bfa7   0x0800bfa7   0x00000400   Data   RO         1196    .constdata          cat_sleep.o
    0x0800c3a7   0x0800c3a7   0x00000400   Data   RO         1197    .constdata          cat_sleep.o
    0x0800c7a7   0x0800c7a7   0x00000400   Data   RO         1198    .constdata          cat_sleep.o
    0x0800cba7   0x0800cba7   0x00000400   Data   RO         1199    .constdata          cat_sleep.o
    0x0800cfa7   0x0800cfa7   0x00000400   Data   RO         1200    .constdata          cat_sleep.o
    0x0800d3a7   0x0800d3a7   0x00000400   Data   RO         1225    .constdata          cat_hot.o
    0x0800d7a7   0x0800d7a7   0x00000400   Data   RO         1226    .constdata          cat_hot.o
    0x0800dba7   0x0800dba7   0x00000400   Data   RO         1227    .constdata          cat_hot.o
    0x0800dfa7   0x0800dfa7   0x00000400   Data   RO         1228    .constdata          cat_hot.o
    0x0800e3a7   0x0800e3a7   0x00000400   Data   RO         1229    .constdata          cat_hot.o
    0x0800e7a7   0x0800e7a7   0x00000400   Data   RO         1230    .constdata          cat_hot.o
    0x0800eba7   0x0800eba7   0x00000001   PAD
    0x0800eba8   0x0800eba8   0x00000018   Data   RO         1308    .constdata          hc05.o
    0x0800ebc0   0x0800ebc0   0x00000012   Data   RO         1903    .constdata          stm32f1xx_hal_rcc.o
    0x0800ebd2   0x0800ebd2   0x00000012   Data   RO         1995    .constdata          stm32f1xx_hal_rcc_ex.o
    0x0800ebe4   0x0800ebe4   0x00000010   Data   RO         4789    .constdata          system_stm32f1xx.o
    0x0800ebf4   0x0800ebf4   0x00000008   Data   RO         4790    .constdata          system_stm32f1xx.o
    0x0800ebfc   0x0800ebfc   0x0000004e   Data   RO          194    .conststring        main.o
    0x0800ec4a   0x0800ec4a   0x00000002   PAD
    0x0800ec4c   0x0800ec4c   0x00000045   Data   RO         1259    .conststring        flash_config.o
    0x0800ec91   0x0800ec91   0x00000003   PAD
    0x0800ec94   0x0800ec94   0x00000020   Data   RO         5136    Region$$Table       anon$$obj.o


    Execution Region RW_IRAM1 (Exec base: 0x20000000, Load base: 0x0800ecb4, Size: 0x00000b48, Max: 0x00005000, ABSOLUTE)

    Exec Addr    Load Addr    Size         Type   Attr      Idx    E Section Name        Object

    0x20000000   0x0800ecb4   0x00000018   Data   RW          195    .data               main.o
    0x20000018   0x0800eccc   0x00000012   Data   RW          763    .data               sensor.o
    0x2000002a   0x0800ecde   0x00000002   PAD
    0x2000002c   0x0800ece0   0x00000010   Data   RW          832    .data               buzzer.o
    0x2000003c   0x0800ecf0   0x00000001   Data   RW          890    .data               w25q_spi.o
    0x2000003d   0x0800ecf1   0x00000003   PAD
    0x20000040   0x0800ecf4   0x00000014   Data   RW         1051    .data               pet_fsm.o
    0x20000054   0x0800ed08   0x00000018   Data   RW         1102    .data               cat_fullscreen.o
    0x2000006c   0x0800ed20   0x00000010   Data   RW         1130    .data               cat_anim1.o
    0x2000007c   0x0800ed30   0x0000002c   Data   RW         1165    .data               cat_anim2.o
    0x200000a8   0x0800ed5c   0x00000030   Data   RW         1201    .data               cat_sleep.o
    0x200000d8   0x0800ed8c   0x00000018   Data   RW         1231    .data               cat_hot.o
    0x200000f0   0x0800eda4   0x00000001   Data   RW         1363    .data               esp8266.o
    0x200000f1   0x0800eda5   0x00000003   PAD
    0x200000f4   0x0800eda8   0x0000000c   Data   RW         1740    .data               stm32f1xx_hal.o
    0x20000100   0x0800edb4   0x00000004   Data   RW         4791    .data               system_stm32f1xx.o
    0x20000104   0x0800edb8   0x00000004   Data   RW         5112    .data               mc_w.l(stdout.o)
    0x20000108        -       0x00000400   Zero   RW           21    .bss                ssd1306_i2c.o
    0x20000508        -       0x00000030   Zero   RW          432    .bss                adc.o
    0x20000538        -       0x00000054   Zero   RW          474    .bss                i2c.o
    0x2000058c        -       0x00000058   Zero   RW          516    .bss                spi.o
    0x200005e4        -       0x00000048   Zero   RW          559    .bss                tim.o
    0x2000062c        -       0x000000d8   Zero   RW          608    .bss                usart.o
    0x20000704        -       0x00000040   Zero   RW         1362    .bss                esp8266.o
    0x20000744   0x0800edbc   0x00000004   PAD
    0x20000748        -       0x00000400   Zero   RW            1    STACK               startup_stm32f103xb.o


==============================================================================

Image component sizes


      Code (inc. data)   RO Data    RW Data    ZI Data      Debug   Object Name

       188         22          0          0         48       1569   adc.o
       276         40         28         16          0       3416   buzzer.o
         0          0       4096         16          0        715   cat_anim1.o
         0          0      11264         44          0       1091   cat_anim2.o
         0          0       6144         24          0        826   cat_fullscreen.o
         0          0       6144         24          0        787   cat_hot.o
         0          0      12288         48          0       1141   cat_sleep.o
       428        176          0          1         64       2778   esp8266.o
       510        242         69          0          0       2694   flash_config.o
       288          4        475          0          0       3724   gfx_engine.o
       128          8          0          0          0        915   gpio.o
       932        436         24          0          0       3328   hc05.o
       156         26          0          0         84       1529   i2c.o
      1684        620        118         24          0     423952   main.o
       392         34          0         20          0       2912   pet_fsm.o
       344        102          0         18          0       4092   sensor.o
       184         24          0          0         88       1553   spi.o
       366         28          0          0       1024     458449   ssd1306_i2c.o
        36          8        236          0       1024        784   startup_stm32f103xb.o
       164         28          0         12          0       5681   stm32f1xx_hal.o
      1312         54          0          0          0       6343   stm32f1xx_hal_adc.o
       172         14          0          0          0      27882   stm32f1xx_hal_cortex.o
       506         34          0          0          0       3025   stm32f1xx_hal_gpio.o
      1398         32          0          0          0       7861   stm32f1xx_hal_i2c.o
        60          8          0          0          0        838   stm32f1xx_hal_msp.o
      1240         84         18          0          0       4740   stm32f1xx_hal_rcc.o
       400         28         18          0          0       2245   stm32f1xx_hal_rcc_ex.o
      1268          4          0          0          0       4760   stm32f1xx_hal_spi.o
      1156         32          0          0          0       9832   stm32f1xx_hal_tim.o
       104         12          0          0          0       1264   stm32f1xx_hal_tim_ex.o
       636          6          0          0          0       4004   stm32f1xx_hal_uart.o
        20          0          0          0          0       3698   stm32f1xx_it.o
         2          0         24          4          0       1059   system_stm32f1xx.o
       200         12          0          0         72       1660   tim.o
       452         50          0          0        216       2844   usart.o
       724        156          0          1          0       5498   w25q_spi.o

    ----------------------------------------------------------------------
     15756       2324      40984        260       2624    1009489   Object Totals
         0          0         32          0          0          0   (incl. Generated)
        30          0          6          8          4          0   (incl. Padding)

    ----------------------------------------------------------------------

      Code (inc. data)   RO Data    RW Data    ZI Data      Debug   Library Member Name

         0          0          0          0          0          0   entry.o
         0          0          0          0          0          0   entry10a.o
         0          0          0          0          0          0   entry11a.o
         8          4          0          0          0          0   entry2.o
         4          0          0          0          0          0   entry5.o
         0          0          0          0          0          0   entry7b.o
         0          0          0          0          0          0   entry8b.o
         8          4          0          0          0          0   entry9a.o
        30          0          0          0          0          0   handlers.o
        36          8          0          0          0         68   init.o
         0          0          0          0          0          0   iusefp.o
        30          0          0          0          0         68   llshl.o
        36          0          0          0          0         68   llsshr.o
        32          0          0          0          0         68   llushr.o
        36          0          0          0          0         68   memcpya.o
        36          0          0          0          0        108   memseta.o
      2330        100          0          0          0        740   printfa.o
         0          0          0          4          0          0   stdout.o
        28          0          0          0          0         76   strcmp.o
        30          0          0          0          0         80   strncmp.o
        44          0          0          0          0         80   uidiv.o
        98          0          0          0          0         92   uldiv.o
        48          0          0          0          0         68   cdrcmple.o
       334          0          0          0          0        148   dadd.o
       222          0          0          0          0        100   ddiv.o
       186          0          0          0          0        176   depilogue.o
        48          0          0          0          0         68   dfixul.o
       228          0          0          0          0         96   dmul.o

    ----------------------------------------------------------------------
      3856        116          0          4          0       2172   Library Totals
         4          0          0          0          0          0   (incl. Padding)

    ----------------------------------------------------------------------

      Code (inc. data)   RO Data    RW Data    ZI Data      Debug   Library Name

      2786        116          0          4          0       1516   mc_w.l
      1066          0          0          0          0        656   mf_w.l

    ----------------------------------------------------------------------
      3856        116          0          4          0       2172   Library Totals

    ----------------------------------------------------------------------

==============================================================================


      Code (inc. data)   RO Data    RW Data    ZI Data      Debug   

     19612       2440      40984        264       2624    1003649   Grand Totals
     19612       2440      40984        264       2624    1003649   ELF Image Totals
     19612       2440      40984        264          0          0   ROM Totals

==============================================================================

    Total RO  Size (Code + RO Data)                60596 (  59.18kB)
    Total RW  Size (RW Data + ZI Data)              2888 (   2.82kB)
    Total ROM Size (Code + RO Data + RW Data)      60860 (  59.43kB)

==============================================================================

